[timing] install-primitives 0 ms
[timing] load-kernel 55 ms
[timing] load-cached-runtime 307 ms
[timing] load-install-scm 2254 ms
[timing] expansion-helpers 6 ms
[timing] native-scheme-surface 62 ms
[timing] standard-library 561 ms
[timing] post-standard-collection 4 ms
[timing] mode-imports 924 ms
[timing] load-source-reader 87 ms
[timing] load-native-writer 2 ms
[timing] boot total 4266 ms
[timing] install-fork-runner 0 ms
[timing] compile-cache-lookup 1 ms
[timing] compile-read-source 182 ms
[timing] compile-expand 8746 ms
[timing] optimize-load-compiler 3221 ms
[timing] optimize-load-tree-il 217 ms
[timing] optimize-run-passes 9882 ms
[timing] compile-optimize 13322 ms
[timing] compile-cache-write 1431 ms
[timing] user-file 25254 ms
