[timing] install-primitives 0 ms
[timing] load-kernel 53 ms
[timing] load-cached-runtime 311 ms
[timing] load-install-scm 2286 ms
[timing] expansion-helpers 5 ms
[timing] native-scheme-surface 88 ms
[timing] standard-library 544 ms
[timing] post-standard-collection 3 ms
[timing] mode-imports 944 ms
[timing] load-source-reader 94 ms
[timing] load-native-writer 2 ms
[timing] boot total 4336 ms
[timing] install-fork-runner 0 ms
[timing] compile-cache-lookup 1 ms
[timing] compile-read-source 188 ms
[timing] compile-expand 8792 ms
[timing] optimize-load-compiler 3380 ms
[timing] optimize-load-tree-il 224 ms
[timing] optimize-run-passes 9765 ms
[timing] compile-optimize 13371 ms
[timing] compile-cache-write 623 ms
[timing] user-file 24511 ms
