[timing] install-primitives 0 ms
[timing] load-kernel 54 ms
[timing] load-cached-runtime 334 ms
[timing] load-install-scm 2243 ms
[timing] expansion-helpers 6 ms
[timing] native-scheme-surface 88 ms
[timing] standard-library 552 ms
[timing] post-standard-collection 4 ms
[timing] mode-imports 929 ms
[timing] load-source-reader 93 ms
[timing] load-native-writer 2 ms
[timing] boot total 4309 ms
[timing] install-fork-runner 0 ms
[timing] compile-cache-lookup 0 ms
[timing] compile-read-source 188 ms
[timing] compile-expand 8773 ms
[timing] optimize-load-compiler 3180 ms
[timing] optimize-load-tree-il 212 ms
[timing] optimize-run-passes 9790 ms
[timing] compile-optimize 13183 ms
[timing] compile-cache-write 619 ms
[timing] user-file 24337 ms
