[timing] install-primitives 0 ms
[timing] load-kernel 51 ms
[timing] load-cached-runtime 331 ms
[timing] load-install-scm 2304 ms
[timing] expansion-helpers 6 ms
[timing] native-scheme-surface 88 ms
[timing] standard-library 543 ms
[timing] post-standard-collection 4 ms
[timing] mode-imports 933 ms
[timing] load-source-reader 89 ms
[timing] load-native-writer 3 ms
[timing] boot total 4355 ms
[timing] install-fork-runner 0 ms
[timing] compile-cache-lookup 1 ms
[timing] compile-read-source 193 ms
[timing] compile-expand 8855 ms
[timing] optimize-load-compiler 3208 ms
[timing] optimize-load-tree-il 218 ms
[timing] optimize-run-passes 9845 ms
[timing] compile-optimize 13272 ms
[timing] compile-cache-write 603 ms
[timing] user-file 24494 ms
