[timing] install-primitives 0 ms
[timing] load-kernel 53 ms
[timing] load-cached-runtime 301 ms
[timing] load-install-scm 2263 ms
[timing] expansion-helpers 6 ms
[timing] native-scheme-surface 61 ms
[timing] standard-library 548 ms
[timing] post-standard-collection 4 ms
[timing] mode-imports 931 ms
[timing] load-source-reader 85 ms
[timing] load-native-writer 2 ms
[timing] boot total 4257 ms
[timing] install-fork-runner 0 ms
[timing] compile-cache-lookup 0 ms
[timing] compile-read-source 185 ms
[timing] compile-expand 8928 ms
[timing] optimize-load-compiler 3265 ms
[timing] optimize-load-tree-il 223 ms
[timing] optimize-run-passes 9824 ms
[timing] compile-optimize 13314 ms
[timing] compile-cache-write 1431 ms
[timing] user-file 25386 ms
