[timing] install-primitives 0 ms
[timing] load-kernel 53 ms
[timing] load-cached-runtime 305 ms
[timing] load-install-scm 2295 ms
[timing] expansion-helpers 7 ms
[timing] native-scheme-surface 66 ms
[timing] standard-library 550 ms
[timing] post-standard-collection 3 ms
[timing] mode-imports 936 ms
[timing] load-source-reader 85 ms
[timing] load-native-writer 2 ms
[timing] boot total 4307 ms
[timing] install-fork-runner 0 ms
[timing] compile-cache-lookup 0 ms
[timing] compile-read-source 200 ms
[timing] compile-expand 8740 ms
[timing] optimize-load-compiler 3287 ms
[timing] optimize-load-tree-il 221 ms
[timing] optimize-run-passes 10023 ms
[timing] compile-optimize 13532 ms
[timing] compile-cache-write 1374 ms
[timing] user-file 25409 ms
