[timing] install-primitives 0 ms
[timing] load-kernel 52 ms
[timing] load-cached-runtime 296 ms
[timing] load-install-scm 2326 ms
[timing] expansion-helpers 6 ms
[timing] native-scheme-surface 61 ms
[timing] standard-library 542 ms
[timing] post-standard-collection 5 ms
[timing] mode-imports 916 ms
[timing] load-source-reader 76 ms
[timing] load-native-writer 2 ms
[timing] boot total 4288 ms
[timing] install-fork-runner 0 ms
[timing] compile-cache-lookup 0 ms
[timing] compile-read-source 0 ms
[timing] compile-expand 4 ms
[timing] optimize-load-compiler 2934 ms
[timing] optimize-load-tree-il 203 ms
[timing] optimize-run-passes 3 ms
[timing] compile-optimize 3141 ms
[timing] compile-cache-write 3 ms
[timing] user-file 3148 ms
