[timing] install-primitives 0 ms
[timing] load-kernel 53 ms
native cache unavailable: native bootstrap cache not found under bench/cold-start/results-optimized-46a5f649/caches/cold-minimal-1/vc88589252cdb
[timing] load-cached-runtime 7 ms
[timing] cold-source-bootstrap 289 ms
[timing] load-install-scm 10417 ms
[timing] expansion-helpers 8 ms
[timing] native-scheme-surface 2918 ms
[timing] standard-library 846 ms
[timing] post-standard-collection 5 ms
[timing] mode-imports 11807 ms
[timing] load-source-reader 9644 ms
[timing] load-native-writer 51 ms
[timing] boot total 36050 ms
[timing] install-fork-runner 0 ms
[timing] compile-cache-lookup 0 ms
[timing] compile-read-source 1 ms
[timing] compile-expand 4 ms
[timing] optimize-load-compiler 30852 ms
[timing] optimize-load-tree-il 3555 ms
[timing] optimize-run-passes 3 ms
[timing] compile-optimize 34410 ms
[timing] compile-cache-write 3 ms
[timing] user-file 34418 ms
