[timing] install-primitives 0 ms
[timing] load-kernel 53 ms
[timing] load-cached-runtime 308 ms
[timing] load-install-scm 2295 ms
[timing] expansion-helpers 6 ms
[timing] native-scheme-surface 86 ms
[timing] standard-library 544 ms
[timing] post-standard-collection 3 ms
[timing] mode-imports 957 ms
[timing] load-source-reader 86 ms
[timing] load-native-writer 2 ms
[timing] boot total 4346 ms
[timing] install-fork-runner 0 ms
[timing] compile-cache-lookup 1 ms
[timing] compile-read-source 1 ms
[timing] compile-expand 5 ms
[timing] optimize-load-compiler 3038 ms
[timing] optimize-load-tree-il 223 ms
[timing] optimize-run-passes 2 ms
[timing] compile-optimize 3265 ms
[timing] compile-cache-write 1 ms
[timing] user-file 3273 ms
