[timing] install-primitives 0 ms
[timing] load-kernel 53 ms
native cache unavailable: native bootstrap cache not found under bench/cold-start/results-optimized-46a5f649/caches/cold-minimal-3/vc88589252cdb
[timing] load-cached-runtime 8 ms
[timing] cold-source-bootstrap 300 ms
[timing] load-install-scm 10610 ms
[timing] expansion-helpers 8 ms
[timing] native-scheme-surface 3051 ms
[timing] standard-library 903 ms
[timing] post-standard-collection 5 ms
[timing] mode-imports 11865 ms
[timing] load-source-reader 9894 ms
[timing] load-native-writer 50 ms
[timing] boot total 36753 ms
[timing] install-fork-runner 0 ms
[timing] compile-cache-lookup 0 ms
[timing] compile-read-source 1 ms
[timing] compile-expand 4 ms
[timing] optimize-load-compiler 30893 ms
[timing] optimize-load-tree-il 3587 ms
[timing] optimize-run-passes 3 ms
[timing] compile-optimize 34484 ms
[timing] compile-cache-write 3 ms
[timing] user-file 34492 ms
