[timing] install-primitives 0 ms
[timing] load-kernel 55 ms
[timing] load-cached-runtime 297 ms
[timing] load-install-scm 2250 ms
[timing] expansion-helpers 5 ms
[timing] native-scheme-surface 61 ms
[timing] standard-library 548 ms
[timing] post-standard-collection 3 ms
[timing] mode-imports 915 ms
[timing] load-source-reader 81 ms
[timing] load-native-writer 2 ms
[timing] boot total 4224 ms
[timing] install-fork-runner 0 ms
[timing] compile-cache-lookup 1 ms
[timing] compile-read-source 0 ms
[timing] compile-expand 4 ms
[timing] optimize-load-compiler 2944 ms
[timing] optimize-load-tree-il 200 ms
[timing] optimize-run-passes 2 ms
[timing] compile-optimize 3147 ms
[timing] compile-cache-write 3 ms
[timing] user-file 3155 ms
