[timing] install-primitives 0 ms
[timing] load-kernel 53 ms
[timing] load-cached-runtime 325 ms
[timing] load-install-scm 2290 ms
[timing] expansion-helpers 5 ms
[timing] native-scheme-surface 87 ms
[timing] standard-library 544 ms
[timing] post-standard-collection 3 ms
[timing] mode-imports 929 ms
[timing] load-source-reader 87 ms
[timing] load-native-writer 3 ms
[timing] boot total 4330 ms
[timing] install-fork-runner 0 ms
[timing] compile-cache-lookup 1 ms
[timing] compile-read-source 0 ms
[timing] compile-expand 4 ms
[timing] optimize-load-compiler 2987 ms
[timing] optimize-load-tree-il 219 ms
[timing] optimize-run-passes 2 ms
[timing] compile-optimize 3209 ms
[timing] compile-cache-write 1 ms
[timing] user-file 3215 ms
