[timing] install-primitives 0 ms
[timing] load-kernel 56 ms
[timing] load-cached-runtime 304 ms
[timing] load-install-scm 2256 ms
[timing] expansion-helpers 5 ms
[timing] native-scheme-surface 61 ms
[timing] standard-library 554 ms
[timing] post-standard-collection 4 ms
[timing] mode-imports 927 ms
[timing] load-source-reader 85 ms
[timing] load-native-writer 2 ms
[timing] boot total 4259 ms
[timing] install-fork-runner 0 ms
[timing] compile-cache-lookup 0 ms
[timing] compile-read-source 1 ms
[timing] compile-expand 3 ms
[timing] optimize-load-compiler 3085 ms
[timing] optimize-load-tree-il 206 ms
[timing] optimize-run-passes 2 ms
[timing] compile-optimize 3295 ms
[timing] compile-cache-write 3 ms
[timing] user-file 3302 ms
