[timing] install-primitives 0 ms
[timing] load-kernel 54 ms
[timing] load-cached-runtime 304 ms
[timing] load-install-scm 2238 ms
[timing] expansion-helpers 5 ms
[timing] native-scheme-surface 85 ms
[timing] standard-library 546 ms
[timing] post-standard-collection 3 ms
[timing] mode-imports 939 ms
[timing] load-source-reader 89 ms
[timing] load-native-writer 2 ms
[timing] boot total 4271 ms
[timing] install-fork-runner 0 ms
[timing] compile-cache-lookup 1 ms
[timing] compile-read-source 0 ms
[timing] compile-expand 4 ms
[timing] optimize-load-compiler 3013 ms
[timing] optimize-load-tree-il 205 ms
[timing] optimize-run-passes 3 ms
[timing] compile-optimize 3222 ms
[timing] compile-cache-write 0 ms
[timing] user-file 3227 ms
