[timing] install-primitives 0 ms
[timing] load-kernel 53 ms
[timing] load-cached-runtime 295 ms
[timing] load-install-scm 2311 ms
[timing] expansion-helpers 6 ms
[timing] native-scheme-surface 62 ms
[timing] standard-library 550 ms
[timing] post-standard-collection 3 ms
[timing] mode-imports 937 ms
[timing] load-source-reader 85 ms
[timing] load-native-writer 2 ms
[timing] boot total 4309 ms
[timing] install-fork-runner 0 ms
[timing] compile-cache-lookup 0 ms
[timing] compile-read-source 3 ms
[timing] compile-expand 353 ms
[timing] optimize-load-compiler 2964 ms
[timing] optimize-load-tree-il 203 ms
[timing] optimize-run-passes 670 ms
[timing] compile-optimize 3839 ms
[timing] compile-cache-write 885 ms
[timing] user-file 5112 ms
