[timing] install-primitives 0 ms
[timing] load-kernel 52 ms
[timing] load-cached-runtime 329 ms
[timing] load-install-scm 2297 ms
[timing] expansion-helpers 6 ms
[timing] native-scheme-surface 86 ms
[timing] standard-library 556 ms
[timing] post-standard-collection 3 ms
[timing] mode-imports 952 ms
[timing] load-source-reader 92 ms
[timing] load-native-writer 2 ms
[timing] boot total 4382 ms
[timing] install-fork-runner 0 ms
[timing] compile-cache-lookup 1 ms
[timing] compile-read-source 3 ms
[timing] compile-expand 377 ms
[timing] optimize-load-compiler 3079 ms
[timing] optimize-load-tree-il 209 ms
[timing] optimize-run-passes 678 ms
[timing] compile-optimize 3967 ms
[timing] compile-cache-write 862 ms
[timing] user-file 5242 ms
