[timing] install-primitives 0 ms
[timing] load-kernel 54 ms
native cache unavailable: native bootstrap cache not found under bench/cold-start/results-optimized-46a5f649/caches/cold-small-real-3/vc88589252cdb
[timing] load-cached-runtime 7 ms
[timing] cold-source-bootstrap 299 ms
[timing] load-install-scm 10529 ms
[timing] expansion-helpers 7 ms
[timing] native-scheme-surface 2954 ms
[timing] standard-library 852 ms
[timing] post-standard-collection 5 ms
[timing] mode-imports 11753 ms
[timing] load-source-reader 9411 ms
[timing] load-native-writer 49 ms
[timing] boot total 35924 ms
[timing] install-fork-runner 0 ms
[timing] compile-cache-lookup 1 ms
[timing] compile-read-source 3 ms
[timing] compile-expand 339 ms
[timing] optimize-load-compiler 30561 ms
[timing] optimize-load-tree-il 3543 ms
[timing] optimize-run-passes 670 ms
[timing] compile-optimize 34776 ms
[timing] compile-cache-write 888 ms
[timing] user-file 36040 ms
