[timing] install-primitives 0 ms
[timing] load-kernel 54 ms
[timing] load-cached-runtime 297 ms
[timing] load-install-scm 2247 ms
[timing] expansion-helpers 6 ms
[timing] native-scheme-surface 61 ms
[timing] standard-library 535 ms
[timing] post-standard-collection 3 ms
[timing] mode-imports 924 ms
[timing] load-source-reader 83 ms
[timing] load-native-writer 2 ms
[timing] boot total 4216 ms
[timing] install-fork-runner 0 ms
[timing] compile-cache-lookup 1 ms
[timing] compile-read-source 2 ms
[timing] compile-expand 358 ms
[timing] optimize-load-compiler 2958 ms
[timing] optimize-load-tree-il 201 ms
[timing] optimize-run-passes 678 ms
[timing] compile-optimize 3839 ms
[timing] compile-cache-write 882 ms
[timing] user-file 5115 ms
