[timing] install-primitives 0 ms
[timing] load-kernel 51 ms
[timing] load-cached-runtime 296 ms
[timing] load-install-scm 2237 ms
[timing] expansion-helpers 5 ms
[timing] native-scheme-surface 64 ms
[timing] standard-library 540 ms
[timing] post-standard-collection 3 ms
[timing] mode-imports 928 ms
[timing] load-source-reader 85 ms
[timing] load-native-writer 2 ms
[timing] boot total 4217 ms
[timing] install-fork-runner 0 ms
[timing] compile-cache-lookup 1 ms
[timing] compile-read-source 2 ms
[timing] compile-expand 361 ms
[timing] optimize-load-compiler 3165 ms
[timing] optimize-load-tree-il 228 ms
[timing] optimize-run-passes 698 ms
[timing] compile-optimize 4093 ms
[timing] compile-cache-write 909 ms
[timing] user-file 5400 ms
