[timing] install-primitives 0 ms
[timing] load-kernel 55 ms
[timing] load-cached-runtime 298 ms
[timing] load-install-scm 2279 ms
[timing] expansion-helpers 5 ms
[timing] native-scheme-surface 61 ms
[timing] standard-library 545 ms
[timing] post-standard-collection 3 ms
[timing] mode-imports 925 ms
[timing] load-source-reader 83 ms
[timing] load-native-writer 2 ms
[timing] boot total 4262 ms
[timing] install-fork-runner 0 ms
[timing] compile-cache-lookup 1 ms
[timing] compile-read-source 3 ms
[timing] compile-expand 350 ms
[timing] optimize-load-compiler 2954 ms
[timing] optimize-load-tree-il 200 ms
[timing] optimize-run-passes 696 ms
[timing] compile-optimize 3852 ms
[timing] compile-cache-write 900 ms
[timing] user-file 5137 ms
