[timing] install-primitives 0 ms
[timing] load-kernel 52 ms
[timing] load-cached-runtime 318 ms
[timing] load-install-scm 2219 ms
[timing] expansion-helpers 5 ms
[timing] native-scheme-surface 67 ms
[timing] standard-library 553 ms
[timing] post-standard-collection 5 ms
[timing] mode-imports 927 ms
[timing] load-source-reader 93 ms
[timing] load-native-writer 2 ms
[timing] boot total 4246 ms
[timing] install-fork-runner 0 ms
[timing] compile-cache-lookup 1 ms
[timing] compile-read-source 3 ms
[timing] compile-expand 348 ms
[timing] optimize-load-compiler 3017 ms
[timing] optimize-load-tree-il 209 ms
[timing] optimize-run-passes 683 ms
[timing] compile-optimize 3911 ms
[timing] compile-cache-write 862 ms
[timing] user-file 5155 ms
