[timing] install-primitives 0 ms
[timing] load-kernel 34 ms
[timing] load-cached-runtime 223 ms
[timing] gfo-seed 481 ms
[timing] load-install-scm 23 ms
[timing] load-install-boot 120 ms
[timing] expansion-helpers 4 ms
[timing] native-scheme-surface 71 ms
[timing] standard-library 328 ms
[timing] post-standard-collection 3 ms
[timing] (lib-load (scheme write)) 6 ms
[timing] (lib-load (scheme read)) 6 ms
[timing] (lib-load (scheme file)) 7 ms
[timing] (lib-load (scheme process-context)) 10 ms
[timing] (lib-load (scheme time)) 15 ms
[timing] (lib-load (srfi srfi-2)) 17 ms
[timing] (lib-load (srfi srfi-8)) 10 ms
[timing] (lib-load (liii base)) 44 ms
[timing] (lib-load (srfi srfi-175)) 25 ms
[timing] (lib-load (liii ascii)) 53 ms
[timing] (lib-load (srfi srfi-151)) 36 ms
[timing] (lib-load (liii error)) 10 ms
[timing] (lib-load (liii bitwise)) 83 ms
[timing] (lib-load (liii unicode)) 288 ms
[timing] (lib-load (scheme char)) 328 ms
[timing] (lib-load (scheme complex)) 9 ms
[timing] (lib-load (scheme cxr)) 7 ms
[timing] (lib-load (scheme eval)) 10 ms
[timing] mode-imports 525 ms
[timing] load-source-reader 86 ms
[timing] load-native-writer 2 ms
[timing] boot total 1907 ms
[timing] install-fork-runner 0 ms
[timing] compile-cache-lookup 0 ms
[timing] compile-read-source 176 ms
[timing] compile-expand 8509 ms
[timing] (lib-load (goldfish core ir)) 74 ms
[timing] (lib-load (goldfish match expansion)) 69 ms
[timing] (lib-load (goldfish match)) 143 ms
[timing] (lib-load (goldfish compiler patterns)) 196 ms
[timing] (lib-load (goldfish compiler passes)) 106 ms
[timing] (lib-load (goldfish compiler)) 1046 ms
[timing] optimize-load-compiler 1046 ms
[timing] (lib-load (goldfish expander tree-il)) 39 ms
[timing] optimize-load-tree-il 40 ms
[timing] optimize-run-passes 9505 ms
[timing] compile-optimize 10592 ms
[timing] compile-cache-write 571 ms
[timing] user-file 21549 ms
