[timing] install-primitives 0 ms
[timing] load-kernel 33 ms
native cache unavailable: native bootstrap cache not found under /tmp/bench-2c-base/caches/bootstrap/va2e552b8c326
[timing] load-cached-runtime 8 ms
[timing] cold-source-bootstrap 305 ms
[timing] gfo-seed 527 ms
[timing] load-install-scm 3891 ms
[timing] load-install-boot 8301 ms
[timing] expansion-helpers 6 ms
[timing] native-scheme-surface 3018 ms
[timing] standard-library 893 ms
[timing] post-standard-collection 5 ms
[timing] (lib-load (scheme base)) 2108 ms
[timing] (lib-load (scheme write)) 10 ms
[timing] (lib-load (scheme read)) 9 ms
[timing] (lib-load (scheme file)) 16 ms
[timing] (lib-load (scheme process-context)) 19 ms
[timing] (lib-load (scheme time)) 38 ms
[timing] (lib-load (srfi srfi-2)) 202 ms
[timing] (lib-load (srfi srfi-8)) 61 ms
[timing] (lib-load (liii base)) 464 ms
[timing] (lib-load (srfi srfi-175)) 1019 ms
[timing] (lib-load (liii ascii)) 1112 ms
[timing] (lib-load (srfi srfi-151)) 707 ms
[timing] (lib-load (liii error)) 65 ms
[timing] (lib-load (liii bitwise)) 875 ms
[timing] (lib-load (liii unicode)) 7631 ms
[timing] (lib-load (scheme char)) 8403 ms
[timing] (lib-load (scheme complex)) 28 ms
[timing] (lib-load (scheme cxr)) 17 ms
[timing] (lib-load (scheme eval)) 212 ms
[timing] (lib-load (scheme case-lambda)) 54 ms
[timing] mode-imports 11182 ms
[timing] load-source-reader 9820 ms
[timing] load-native-writer 45 ms
[timing] boot total 38041 ms
[timing] install-fork-runner 0 ms
[timing] compile-cache-lookup 0 ms
[timing] compile-read-source 170 ms
[timing] compile-expand 8256 ms
[timing] (lib-load (goldfish core ir)) 3478 ms
[timing] (lib-load (goldfish match expansion)) 8407 ms
[timing] (lib-load (goldfish match)) 12711 ms
[timing] (lib-load (goldfish compiler patterns)) 13793 ms
[timing] (lib-load (goldfish compiler passes)) 8880 ms
[timing] (lib-load (goldfish compiler)) 28169 ms
[timing] optimize-load-compiler 28169 ms
[timing] (lib-load (goldfish expander tree-il)) 3331 ms
[timing] optimize-load-tree-il 3332 ms
[timing] optimize-run-passes 9178 ms
[timing] compile-optimize 40681 ms
[timing] compile-cache-write 1328 ms
[timing] user-file 52102 ms
