[timing] install-primitives 0 ms
[timing] load-kernel 37 ms
[timing] load-cached-runtime 222 ms
[timing] gfo-seed 480 ms
[timing] load-install-scm 24 ms
[timing] load-install-boot 122 ms
[timing] expansion-helpers 4 ms
[timing] native-scheme-surface 71 ms
[timing] standard-library 326 ms
[timing] post-standard-collection 3 ms
[timing] (lib-load (scheme write)) 6 ms
[timing] (lib-load (scheme read)) 6 ms
[timing] (lib-load (scheme file)) 8 ms
[timing] (lib-load (scheme process-context)) 11 ms
[timing] (lib-load (scheme time)) 14 ms
[timing] (lib-load (srfi srfi-2)) 17 ms
[timing] (lib-load (srfi srfi-8)) 9 ms
[timing] (lib-load (liii base)) 42 ms
[timing] (lib-load (srfi srfi-175)) 24 ms
[timing] (lib-load (liii ascii)) 53 ms
[timing] (lib-load (srfi srfi-151)) 36 ms
[timing] (lib-load (liii error)) 9 ms
[timing] (lib-load (liii bitwise)) 81 ms
[timing] (lib-load (liii unicode)) 281 ms
[timing] (lib-load (scheme char)) 322 ms
[timing] (lib-load (scheme complex)) 9 ms
[timing] (lib-load (scheme cxr)) 8 ms
[timing] (lib-load (scheme eval)) 11 ms
[timing] mode-imports 524 ms
[timing] load-source-reader 85 ms
[timing] load-native-writer 2 ms
[timing] boot total 1905 ms
[timing] install-fork-runner 0 ms
[timing] compile-cache-lookup 1 ms
[timing] compile-read-source 179 ms
[timing] compile-expand 8650 ms
[timing] (lib-load (goldfish core ir)) 79 ms
[timing] (lib-load (goldfish match expansion)) 70 ms
[timing] (lib-load (goldfish match)) 152 ms
[timing] (lib-load (goldfish compiler patterns)) 198 ms
[timing] (lib-load (goldfish compiler passes)) 102 ms
[timing] (lib-load (goldfish compiler)) 1058 ms
[timing] optimize-load-compiler 1058 ms
[timing] (lib-load (goldfish expander tree-il)) 50 ms
[timing] optimize-load-tree-il 50 ms
[timing] optimize-run-passes 9426 ms
[timing] compile-optimize 10537 ms
[timing] compile-cache-write 573 ms
[timing] user-file 21579 ms
