[timing] install-primitives 0 ms
[timing] load-kernel 36 ms
[timing] load-cached-runtime 225 ms
[timing] gfo-seed 480 ms
[timing] load-install-scm 23 ms
[timing] load-install-boot 125 ms
[timing] expansion-helpers 3 ms
[timing] native-scheme-surface 69 ms
[timing] standard-library 334 ms
[timing] post-standard-collection 3 ms
[timing] (lib-load (scheme write)) 6 ms
[timing] (lib-load (scheme read)) 5 ms
[timing] (lib-load (scheme file)) 7 ms
[timing] (lib-load (scheme process-context)) 7 ms
[timing] (lib-load (scheme time)) 15 ms
[timing] (lib-load (srfi srfi-2)) 16 ms
[timing] (lib-load (srfi srfi-8)) 9 ms
[timing] (lib-load (liii base)) 44 ms
[timing] (lib-load (srfi srfi-175)) 24 ms
[timing] (lib-load (liii ascii)) 51 ms
[timing] (lib-load (srfi srfi-151)) 40 ms
[timing] (lib-load (liii error)) 10 ms
[timing] (lib-load (liii bitwise)) 82 ms
[timing] (lib-load (liii unicode)) 290 ms
[timing] (lib-load (scheme char)) 326 ms
[timing] (lib-load (scheme complex)) 9 ms
[timing] (lib-load (scheme cxr)) 8 ms
[timing] (lib-load (scheme eval)) 14 ms
[timing] mode-imports 529 ms
[timing] load-source-reader 87 ms
[timing] load-native-writer 2 ms
[timing] boot total 1922 ms
[timing] install-fork-runner 0 ms
[timing] compile-cache-lookup 0 ms
[timing] compile-read-source 177 ms
[timing] compile-expand 8821 ms
[timing] (lib-load (goldfish core ir)) 68 ms
[timing] (lib-load (goldfish match expansion)) 78 ms
[timing] (lib-load (goldfish match)) 149 ms
[timing] (lib-load (goldfish compiler patterns)) 191 ms
[timing] (lib-load (goldfish compiler passes)) 116 ms
[timing] (lib-load (goldfish compiler)) 1068 ms
[timing] optimize-load-compiler 1068 ms
[timing] (lib-load (goldfish expander tree-il)) 34 ms
[timing] optimize-load-tree-il 34 ms
[timing] optimize-run-passes 9475 ms
[timing] compile-optimize 10580 ms
[timing] compile-cache-write 583 ms
[timing] user-file 21805 ms
