[timing] install-primitives 0 ms
[timing] load-kernel 34 ms
[timing] load-cached-runtime 201 ms
[timing] load-install-scm 2044 ms
[timing] expansion-helpers 4 ms
[timing] native-scheme-surface 50 ms
[timing] standard-library 298 ms
[timing] post-standard-collection 3 ms
[timing] (lib-load (scheme write)) 6 ms
[timing] (lib-load (scheme read)) 5 ms
[timing] (lib-load (scheme file)) 7 ms
[timing] (lib-load (scheme process-context)) 6 ms
[timing] (lib-load (scheme time)) 8 ms
[timing] (lib-load (srfi srfi-2)) 13 ms
[timing] (lib-load (srfi srfi-8)) 11 ms
[timing] (lib-load (liii base)) 37 ms
[timing] (lib-load (srfi srfi-175)) 19 ms
[timing] (lib-load (liii ascii)) 43 ms
[timing] (lib-load (srfi srfi-151)) 33 ms
[timing] (lib-load (liii error)) 7 ms
[timing] (lib-load (liii bitwise)) 68 ms
[timing] (lib-load (liii unicode)) 240 ms
[timing] (lib-load (scheme char)) 277 ms
[timing] (lib-load (scheme complex)) 8 ms
[timing] (lib-load (scheme cxr)) 7 ms
[timing] (lib-load (scheme eval)) 9 ms
[timing] mode-imports 450 ms
[timing] load-source-reader 69 ms
[timing] load-native-writer 1 ms
[timing] boot total 3158 ms
[timing] install-fork-runner 0 ms
[timing] compile-cache-lookup 0 ms
[timing] compile-read-source 0 ms
[timing] compile-expand 2 ms
[timing] (lib-load (goldfish core ir)) 54 ms
[timing] (lib-load (goldfish match expansion)) 56 ms
[timing] (lib-load (goldfish match)) 119 ms
[timing] (lib-load (goldfish compiler patterns)) 163 ms
[timing] (lib-load (goldfish compiler passes)) 85 ms
[timing] (lib-load (goldfish compiler)) 909 ms
[timing] optimize-load-compiler 909 ms
[timing] (lib-load (goldfish expander tree-il)) 29 ms
[timing] optimize-load-tree-il 29 ms
[timing] optimize-run-passes 2 ms
[timing] compile-optimize 942 ms
[timing] compile-cache-write 3 ms
[timing] user-file 947 ms
