[timing] install-primitives 0 ms
[timing] load-kernel 31 ms
native cache unavailable: native bootstrap cache not found under /tmp/bench-2c-base/caches/cold-minimal-3/v0e17aa3f9a8c
[timing] load-cached-runtime 7 ms
[timing] cold-source-bootstrap 285 ms
[timing] load-install-scm 9948 ms
[timing] expansion-helpers 6 ms
[timing] native-scheme-surface 2925 ms
[timing] standard-library 859 ms
[timing] post-standard-collection 4 ms
[timing] (lib-load (scheme base)) 1946 ms
[timing] (lib-load (scheme write)) 10 ms
[timing] (lib-load (scheme read)) 8 ms
[timing] (lib-load (scheme file)) 15 ms
[timing] (lib-load (scheme process-context)) 17 ms
[timing] (lib-load (scheme time)) 34 ms
[timing] (lib-load (srfi srfi-2)) 184 ms
[timing] (lib-load (srfi srfi-8)) 56 ms
[timing] (lib-load (liii base)) 419 ms
[timing] (lib-load (srfi srfi-175)) 926 ms
[timing] (lib-load (liii ascii)) 1012 ms
[timing] (lib-load (srfi srfi-151)) 677 ms
[timing] (lib-load (liii error)) 62 ms
[timing] (lib-load (liii bitwise)) 836 ms
[timing] (lib-load (liii unicode)) 7149 ms
[timing] (lib-load (scheme char)) 7855 ms
[timing] (lib-load (scheme complex)) 26 ms
[timing] (lib-load (scheme cxr)) 15 ms
[timing] (lib-load (scheme eval)) 195 ms
[timing] (lib-load (scheme case-lambda)) 52 ms
[timing] mode-imports 10426 ms
[timing] load-source-reader 9568 ms
[timing] load-native-writer 45 ms
[timing] boot total 34108 ms
[timing] install-fork-runner 0 ms
[timing] compile-cache-lookup 0 ms
[timing] compile-read-source 1 ms
[timing] compile-expand 2 ms
[timing] (lib-load (goldfish core ir)) 3275 ms
[timing] (lib-load (goldfish match expansion)) 7624 ms
[timing] (lib-load (goldfish match)) 11507 ms
[timing] (lib-load (goldfish compiler patterns)) 12489 ms
[timing] (lib-load (goldfish compiler passes)) 8021 ms
[timing] (lib-load (goldfish compiler)) 25609 ms
[timing] optimize-load-compiler 25609 ms
[timing] (lib-load (goldfish expander tree-il)) 3046 ms
[timing] optimize-load-tree-il 3046 ms
[timing] optimize-run-passes 2 ms
[timing] compile-optimize 28659 ms
[timing] compile-cache-write 2 ms
[timing] user-file 28664 ms
