[timing] install-primitives 0 ms
[timing] load-kernel 34 ms
[timing] load-cached-runtime 198 ms
[timing] load-install-scm 2082 ms
[timing] expansion-helpers 4 ms
[timing] native-scheme-surface 50 ms
[timing] standard-library 299 ms
[timing] post-standard-collection 3 ms
[timing] (lib-load (scheme write)) 6 ms
[timing] (lib-load (scheme read)) 5 ms
[timing] (lib-load (scheme file)) 7 ms
[timing] (lib-load (scheme process-context)) 7 ms
[timing] (lib-load (scheme time)) 8 ms
[timing] (lib-load (srfi srfi-2)) 13 ms
[timing] (lib-load (srfi srfi-8)) 7 ms
[timing] (lib-load (liii base)) 40 ms
[timing] (lib-load (srfi srfi-175)) 18 ms
[timing] (lib-load (liii ascii)) 43 ms
[timing] (lib-load (srfi srfi-151)) 35 ms
[timing] (lib-load (liii error)) 9 ms
[timing] (lib-load (liii bitwise)) 72 ms
[timing] (lib-load (liii unicode)) 251 ms
[timing] (lib-load (scheme char)) 289 ms
[timing] (lib-load (scheme complex)) 9 ms
[timing] (lib-load (scheme cxr)) 8 ms
[timing] (lib-load (scheme eval)) 9 ms
[timing] mode-imports 468 ms
[timing] load-source-reader 69 ms
[timing] load-native-writer 1 ms
[timing] boot total 3212 ms
[timing] install-fork-runner 0 ms
[timing] compile-cache-lookup 0 ms
[timing] compile-read-source 1 ms
[timing] compile-expand 2 ms
[timing] (lib-load (goldfish core ir)) 54 ms
[timing] (lib-load (goldfish match expansion)) 59 ms
[timing] (lib-load (goldfish match)) 125 ms
[timing] (lib-load (goldfish compiler patterns)) 169 ms
[timing] (lib-load (goldfish compiler passes)) 88 ms
[timing] (lib-load (goldfish compiler)) 937 ms
[timing] optimize-load-compiler 937 ms
[timing] (lib-load (goldfish expander tree-il)) 30 ms
[timing] optimize-load-tree-il 31 ms
[timing] optimize-run-passes 2 ms
[timing] compile-optimize 971 ms
[timing] compile-cache-write 2 ms
[timing] user-file 976 ms
