[timing] install-primitives 0 ms
[timing] load-kernel 31 ms
[timing] load-cached-runtime 202 ms
[timing] load-install-scm 2034 ms
[timing] expansion-helpers 4 ms
[timing] native-scheme-surface 58 ms
[timing] standard-library 297 ms
[timing] post-standard-collection 3 ms
[timing] (lib-load (scheme write)) 6 ms
[timing] (lib-load (scheme read)) 5 ms
[timing] (lib-load (scheme file)) 7 ms
[timing] (lib-load (scheme process-context)) 6 ms
[timing] (lib-load (scheme time)) 13 ms
[timing] (lib-load (srfi srfi-2)) 13 ms
[timing] (lib-load (srfi srfi-8)) 13 ms
[timing] (lib-load (liii base)) 40 ms
[timing] (lib-load (srfi srfi-175)) 17 ms
[timing] (lib-load (liii ascii)) 41 ms
[timing] (lib-load (srfi srfi-151)) 33 ms
[timing] (lib-load (liii error)) 8 ms
[timing] (lib-load (liii bitwise)) 69 ms
[timing] (lib-load (liii unicode)) 243 ms
[timing] (lib-load (scheme char)) 280 ms
[timing] (lib-load (scheme complex)) 9 ms
[timing] (lib-load (scheme cxr)) 8 ms
[timing] (lib-load (scheme eval)) 10 ms
[timing] mode-imports 461 ms
[timing] load-source-reader 71 ms
[timing] load-native-writer 2 ms
[timing] boot total 3167 ms
[timing] install-fork-runner 0 ms
[timing] compile-cache-lookup 0 ms
[timing] compile-read-source 0 ms
[timing] compile-expand 2 ms
[timing] (lib-load (goldfish core ir)) 60 ms
[timing] (lib-load (goldfish match expansion)) 58 ms
[timing] (lib-load (goldfish match)) 122 ms
[timing] (lib-load (goldfish compiler patterns)) 169 ms
[timing] (lib-load (goldfish compiler passes)) 91 ms
[timing] (lib-load (goldfish compiler)) 958 ms
[timing] optimize-load-compiler 958 ms
[timing] (lib-load (goldfish expander tree-il)) 35 ms
[timing] optimize-load-tree-il 35 ms
[timing] optimize-run-passes 2 ms
[timing] compile-optimize 998 ms
[timing] compile-cache-write 0 ms
[timing] user-file 1000 ms
