[timing] install-primitives 0 ms
[timing] load-kernel 34 ms
[timing] load-cached-runtime 199 ms
[timing] load-install-scm 2005 ms
[timing] expansion-helpers 4 ms
[timing] native-scheme-surface 50 ms
[timing] standard-library 304 ms
[timing] post-standard-collection 2 ms
[timing] (lib-load (scheme write)) 6 ms
[timing] (lib-load (scheme read)) 5 ms
[timing] (lib-load (scheme file)) 7 ms
[timing] (lib-load (scheme process-context)) 7 ms
[timing] (lib-load (scheme time)) 8 ms
[timing] (lib-load (srfi srfi-2)) 14 ms
[timing] (lib-load (srfi srfi-8)) 7 ms
[timing] (lib-load (liii base)) 37 ms
[timing] (lib-load (srfi srfi-175)) 22 ms
[timing] (lib-load (liii ascii)) 47 ms
[timing] (lib-load (srfi srfi-151)) 34 ms
[timing] (lib-load (liii error)) 9 ms
[timing] (lib-load (liii bitwise)) 72 ms
[timing] (lib-load (liii unicode)) 252 ms
[timing] (lib-load (scheme char)) 285 ms
[timing] (lib-load (scheme complex)) 9 ms
[timing] (lib-load (scheme cxr)) 8 ms
[timing] (lib-load (scheme eval)) 9 ms
[timing] mode-imports 473 ms
[timing] load-source-reader 64 ms
[timing] load-native-writer 1 ms
[timing] boot total 3142 ms
[timing] install-fork-runner 0 ms
[timing] compile-cache-lookup 0 ms
[timing] compile-cache-hit 0 ms
[timing] user-file 1 ms
