[timing] install-primitives 0 ms
[timing] load-kernel 31 ms
[timing] load-cached-runtime 200 ms
[timing] load-install-scm 1998 ms
[timing] expansion-helpers 4 ms
[timing] native-scheme-surface 50 ms
[timing] standard-library 294 ms
[timing] post-standard-collection 3 ms
[timing] (lib-load (scheme write)) 6 ms
[timing] (lib-load (scheme read)) 5 ms
[timing] (lib-load (scheme file)) 7 ms
[timing] (lib-load (scheme process-context)) 6 ms
[timing] (lib-load (scheme time)) 8 ms
[timing] (lib-load (srfi srfi-2)) 13 ms
[timing] (lib-load (srfi srfi-8)) 10 ms
[timing] (lib-load (liii base)) 37 ms
[timing] (lib-load (srfi srfi-175)) 19 ms
[timing] (lib-load (liii ascii)) 44 ms
[timing] (lib-load (srfi srfi-151)) 32 ms
[timing] (lib-load (liii error)) 8 ms
[timing] (lib-load (liii bitwise)) 68 ms
[timing] (lib-load (liii unicode)) 241 ms
[timing] (lib-load (scheme char)) 279 ms
[timing] (lib-load (scheme complex)) 8 ms
[timing] (lib-load (scheme cxr)) 7 ms
[timing] (lib-load (scheme eval)) 8 ms
[timing] mode-imports 452 ms
[timing] load-source-reader 67 ms
[timing] load-native-writer 2 ms
[timing] boot total 3106 ms
[timing] install-fork-runner 0 ms
[timing] compile-cache-lookup 0 ms
[timing] compile-cache-hit 1 ms
[timing] user-file 1 ms
