[timing] install-primitives 0 ms
[timing] load-kernel 35 ms
[timing] load-cached-runtime 206 ms
[timing] load-install-scm 2013 ms
[timing] expansion-helpers 4 ms
[timing] native-scheme-surface 57 ms
[timing] standard-library 297 ms
[timing] post-standard-collection 3 ms
[timing] (lib-load (scheme write)) 6 ms
[timing] (lib-load (scheme read)) 5 ms
[timing] (lib-load (scheme file)) 7 ms
[timing] (lib-load (scheme process-context)) 6 ms
[timing] (lib-load (scheme time)) 13 ms
[timing] (lib-load (srfi srfi-2)) 13 ms
[timing] (lib-load (srfi srfi-8)) 11 ms
[timing] (lib-load (liii base)) 39 ms
[timing] (lib-load (srfi srfi-175)) 19 ms
[timing] (lib-load (liii ascii)) 43 ms
[timing] (lib-load (srfi srfi-151)) 34 ms
[timing] (lib-load (liii error)) 8 ms
[timing] (lib-load (liii bitwise)) 70 ms
[timing] (lib-load (liii unicode)) 245 ms
[timing] (lib-load (scheme char)) 283 ms
[timing] (lib-load (scheme complex)) 8 ms
[timing] (lib-load (scheme cxr)) 7 ms
[timing] (lib-load (scheme eval)) 9 ms
[timing] mode-imports 463 ms
[timing] load-source-reader 74 ms
[timing] load-native-writer 1 ms
[timing] boot total 3157 ms
[timing] install-fork-runner 0 ms
[timing] compile-cache-lookup 0 ms
[timing] compile-read-source 1 ms
[timing] compile-expand 2 ms
[timing] (lib-load (goldfish core ir)) 57 ms
[timing] (lib-load (goldfish match expansion)) 60 ms
[timing] (lib-load (goldfish match)) 122 ms
[timing] (lib-load (goldfish compiler patterns)) 168 ms
[timing] (lib-load (goldfish compiler passes)) 90 ms
[timing] (lib-load (goldfish compiler)) 939 ms
[timing] optimize-load-compiler 939 ms
[timing] (lib-load (goldfish expander tree-il)) 35 ms
[timing] optimize-load-tree-il 35 ms
[timing] optimize-run-passes 2 ms
[timing] compile-optimize 977 ms
[timing] compile-cache-write 1 ms
[timing] user-file 981 ms
