[timing] install-primitives 0 ms
[timing] load-kernel 37 ms
native cache unavailable: native bootstrap cache not found under /tmp/bench-2c-base/caches/bootstrap/v0e17aa3f9a8c
[timing] load-cached-runtime 18 ms
[timing] cold-source-bootstrap 283 ms
[timing] load-install-scm 10001 ms
[timing] expansion-helpers 7 ms
[timing] native-scheme-surface 2682 ms
[timing] standard-library 833 ms
[timing] post-standard-collection 3 ms
[timing] (lib-load (scheme base)) 1889 ms
[timing] (lib-load (scheme write)) 9 ms
[timing] (lib-load (scheme read)) 8 ms
[timing] (lib-load (scheme file)) 14 ms
[timing] (lib-load (scheme process-context)) 17 ms
[timing] (lib-load (scheme time)) 34 ms
[timing] (lib-load (srfi srfi-2)) 174 ms
[timing] (lib-load (srfi srfi-8)) 53 ms
[timing] (lib-load (liii base)) 402 ms
[timing] (lib-load (srfi srfi-175)) 898 ms
[timing] (lib-load (liii ascii)) 981 ms
[timing] (lib-load (srfi srfi-151)) 660 ms
[timing] (lib-load (liii error)) 64 ms
[timing] (lib-load (liii bitwise)) 817 ms
[timing] (lib-load (liii unicode)) 6996 ms
[timing] (lib-load (scheme char)) 7694 ms
[timing] (lib-load (scheme complex)) 24 ms
[timing] (lib-load (scheme cxr)) 14 ms
[timing] (lib-load (scheme eval)) 192 ms
[timing] (lib-load (scheme case-lambda)) 51 ms
[timing] mode-imports 10186 ms
[timing] load-source-reader 9095 ms
[timing] load-native-writer 41 ms
[timing] boot total 33189 ms
[timing] install-fork-runner 0 ms
[timing] compile-cache-lookup 1 ms
[timing] compile-read-source 0 ms
[timing] compile-expand 2 ms
[timing] (lib-load (goldfish core ir)) 3177 ms
[timing] (lib-load (goldfish match expansion)) 7596 ms
[timing] (lib-load (goldfish match)) 11466 ms
[timing] (lib-load (goldfish compiler patterns)) 12438 ms
[timing] (lib-load (goldfish compiler passes)) 8023 ms
[timing] (lib-load (goldfish compiler)) 25425 ms
[timing] optimize-load-compiler 25426 ms
[timing] (lib-load (goldfish expander tree-il)) 3025 ms
[timing] optimize-load-tree-il 3025 ms
[timing] optimize-run-passes 2 ms
[timing] compile-optimize 28455 ms
[timing] compile-cache-write 2 ms
[timing] user-file 28459 ms
