[timing] install-primitives 0 ms
[timing] load-kernel 36 ms
[timing] load-cached-runtime 204 ms
[timing] load-install-scm 2038 ms
[timing] expansion-helpers 4 ms
[timing] native-scheme-surface 51 ms
[timing] standard-library 303 ms
[timing] post-standard-collection 4 ms
[timing] (lib-load (scheme write)) 6 ms
[timing] (lib-load (scheme read)) 5 ms
[timing] (lib-load (scheme file)) 7 ms
[timing] (lib-load (scheme process-context)) 7 ms
[timing] (lib-load (scheme time)) 9 ms
[timing] (lib-load (srfi srfi-2)) 14 ms
[timing] (lib-load (srfi srfi-8)) 12 ms
[timing] (lib-load (liii base)) 43 ms
[timing] (lib-load (srfi srfi-175)) 19 ms
[timing] (lib-load (liii ascii)) 45 ms
[timing] (lib-load (srfi srfi-151)) 35 ms
[timing] (lib-load (liii error)) 8 ms
[timing] (lib-load (liii bitwise)) 72 ms
[timing] (lib-load (liii unicode)) 260 ms
[timing] (lib-load (scheme char)) 299 ms
[timing] (lib-load (scheme complex)) 9 ms
[timing] (lib-load (scheme cxr)) 7 ms
[timing] (lib-load (scheme eval)) 9 ms
[timing] mode-imports 486 ms
[timing] load-source-reader 72 ms
[timing] load-native-writer 1 ms
[timing] boot total 3203 ms
[timing] install-fork-runner 0 ms
[timing] compile-cache-lookup 0 ms
[timing] compile-read-source 3 ms
[timing] compile-expand 187 ms
[timing] (lib-load (goldfish core ir)) 55 ms
[timing] (lib-load (goldfish match expansion)) 59 ms
[timing] (lib-load (goldfish match)) 138 ms
[timing] (lib-load (goldfish compiler patterns)) 177 ms
[timing] (lib-load (goldfish compiler passes)) 91 ms
[timing] (lib-load (goldfish compiler)) 960 ms
[timing] optimize-load-compiler 961 ms
[timing] (lib-load (goldfish expander tree-il)) 32 ms
[timing] optimize-load-tree-il 32 ms
[timing] optimize-run-passes 700 ms
[timing] compile-optimize 1695 ms
[timing] compile-cache-write 473 ms
[timing] user-file 2373 ms
