[timing] install-primitives 0 ms
[timing] load-kernel 33 ms
[timing] load-cached-runtime 204 ms
[timing] load-install-scm 2124 ms
[timing] expansion-helpers 4 ms
[timing] native-scheme-surface 62 ms
[timing] standard-library 338 ms
[timing] post-standard-collection 3 ms
[timing] (lib-load (scheme write)) 7 ms
[timing] (lib-load (scheme read)) 6 ms
[timing] (lib-load (scheme file)) 8 ms
[timing] (lib-load (scheme process-context)) 7 ms
[timing] (lib-load (scheme time)) 14 ms
[timing] (lib-load (srfi srfi-2)) 16 ms
[timing] (lib-load (srfi srfi-8)) 13 ms
[timing] (lib-load (liii base)) 47 ms
[timing] (lib-load (srfi srfi-175)) 20 ms
[timing] (lib-load (liii ascii)) 49 ms
[timing] (lib-load (srfi srfi-151)) 38 ms
[timing] (lib-load (liii error)) 9 ms
[timing] (lib-load (liii bitwise)) 78 ms
[timing] (lib-load (liii unicode)) 281 ms
[timing] (lib-load (scheme char)) 323 ms
[timing] (lib-load (scheme complex)) 9 ms
[timing] (lib-load (scheme cxr)) 8 ms
[timing] (lib-load (scheme eval)) 10 ms
[timing] mode-imports 528 ms
[timing] load-source-reader 83 ms
[timing] load-native-writer 2 ms
[timing] boot total 3385 ms
[timing] install-fork-runner 0 ms
[timing] compile-cache-lookup 0 ms
[timing] compile-read-source 3 ms
[timing] compile-expand 203 ms
[timing] (lib-load (goldfish core ir)) 60 ms
[timing] (lib-load (goldfish match expansion)) 58 ms
[timing] (lib-load (goldfish match)) 124 ms
[timing] (lib-load (goldfish compiler patterns)) 171 ms
[timing] (lib-load (goldfish compiler passes)) 93 ms
[timing] (lib-load (goldfish compiler)) 968 ms
[timing] optimize-load-compiler 968 ms
[timing] (lib-load (goldfish expander tree-il)) 31 ms
[timing] optimize-load-tree-il 31 ms
[timing] optimize-run-passes 671 ms
[timing] compile-optimize 1672 ms
[timing] compile-cache-write 431 ms
[timing] user-file 2323 ms
