[timing] install-primitives 0 ms
[timing] load-kernel 34 ms
[timing] load-cached-runtime 201 ms
[timing] load-install-scm 2019 ms
[timing] expansion-helpers 4 ms
[timing] native-scheme-surface 52 ms
[timing] standard-library 301 ms
[timing] post-standard-collection 3 ms
[timing] (lib-load (scheme write)) 6 ms
[timing] (lib-load (scheme read)) 6 ms
[timing] (lib-load (scheme file)) 7 ms
[timing] (lib-load (scheme process-context)) 6 ms
[timing] (lib-load (scheme time)) 8 ms
[timing] (lib-load (srfi srfi-2)) 12 ms
[timing] (lib-load (srfi srfi-8)) 10 ms
[timing] (lib-load (liii base)) 37 ms
[timing] (lib-load (srfi srfi-175)) 19 ms
[timing] (lib-load (liii ascii)) 43 ms
[timing] (lib-load (srfi srfi-151)) 33 ms
[timing] (lib-load (liii error)) 8 ms
[timing] (lib-load (liii bitwise)) 67 ms
[timing] (lib-load (liii unicode)) 240 ms
[timing] (lib-load (scheme char)) 277 ms
[timing] (lib-load (scheme complex)) 8 ms
[timing] (lib-load (scheme cxr)) 7 ms
[timing] (lib-load (scheme eval)) 9 ms
[timing] mode-imports 453 ms
[timing] load-source-reader 69 ms
[timing] load-native-writer 2 ms
[timing] boot total 3143 ms
[timing] install-fork-runner 0 ms
[timing] compile-cache-lookup 0 ms
[timing] compile-read-source 3 ms
[timing] compile-expand 186 ms
[timing] (lib-load (goldfish core ir)) 53 ms
[timing] (lib-load (goldfish match expansion)) 57 ms
[timing] (lib-load (goldfish match)) 119 ms
[timing] (lib-load (goldfish compiler patterns)) 164 ms
[timing] (lib-load (goldfish compiler passes)) 87 ms
[timing] (lib-load (goldfish compiler)) 924 ms
[timing] optimize-load-compiler 924 ms
[timing] (lib-load (goldfish expander tree-il)) 31 ms
[timing] optimize-load-tree-il 32 ms
[timing] optimize-run-passes 656 ms
[timing] compile-optimize 1613 ms
[timing] compile-cache-write 472 ms
[timing] user-file 2289 ms
