[timing] install-primitives 0 ms
[timing] load-kernel 34 ms
native cache unavailable: native bootstrap cache not found under /tmp/bench-2c-base/caches/cold-small-real-3/v0e17aa3f9a8c
[timing] load-cached-runtime 7 ms
[timing] cold-source-bootstrap 269 ms
[timing] load-install-scm 9969 ms
[timing] expansion-helpers 6 ms
[timing] native-scheme-surface 2756 ms
[timing] standard-library 830 ms
[timing] post-standard-collection 5 ms
[timing] (lib-load (scheme base)) 1917 ms
[timing] (lib-load (scheme write)) 9 ms
[timing] (lib-load (scheme read)) 7 ms
[timing] (lib-load (scheme file)) 14 ms
[timing] (lib-load (scheme process-context)) 18 ms
[timing] (lib-load (scheme time)) 33 ms
[timing] (lib-load (srfi srfi-2)) 171 ms
[timing] (lib-load (srfi srfi-8)) 60 ms
[timing] (lib-load (liii base)) 405 ms
[timing] (lib-load (srfi srfi-175)) 888 ms
[timing] (lib-load (liii ascii)) 975 ms
[timing] (lib-load (srfi srfi-151)) 656 ms
[timing] (lib-load (liii error)) 61 ms
[timing] (lib-load (liii bitwise)) 811 ms
[timing] (lib-load (liii unicode)) 6998 ms
[timing] (lib-load (scheme char)) 7714 ms
[timing] (lib-load (scheme complex)) 27 ms
[timing] (lib-load (scheme cxr)) 15 ms
[timing] (lib-load (scheme eval)) 196 ms
[timing] (lib-load (scheme case-lambda)) 50 ms
[timing] mode-imports 10247 ms
[timing] load-source-reader 9034 ms
[timing] load-native-writer 41 ms
[timing] boot total 33203 ms
[timing] install-fork-runner 0 ms
[timing] compile-cache-lookup 1 ms
[timing] compile-read-source 2 ms
[timing] compile-expand 177 ms
[timing] (lib-load (goldfish core ir)) 3127 ms
[timing] (lib-load (goldfish match expansion)) 7494 ms
[timing] (lib-load (goldfish match)) 11369 ms
[timing] (lib-load (goldfish compiler patterns)) 12338 ms
[timing] (lib-load (goldfish compiler passes)) 7966 ms
[timing] (lib-load (goldfish compiler)) 25236 ms
[timing] optimize-load-compiler 25236 ms
[timing] (lib-load (goldfish expander tree-il)) 2996 ms
[timing] optimize-load-tree-il 2997 ms
[timing] optimize-run-passes 657 ms
[timing] compile-optimize 28891 ms
[timing] compile-cache-write 448 ms
[timing] user-file 29533 ms
