[timing] install-primitives 0 ms
[timing] load-kernel 34 ms
[timing] load-cached-runtime 203 ms
[timing] load-install-scm 2055 ms
[timing] expansion-helpers 3 ms
[timing] native-scheme-surface 55 ms
[timing] standard-library 304 ms
[timing] post-standard-collection 3 ms
[timing] (lib-load (scheme write)) 6 ms
[timing] (lib-load (scheme read)) 5 ms
[timing] (lib-load (scheme file)) 7 ms
[timing] (lib-load (scheme process-context)) 6 ms
[timing] (lib-load (scheme time)) 13 ms
[timing] (lib-load (srfi srfi-2)) 14 ms
[timing] (lib-load (srfi srfi-8)) 12 ms
[timing] (lib-load (liii base)) 40 ms
[timing] (lib-load (srfi srfi-175)) 18 ms
[timing] (lib-load (liii ascii)) 44 ms
[timing] (lib-load (srfi srfi-151)) 35 ms
[timing] (lib-load (liii error)) 10 ms
[timing] (lib-load (liii bitwise)) 74 ms
[timing] (lib-load (liii unicode)) 254 ms
[timing] (lib-load (scheme char)) 293 ms
[timing] (lib-load (scheme complex)) 9 ms
[timing] (lib-load (scheme cxr)) 8 ms
[timing] (lib-load (scheme eval)) 10 ms
[timing] mode-imports 482 ms
[timing] load-source-reader 77 ms
[timing] load-native-writer 2 ms
[timing] boot total 3224 ms
[timing] install-fork-runner 0 ms
[timing] compile-cache-lookup 0 ms
[timing] compile-read-source 3 ms
[timing] compile-expand 179 ms
[timing] (lib-load (goldfish core ir)) 61 ms
[timing] (lib-load (goldfish match expansion)) 60 ms
[timing] (lib-load (goldfish match)) 132 ms
[timing] (lib-load (goldfish compiler patterns)) 174 ms
[timing] (lib-load (goldfish compiler passes)) 95 ms
[timing] (lib-load (goldfish compiler)) 968 ms
[timing] optimize-load-compiler 968 ms
[timing] (lib-load (goldfish expander tree-il)) 36 ms
[timing] optimize-load-tree-il 36 ms
[timing] optimize-run-passes 736 ms
[timing] compile-optimize 1742 ms
[timing] compile-cache-write 476 ms
[timing] user-file 2415 ms
