[timing] install-primitives 0 ms
[timing] load-kernel 33 ms
[timing] load-cached-runtime 196 ms
[timing] load-install-scm 2024 ms
[timing] expansion-helpers 4 ms
[timing] native-scheme-surface 48 ms
[timing] standard-library 297 ms
[timing] post-standard-collection 3 ms
[timing] (lib-load (scheme write)) 6 ms
[timing] (lib-load (scheme read)) 5 ms
[timing] (lib-load (scheme file)) 7 ms
[timing] (lib-load (scheme process-context)) 6 ms
[timing] (lib-load (scheme time)) 8 ms
[timing] (lib-load (srfi srfi-2)) 13 ms
[timing] (lib-load (srfi srfi-8)) 10 ms
[timing] (lib-load (liii base)) 38 ms
[timing] (lib-load (srfi srfi-175)) 18 ms
[timing] (lib-load (liii ascii)) 43 ms
[timing] (lib-load (srfi srfi-151)) 34 ms
[timing] (lib-load (liii error)) 8 ms
[timing] (lib-load (liii bitwise)) 69 ms
[timing] (lib-load (liii unicode)) 244 ms
[timing] (lib-load (scheme char)) 280 ms
[timing] (lib-load (scheme complex)) 9 ms
[timing] (lib-load (scheme cxr)) 8 ms
[timing] (lib-load (scheme eval)) 10 ms
[timing] mode-imports 457 ms
[timing] load-source-reader 70 ms
[timing] load-native-writer 2 ms
[timing] boot total 3138 ms
[timing] install-fork-runner 0 ms
[timing] compile-cache-lookup 0 ms
[timing] compile-read-source 3 ms
[timing] compile-expand 185 ms
[timing] (lib-load (goldfish core ir)) 56 ms
[timing] (lib-load (goldfish match expansion)) 60 ms
[timing] (lib-load (goldfish match)) 128 ms
[timing] (lib-load (goldfish compiler patterns)) 173 ms
[timing] (lib-load (goldfish compiler passes)) 90 ms
[timing] (lib-load (goldfish compiler)) 962 ms
[timing] optimize-load-compiler 962 ms
[timing] (lib-load (goldfish expander tree-il)) 30 ms
[timing] optimize-load-tree-il 31 ms
[timing] optimize-run-passes 673 ms
[timing] compile-optimize 1668 ms
[timing] compile-cache-write 463 ms
[timing] user-file 2335 ms
