[timing] install-primitives 0 ms
[timing] load-kernel 33 ms
native cache unavailable: native bootstrap cache not found under /tmp/bench-2c-base/caches/cold-small-real-1/v0e17aa3f9a8c
[timing] load-cached-runtime 7 ms
[timing] cold-source-bootstrap 283 ms
[timing] load-install-scm 9991 ms
[timing] expansion-helpers 6 ms
[timing] native-scheme-surface 2762 ms
[timing] standard-library 826 ms
[timing] post-standard-collection 4 ms
[timing] (lib-load (scheme base)) 1906 ms
[timing] (lib-load (scheme write)) 9 ms
[timing] (lib-load (scheme read)) 7 ms
[timing] (lib-load (scheme file)) 15 ms
[timing] (lib-load (scheme process-context)) 17 ms
[timing] (lib-load (scheme time)) 35 ms
[timing] (lib-load (srfi srfi-2)) 168 ms
[timing] (lib-load (srfi srfi-8)) 61 ms
[timing] (lib-load (liii base)) 412 ms
[timing] (lib-load (srfi srfi-175)) 893 ms
[timing] (lib-load (liii ascii)) 977 ms
[timing] (lib-load (srfi srfi-151)) 653 ms
[timing] (lib-load (liii error)) 60 ms
[timing] (lib-load (liii bitwise)) 817 ms
[timing] (lib-load (liii unicode)) 6982 ms
[timing] (lib-load (scheme char)) 7694 ms
[timing] (lib-load (scheme complex)) 26 ms
[timing] (lib-load (scheme cxr)) 14 ms
[timing] (lib-load (scheme eval)) 194 ms
[timing] (lib-load (scheme case-lambda)) 52 ms
[timing] mode-imports 10222 ms
[timing] load-source-reader 9041 ms
[timing] load-native-writer 43 ms
[timing] boot total 33223 ms
[timing] install-fork-runner 0 ms
[timing] compile-cache-lookup 0 ms
[timing] compile-read-source 3 ms
[timing] compile-expand 173 ms
[timing] (lib-load (goldfish core ir)) 3164 ms
[timing] (lib-load (goldfish match expansion)) 7475 ms
[timing] (lib-load (goldfish match)) 11320 ms
[timing] (lib-load (goldfish compiler patterns)) 12303 ms
[timing] (lib-load (goldfish compiler passes)) 8109 ms
[timing] (lib-load (goldfish compiler)) 25391 ms
[timing] optimize-load-compiler 25391 ms
[timing] (lib-load (goldfish expander tree-il)) 2988 ms
[timing] optimize-load-tree-il 2988 ms
[timing] optimize-run-passes 642 ms
[timing] compile-optimize 29024 ms
[timing] compile-cache-write 451 ms
[timing] user-file 29666 ms
