[timing] install-primitives 0 ms
[timing] load-kernel 33 ms
[timing] load-cached-runtime 199 ms
[timing] load-install-scm 2031 ms
[timing] expansion-helpers 4 ms
[timing] native-scheme-surface 52 ms
[timing] standard-library 297 ms
[timing] post-standard-collection 3 ms
[timing] (lib-load (scheme write)) 6 ms
[timing] (lib-load (scheme read)) 6 ms
[timing] (lib-load (scheme file)) 7 ms
[timing] (lib-load (scheme process-context)) 6 ms
[timing] (lib-load (scheme time)) 8 ms
[timing] (lib-load (srfi srfi-2)) 13 ms
[timing] (lib-load (srfi srfi-8)) 11 ms
[timing] (lib-load (liii base)) 38 ms
[timing] (lib-load (srfi srfi-175)) 18 ms
[timing] (lib-load (liii ascii)) 43 ms
[timing] (lib-load (srfi srfi-151)) 32 ms
[timing] (lib-load (liii error)) 8 ms
[timing] (lib-load (liii bitwise)) 68 ms
[timing] (lib-load (liii unicode)) 244 ms
[timing] (lib-load (scheme char)) 280 ms
[timing] (lib-load (scheme complex)) 8 ms
[timing] (lib-load (scheme cxr)) 7 ms
[timing] (lib-load (scheme eval)) 9 ms
[timing] mode-imports 454 ms
[timing] load-source-reader 68 ms
[timing] load-native-writer 1 ms
[timing] boot total 3148 ms
[timing] install-fork-runner 0 ms
[timing] compile-cache-lookup 36 ms
[timing] compile-cache-hit 0 ms
[timing] user-file 50 ms
