[timing] install-primitives 0 ms
[timing] load-kernel 33 ms
[timing] load-cached-runtime 205 ms
[timing] load-install-scm 2043 ms
[timing] expansion-helpers 4 ms
[timing] native-scheme-surface 51 ms
[timing] standard-library 304 ms
[timing] post-standard-collection 3 ms
[timing] (lib-load (scheme write)) 6 ms
[timing] (lib-load (scheme read)) 5 ms
[timing] (lib-load (scheme file)) 7 ms
[timing] (lib-load (scheme process-context)) 7 ms
[timing] (lib-load (scheme time)) 9 ms
[timing] (lib-load (srfi srfi-2)) 14 ms
[timing] (lib-load (srfi srfi-8)) 7 ms
[timing] (lib-load (liii base)) 40 ms
[timing] (lib-load (srfi srfi-175)) 18 ms
[timing] (lib-load (liii ascii)) 43 ms
[timing] (lib-load (srfi srfi-151)) 33 ms
[timing] (lib-load (liii error)) 9 ms
[timing] (lib-load (liii bitwise)) 71 ms
[timing] (lib-load (liii unicode)) 249 ms
[timing] (lib-load (scheme char)) 287 ms
[timing] (lib-load (scheme complex)) 8 ms
[timing] (lib-load (scheme cxr)) 7 ms
[timing] (lib-load (scheme eval)) 9 ms
[timing] mode-imports 466 ms
[timing] load-source-reader 69 ms
[timing] load-native-writer 2 ms
[timing] boot total 3184 ms
[timing] install-fork-runner 0 ms
[timing] compile-cache-lookup 1 ms
[timing] compile-cache-hit 0 ms
[timing] user-file 1 ms
