[timing] install-primitives 0 ms
[timing] load-kernel 35 ms
[timing] load-cached-runtime 212 ms
[timing] gfo-seed 483 ms
[timing] load-install-scm 17 ms
[timing] load-install-boot 129 ms
[timing] expansion-helpers 4 ms
[timing] native-scheme-surface 65 ms
[timing] standard-library 326 ms
[timing] post-standard-collection 2 ms
[timing] (lib-load (scheme write)) 6 ms
[timing] (lib-load (scheme read)) 5 ms
[timing] (lib-load (scheme file)) 8 ms
[timing] (lib-load (scheme process-context)) 7 ms
[timing] (lib-load (scheme time)) 9 ms
[timing] (lib-load (srfi srfi-2)) 15 ms
[timing] (lib-load (srfi srfi-8)) 8 ms
[timing] (lib-load (liii base)) 41 ms
[timing] (lib-load (srfi srfi-175)) 24 ms
[timing] (lib-load (liii ascii)) 51 ms
[timing] (lib-load (srfi srfi-151)) 41 ms
[timing] (lib-load (liii error)) 10 ms
[timing] (lib-load (liii bitwise)) 84 ms
[timing] (lib-load (liii unicode)) 289 ms
[timing] (lib-load (scheme char)) 327 ms
[timing] (lib-load (scheme complex)) 9 ms
[timing] (lib-load (scheme cxr)) 8 ms
[timing] (lib-load (scheme eval)) 14 ms
[timing] mode-imports 526 ms
[timing] load-source-reader 84 ms
[timing] load-native-writer 2 ms
[timing] boot total 1890 ms
[timing] install-fork-runner 0 ms
[timing] compile-cache-lookup 254 ms
[timing] compile-cache-hit 0 ms
[timing] user-file 1870 ms
