[timing] install-primitives 0 ms
[timing] load-kernel 32 ms
[timing] bundle-parse /tmp/bench-itab2/caches/bootstrap/v2937778fb9e9/expander/lib/syntax-runtime.scm-o2.gfo 1 ms
[timing] bundle-defs /tmp/bench-itab2/caches/bootstrap/v2937778fb9e9/expander/lib/syntax-runtime.scm-o2.gfo 0 ms
[timing] bundle-meta /tmp/bench-itab2/caches/bootstrap/v2937778fb9e9/expander/lib/syntax-runtime.scm-o2.gfo 2 ms
[timing] bundle-alias /tmp/bench-itab2/caches/bootstrap/v2937778fb9e9/expander/lib/syntax-runtime.scm-o2.gfo 0 ms
[timing] artifact expander/lib/syntax-runtime.scm-o2.gfo 6 ms
[timing] bundle-parse /tmp/bench-itab2/caches/bootstrap/v2937778fb9e9/expander/lib/syntax-case.scm-o2.gfo 1 ms
[timing] bundle-defs /tmp/bench-itab2/caches/bootstrap/v2937778fb9e9/expander/lib/syntax-case.scm-o2.gfo 0 ms
[timing] bundle-meta /tmp/bench-itab2/caches/bootstrap/v2937778fb9e9/expander/lib/syntax-case.scm-o2.gfo 0 ms
[timing] bundle-alias /tmp/bench-itab2/caches/bootstrap/v2937778fb9e9/expander/lib/syntax-case.scm-o2.gfo 0 ms
[timing] artifact expander/lib/syntax-case.scm-o2.gfo 4 ms
[timing] bundle-parse /tmp/bench-itab2/caches/bootstrap/v2937778fb9e9/expander/lib/define-record-type.scm-o2.gfo 0 ms
[timing] bundle-defs /tmp/bench-itab2/caches/bootstrap/v2937778fb9e9/expander/lib/define-record-type.scm-o2.gfo 0 ms
[timing] bundle-meta /tmp/bench-itab2/caches/bootstrap/v2937778fb9e9/expander/lib/define-record-type.scm-o2.gfo 0 ms
[timing] bundle-alias /tmp/bench-itab2/caches/bootstrap/v2937778fb9e9/expander/lib/define-record-type.scm-o2.gfo 0 ms
[timing] artifact expander/lib/define-record-type.scm-o2.gfo 1 ms
[timing] bundle-parse /tmp/bench-itab2/caches/bootstrap/v2937778fb9e9/expander/lib/core-macros.scm-o2.gfo 3 ms
[timing] bundle-defs /tmp/bench-itab2/caches/bootstrap/v2937778fb9e9/expander/lib/core-macros.scm-o2.gfo 0 ms
[timing] bundle-meta /tmp/bench-itab2/caches/bootstrap/v2937778fb9e9/expander/lib/core-macros.scm-o2.gfo 0 ms
[timing] bundle-alias /tmp/bench-itab2/caches/bootstrap/v2937778fb9e9/expander/lib/core-macros.scm-o2.gfo 0 ms
[timing] artifact expander/lib/core-macros.scm-o2.gfo 8 ms
[timing] bundle-parse /tmp/bench-itab2/caches/bootstrap/v2937778fb9e9/expander/lib/cond-expand.scm-o2.gfo 0 ms
[timing] bundle-defs /tmp/bench-itab2/caches/bootstrap/v2937778fb9e9/expander/lib/cond-expand.scm-o2.gfo 0 ms
[timing] bundle-meta /tmp/bench-itab2/caches/bootstrap/v2937778fb9e9/expander/lib/cond-expand.scm-o2.gfo 0 ms
[timing] bundle-alias /tmp/bench-itab2/caches/bootstrap/v2937778fb9e9/expander/lib/cond-expand.scm-o2.gfo 0 ms
[timing] artifact expander/lib/cond-expand.scm-o2.gfo 1 ms
[timing] bundle-parse /tmp/bench-itab2/caches/bootstrap/v2937778fb9e9/expander/lib/defmacro.scm-o2.gfo 1 ms
[timing] bundle-defs /tmp/bench-itab2/caches/bootstrap/v2937778fb9e9/expander/lib/defmacro.scm-o2.gfo 0 ms
[timing] bundle-meta /tmp/bench-itab2/caches/bootstrap/v2937778fb9e9/expander/lib/defmacro.scm-o2.gfo 0 ms
[timing] bundle-alias /tmp/bench-itab2/caches/bootstrap/v2937778fb9e9/expander/lib/defmacro.scm-o2.gfo 0 ms
[timing] artifact expander/lib/defmacro.scm-o2.gfo 2 ms
[timing] bundle-parse /tmp/bench-itab2/caches/bootstrap/v2937778fb9e9/expander/lib/define-star.scm-o2.gfo 1 ms
[timing] bundle-defs /tmp/bench-itab2/caches/bootstrap/v2937778fb9e9/expander/lib/define-star.scm-o2.gfo 0 ms
[timing] bundle-meta /tmp/bench-itab2/caches/bootstrap/v2937778fb9e9/expander/lib/define-star.scm-o2.gfo 0 ms
[timing] bundle-alias /tmp/bench-itab2/caches/bootstrap/v2937778fb9e9/expander/lib/define-star.scm-o2.gfo 0 ms
[timing] artifact expander/lib/define-star.scm-o2.gfo 2 ms
[timing] bundle-parse /tmp/bench-itab2/caches/bootstrap/v2937778fb9e9/expander/lib/module-registry.scm-o2.gfo 0 ms
[timing] bundle-defs /tmp/bench-itab2/caches/bootstrap/v2937778fb9e9/expander/lib/module-registry.scm-o2.gfo 0 ms
[timing] bundle-meta /tmp/bench-itab2/caches/bootstrap/v2937778fb9e9/expander/lib/module-registry.scm-o2.gfo 1 ms
[timing] bundle-alias /tmp/bench-itab2/caches/bootstrap/v2937778fb9e9/expander/lib/module-registry.scm-o2.gfo 0 ms
[timing] artifact expander/lib/module-registry.scm-o2.gfo 2 ms
[timing] bundle-parse /tmp/bench-itab2/caches/bootstrap/v2937778fb9e9/expander/lib/module.scm-o2.gfo 4 ms
[timing] bundle-defs /tmp/bench-itab2/caches/bootstrap/v2937778fb9e9/expander/lib/module.scm-o2.gfo 0 ms
[timing] bundle-meta /tmp/bench-itab2/caches/bootstrap/v2937778fb9e9/expander/lib/module.scm-o2.gfo 7 ms
[timing] bundle-alias /tmp/bench-itab2/caches/bootstrap/v2937778fb9e9/expander/lib/module.scm-o2.gfo 0 ms
[timing] artifact expander/lib/module.scm-o2.gfo 19 ms
[timing] bundle-parse /tmp/bench-itab2/caches/bootstrap/v2937778fb9e9/expander/lib/standard.scm-o2.gfo 5 ms
[timing] bundle-defs /tmp/bench-itab2/caches/bootstrap/v2937778fb9e9/expander/lib/standard.scm-o2.gfo 0 ms
[timing] bundle-meta /tmp/bench-itab2/caches/bootstrap/v2937778fb9e9/expander/lib/standard.scm-o2.gfo 1 ms
[timing] bundle-alias /tmp/bench-itab2/caches/bootstrap/v2937778fb9e9/expander/lib/standard.scm-o2.gfo 0 ms
[timing] artifact expander/lib/standard.scm-o2.gfo 12 ms
[timing] bundle-parse /tmp/bench-itab2/caches/bootstrap/v2937778fb9e9/scheme/case-lambda.scm-o2.gfo 0 ms
[timing] bundle-import /tmp/bench-itab2/caches/bootstrap/v2937778fb9e9/scheme/case-lambda.scm-o2.gfo ((scheme case-lambda)) 38 ms
[timing] bundle-meta /tmp/bench-itab2/caches/bootstrap/v2937778fb9e9/scheme/case-lambda.scm-o2.gfo ((scheme case-lambda)) 0 ms
[timing] bundle-defs /tmp/bench-itab2/caches/bootstrap/v2937778fb9e9/scheme/case-lambda.scm-o2.gfo ((scheme case-lambda)) 0 ms
[timing] bundle-module /tmp/bench-itab2/caches/bootstrap/v2937778fb9e9/scheme/case-lambda.scm-o2.gfo ((scheme case-lambda)) 0 ms
[timing] artifact scheme/case-lambda.scm-o2.gfo 39 ms
[timing] load-cached-runtime 144 ms
[timing] gfo-seed 16 ms
[timing] load-install-scm 16 ms
[timing] load-install-boot 117 ms
[timing] expansion-helpers 3 ms
[timing] native-scheme-surface 53 ms
[timing] bundle-parse /tmp/bench-itab2/caches/bootstrap/v2937778fb9e9/scheme/base.scm-o2.gfo 6 ms
[timing] bundle-import /tmp/bench-itab2/caches/bootstrap/v2937778fb9e9/scheme/base.scm-o2.gfo ((scheme base)) 96 ms
[timing] bundle-meta /tmp/bench-itab2/caches/bootstrap/v2937778fb9e9/scheme/base.scm-o2.gfo ((scheme base)) 2 ms
[timing] bundle-defs /tmp/bench-itab2/caches/bootstrap/v2937778fb9e9/scheme/base.scm-o2.gfo ((scheme base)) 1 ms
[timing] bundle-module /tmp/bench-itab2/caches/bootstrap/v2937778fb9e9/scheme/base.scm-o2.gfo ((scheme base)) 7 ms
[timing] artifact scheme/base.scm-o2.gfo 126 ms
[timing] standard-library 126 ms
[timing] post-standard-collection 3 ms
[timing] (lib-cache-read (scheme write)) 0 ms
[timing] (lib-import (scheme write)) 2 ms
[timing] (lib-bindings (scheme write)) 0 ms
[timing] (lib-macros (scheme write)) 0 ms
[timing] (lib-restore (scheme write)) 2 ms
[timing] (lib-eval-defs (scheme write)) 0 ms
[timing] (lib-load (scheme write)) 3 ms
[timing] (lib-cache-read (scheme read)) 0 ms
[timing] (lib-import (scheme read)) 2 ms
[timing] (lib-bindings (scheme read)) 0 ms
[timing] (lib-macros (scheme read)) 0 ms
[timing] (lib-restore (scheme read)) 2 ms
[timing] (lib-eval-defs (scheme read)) 0 ms
[timing] (lib-load (scheme read)) 3 ms
[timing] (lib-cache-read (scheme file)) 0 ms
[timing] (lib-import (scheme file)) 1 ms
[timing] (lib-bindings (scheme file)) 0 ms
[timing] (lib-macros (scheme file)) 1 ms
[timing] (lib-restore (scheme file)) 3 ms
[timing] (lib-eval-defs (scheme file)) 0 ms
[timing] (lib-load (scheme file)) 4 ms
[timing] (lib-cache-read (scheme process-context)) 0 ms
[timing] (lib-import (scheme process-context)) 1 ms
[timing] (lib-bindings (scheme process-context)) 0 ms
[timing] (lib-macros (scheme process-context)) 0 ms
[timing] (lib-restore (scheme process-context)) 2 ms
[timing] (lib-eval-defs (scheme process-context)) 0 ms
[timing] (lib-load (scheme process-context)) 3 ms
[timing] (lib-cache-read (scheme time)) 0 ms
[timing] (lib-import (scheme time)) 5 ms
[timing] (lib-bindings (scheme time)) 1 ms
[timing] (lib-macros (scheme time)) 0 ms
[timing] (lib-restore (scheme time)) 7 ms
[timing] (lib-eval-defs (scheme time)) 1 ms
[timing] (lib-load (scheme time)) 8 ms
[timing] (lib-cache-read (scheme char)) 10 ms
[timing] (lib-cache-read (liii unicode)) 5 ms
[timing] (lib-cache-read (liii base)) 0 ms
[timing] (lib-cache-read (srfi srfi-2)) 1 ms
[timing] (lib-import (srfi srfi-2)) 1 ms
[timing] (lib-bindings (srfi srfi-2)) 0 ms
[timing] (lib-macros (srfi srfi-2)) 7 ms
[timing] (lib-restore (srfi srfi-2)) 9 ms
[timing] (lib-eval-defs (srfi srfi-2)) 0 ms
[timing] (lib-load (srfi srfi-2)) 11 ms
[timing] (lib-cache-read (srfi srfi-8)) 0 ms
[timing] (lib-import (srfi srfi-8)) 1 ms
[timing] (lib-bindings (srfi srfi-8)) 0 ms
[timing] (lib-macros (srfi srfi-8)) 1 ms
[timing] (lib-restore (srfi srfi-8)) 3 ms
[timing] (lib-eval-defs (srfi srfi-8)) 0 ms
[timing] (lib-load (srfi srfi-8)) 4 ms
[timing] (lib-import (liii base)) 22 ms
[timing] (lib-bindings (liii base)) 0 ms
[timing] (lib-macros (liii base)) 4 ms
[timing] (lib-restore (liii base)) 26 ms
[timing] (lib-eval-defs (liii base)) 1 ms
[timing] (lib-load (liii base)) 28 ms
[timing] (lib-cache-read (liii ascii)) 1 ms
[timing] (lib-cache-read (srfi srfi-175)) 2 ms
[timing] (lib-import (srfi srfi-175)) 1 ms
[timing] (lib-bindings (srfi srfi-175)) 2 ms
[timing] (lib-macros (srfi srfi-175)) 1 ms
[timing] (lib-restore (srfi srfi-175)) 6 ms
[timing] (lib-eval-defs (srfi srfi-175)) 6 ms
[timing] (lib-load (srfi srfi-175)) 15 ms
[timing] (lib-import (liii ascii)) 27 ms
[timing] (lib-bindings (liii ascii)) 0 ms
[timing] (lib-macros (liii ascii)) 4 ms
[timing] (lib-restore (liii ascii)) 31 ms
[timing] (lib-eval-defs (liii ascii)) 4 ms
[timing] (lib-load (liii ascii)) 38 ms
[timing] (lib-cache-read (liii bitwise)) 1 ms
[timing] (lib-cache-read (srfi srfi-151)) 2 ms
[timing] (lib-import (srfi srfi-151)) 14 ms
[timing] (lib-bindings (srfi srfi-151)) 2 ms
[timing] (lib-macros (srfi srfi-151)) 1 ms
[timing] (lib-restore (srfi srfi-151)) 17 ms
[timing] (lib-eval-defs (srfi srfi-151)) 11 ms
[timing] (lib-load (srfi srfi-151)) 31 ms
[timing] (lib-cache-read (liii error)) 0 ms
[timing] (lib-import (liii error)) 2 ms
[timing] (lib-bindings (liii error)) 0 ms
[timing] (lib-macros (liii error)) 0 ms
[timing] (lib-restore (liii error)) 3 ms
[timing] (lib-eval-defs (liii error)) 1 ms
[timing] (lib-load (liii error)) 6 ms
[timing] (lib-import (liii bitwise)) 48 ms
[timing] (lib-bindings (liii bitwise)) 0 ms
[timing] (lib-macros (liii bitwise)) 4 ms
[timing] (lib-restore (liii bitwise)) 53 ms
[timing] (lib-eval-defs (liii bitwise)) 5 ms
[timing] (lib-load (liii bitwise)) 61 ms
[timing] (lib-import (liii unicode)) 176 ms
[timing] (lib-bindings (liii unicode)) 1 ms
[timing] (lib-macros (liii unicode)) 2 ms
[timing] (lib-restore (liii unicode)) 180 ms
[timing] (lib-eval-defs (liii unicode)) 24 ms
[timing] (lib-load (liii unicode)) 211 ms
[timing] (lib-import (scheme char)) 222 ms
[timing] (lib-bindings (scheme char)) 1 ms
[timing] (lib-macros (scheme char)) 0 ms
[timing] (lib-restore (scheme char)) 224 ms
[timing] (lib-eval-defs (scheme char)) 5 ms
[timing] (lib-load (scheme char)) 240 ms
[timing] (lib-cache-read (scheme complex)) 0 ms
[timing] (lib-import (scheme complex)) 3 ms
[timing] (lib-bindings (scheme complex)) 0 ms
[timing] (lib-macros (scheme complex)) 0 ms
[timing] (lib-restore (scheme complex)) 3 ms
[timing] (lib-eval-defs (scheme complex)) 0 ms
[timing] (lib-load (scheme complex)) 5 ms
[timing] (lib-cache-read (scheme cxr)) 0 ms
[timing] (lib-import (scheme cxr)) 1 ms
[timing] (lib-bindings (scheme cxr)) 0 ms
[timing] (lib-macros (scheme cxr)) 0 ms
[timing] (lib-restore (scheme cxr)) 2 ms
[timing] (lib-eval-defs (scheme cxr)) 0 ms
[timing] (lib-load (scheme cxr)) 4 ms
[timing] (lib-cache-read (scheme eval)) 0 ms
[timing] (lib-import (scheme eval)) 3 ms
[timing] (lib-bindings (scheme eval)) 0 ms
[timing] (lib-macros (scheme eval)) 0 ms
[timing] (lib-restore (scheme eval)) 3 ms
[timing] (lib-eval-defs (scheme eval)) 1 ms
[timing] (lib-load (scheme eval)) 5 ms
[timing] mode-imports 369 ms
[timing] load-source-reader 80 ms
[timing] load-native-writer 1 ms
[timing] boot total 967 ms
[timing] install-fork-runner 0 ms
[timing] compile-cache-lookup 0 ms
[timing] compile-read-source 172 ms
[timing] compile-expand 2060 ms
[timing] (lib-cache-read (goldfish compiler)) 549 ms
[timing] (lib-cache-read (goldfish core ir)) 5 ms
[timing] (lib-import (goldfish core ir)) 17 ms
[timing] (lib-bindings (goldfish core ir)) 6 ms
[timing] (lib-macros (goldfish core ir)) 5 ms
[timing] (lib-restore (goldfish core ir)) 29 ms
[timing] (lib-eval-defs (goldfish core ir)) 17 ms
[timing] (lib-load (goldfish core ir)) 53 ms
[timing] (lib-cache-read (goldfish compiler patterns)) 1 ms
[timing] (lib-cache-read (goldfish match)) 3 ms
[timing] (lib-cache-read (goldfish match expansion)) 6 ms
[timing] (lib-import (goldfish match expansion)) 17 ms
[timing] (lib-bindings (goldfish match expansion)) 2 ms
[timing] (lib-macros (goldfish match expansion)) 1 ms
[timing] (lib-restore (goldfish match expansion)) 22 ms
[timing] (lib-eval-defs (goldfish match expansion)) 28 ms
[timing] (lib-load (goldfish match expansion)) 57 ms
[timing] (lib-import (goldfish match)) 100 ms
[timing] (lib-bindings (goldfish match)) 4 ms
[timing] (lib-macros (goldfish match)) 14 ms
[timing] (lib-restore (goldfish match)) 119 ms
[timing] (lib-eval-defs (goldfish match)) 6 ms
[timing] (lib-load (goldfish match)) 130 ms
[timing] (lib-import (goldfish compiler patterns)) 158 ms
[timing] (lib-bindings (goldfish compiler patterns)) 0 ms
[timing] (lib-macros (goldfish compiler patterns)) 5 ms
[timing] (lib-restore (goldfish compiler patterns)) 164 ms
[timing] (lib-eval-defs (goldfish compiler patterns)) 0 ms
[timing] (lib-load (goldfish compiler patterns)) 167 ms
[timing] (lib-cache-read (goldfish compiler passes)) 9 ms
[timing] (lib-import (goldfish compiler passes)) 47 ms
[timing] (lib-bindings (goldfish compiler passes)) 4 ms
[timing] (lib-macros (goldfish compiler passes)) 0 ms
[timing] (lib-restore (goldfish compiler passes)) 52 ms
[timing] (lib-eval-defs (goldfish compiler passes)) 42 ms
[timing] (lib-load (goldfish compiler passes)) 104 ms
[timing] (lib-import (goldfish compiler)) 348 ms
[timing] (lib-bindings (goldfish compiler)) 0 ms
[timing] (lib-macros (goldfish compiler)) 25 ms
[timing] (lib-restore (goldfish compiler)) 374 ms
[timing] (lib-eval-defs (goldfish compiler)) 18 ms
[timing] (lib-load (goldfish compiler)) 944 ms
[timing] optimize-load-compiler 944 ms
[timing] (lib-cache-read (goldfish expander tree-il)) 3 ms
[timing] (lib-import (goldfish expander tree-il)) 17 ms
[timing] (lib-bindings (goldfish expander tree-il)) 1 ms
[timing] (lib-macros (goldfish expander tree-il)) 0 ms
[timing] (lib-restore (goldfish expander tree-il)) 20 ms
[timing] (lib-eval-defs (goldfish expander tree-il)) 8 ms
[timing] (lib-load (goldfish expander tree-il)) 32 ms
[timing] optimize-load-tree-il 33 ms
[timing] optimize-run-passes 2834 ms
[timing] compile-optimize 3813 ms
[timing] compile-cache-write 1093 ms
[timing] user-file 7429 ms
