[timing] install-primitives 0 ms
[timing] load-kernel 34 ms
native cache unavailable: native bootstrap cache not found under /tmp/bench-itab2/caches/cold-large-scheme-2/v2937778fb9e9
[timing] load-cached-runtime 7 ms
[timing] cold-source-bootstrap 268 ms
[timing] gfo-seed 481 ms
[timing] load-install-scm 1779 ms
[timing] load-install-boot 10124 ms
[timing] expansion-helpers 9 ms
[timing] native-scheme-surface 1923 ms
[timing] standard-library 544 ms
[timing] post-standard-collection 7 ms
[timing] (lib-cache-read (scheme base)) 0 ms
[timing] (lib-load (scheme base)) 1288 ms
[timing] (lib-cache-read (scheme write)) 0 ms
[timing] (lib-load (scheme write)) 6 ms
[timing] (lib-cache-read (scheme read)) 0 ms
[timing] (lib-load (scheme read)) 6 ms
[timing] (lib-cache-read (scheme file)) 0 ms
[timing] (lib-load (scheme file)) 12 ms
[timing] (lib-cache-read (scheme process-context)) 0 ms
[timing] (lib-load (scheme process-context)) 14 ms
[timing] (lib-cache-read (scheme time)) 0 ms
[timing] (lib-load (scheme time)) 28 ms
[timing] (lib-cache-read (scheme char)) 0 ms
[timing] (lib-cache-read (liii unicode)) 0 ms
[timing] (lib-cache-read (liii base)) 0 ms
[timing] (lib-cache-read (srfi srfi-2)) 0 ms
[timing] (lib-load (srfi srfi-2)) 124 ms
[timing] (lib-cache-read (srfi srfi-8)) 0 ms
[timing] (lib-load (srfi srfi-8)) 39 ms
[timing] (lib-load (liii base)) 327 ms
[timing] (lib-cache-read (liii ascii)) 0 ms
[timing] (lib-cache-read (srfi srfi-175)) 0 ms
[timing] (lib-load (srfi srfi-175)) 608 ms
[timing] (lib-load (liii ascii)) 682 ms
[timing] (lib-cache-read (liii bitwise)) 0 ms
[timing] (lib-cache-read (srfi srfi-151)) 0 ms
[timing] (lib-load (srfi srfi-151)) 430 ms
[timing] (lib-cache-read (liii error)) 0 ms
[timing] (lib-load (liii error)) 45 ms
[timing] (lib-load (liii bitwise)) 559 ms
[timing] (lib-load (liii unicode)) 4871 ms
[timing] (lib-load (scheme char)) 5433 ms
[timing] (lib-cache-read (scheme complex)) 0 ms
[timing] (lib-load (scheme complex)) 21 ms
[timing] (lib-cache-read (scheme cxr)) 0 ms
[timing] (lib-load (scheme cxr)) 11 ms
[timing] (lib-cache-read (scheme eval)) 0 ms
[timing] (lib-load (scheme eval)) 155 ms
[timing] (lib-cache-read (scheme case-lambda)) 0 ms
[timing] (lib-load (scheme case-lambda)) 41 ms
[timing] mode-imports 7162 ms
[timing] load-source-reader 4383 ms
[timing] load-native-writer 37 ms
[timing] boot total 26765 ms
[timing] install-fork-runner 0 ms
[timing] compile-cache-lookup 1 ms
[timing] compile-read-source 141 ms
[timing] compile-expand 1877 ms
[timing] (lib-cache-read (goldfish compiler)) 0 ms
[timing] (lib-cache-read (goldfish core ir)) 0 ms
[timing] (lib-load (goldfish core ir)) 2023 ms
[timing] (lib-cache-read (goldfish compiler patterns)) 0 ms
[timing] (lib-cache-read (goldfish match)) 0 ms
[timing] (lib-cache-read (goldfish match expansion)) 0 ms
[timing] (lib-load (goldfish match expansion)) 6010 ms
[timing] (lib-load (goldfish match)) 8981 ms
[timing] (lib-load (goldfish compiler patterns)) 9944 ms
[timing] (lib-cache-read (goldfish compiler passes)) 0 ms
[timing] (lib-load (goldfish compiler passes)) 5365 ms
[timing] (lib-load (goldfish compiler)) 19097 ms
[timing] optimize-load-compiler 19097 ms
[timing] (lib-cache-read (goldfish expander tree-il)) 0 ms
[timing] (lib-load (goldfish expander tree-il)) 2765 ms
[timing] optimize-load-tree-il 2766 ms
[timing] optimize-run-passes 2895 ms
[timing] compile-optimize 24760 ms
[timing] compile-cache-write 1172 ms
[timing] user-file 28210 ms
