[timing] install-primitives 0 ms
[timing] load-kernel 35 ms
native cache unavailable: native bootstrap cache not found under /tmp/bench-itab2/caches/cold-minimal-2/v2937778fb9e9
[timing] load-cached-runtime 8 ms
[timing] cold-source-bootstrap 283 ms
[timing] gfo-seed 498 ms
[timing] load-install-scm 1840 ms
[timing] load-install-boot 10774 ms
[timing] expansion-helpers 14 ms
[timing] native-scheme-surface 2205 ms
[timing] standard-library 601 ms
[timing] post-standard-collection 7 ms
[timing] (lib-cache-read (scheme base)) 0 ms
[timing] (lib-load (scheme base)) 1415 ms
[timing] (lib-cache-read (scheme write)) 0 ms
[timing] (lib-load (scheme write)) 7 ms
[timing] (lib-cache-read (scheme read)) 0 ms
[timing] (lib-load (scheme read)) 5 ms
[timing] (lib-cache-read (scheme file)) 0 ms
[timing] (lib-load (scheme file)) 12 ms
[timing] (lib-cache-read (scheme process-context)) 0 ms
[timing] (lib-load (scheme process-context)) 16 ms
[timing] (lib-cache-read (scheme time)) 0 ms
[timing] (lib-load (scheme time)) 30 ms
[timing] (lib-cache-read (scheme char)) 0 ms
[timing] (lib-cache-read (liii unicode)) 0 ms
[timing] (lib-cache-read (liii base)) 0 ms
[timing] (lib-cache-read (srfi srfi-2)) 0 ms
[timing] (lib-load (srfi srfi-2)) 148 ms
[timing] (lib-cache-read (srfi srfi-8)) 0 ms
[timing] (lib-load (srfi srfi-8)) 41 ms
[timing] (lib-load (liii base)) 351 ms
[timing] (lib-cache-read (liii ascii)) 0 ms
[timing] (lib-cache-read (srfi srfi-175)) 0 ms
[timing] (lib-load (srfi srfi-175)) 642 ms
[timing] (lib-load (liii ascii)) 733 ms
[timing] (lib-cache-read (liii bitwise)) 0 ms
[timing] (lib-cache-read (srfi srfi-151)) 0 ms
[timing] (lib-load (srfi srfi-151)) 459 ms
[timing] (lib-cache-read (liii error)) 0 ms
[timing] (lib-load (liii error)) 50 ms
[timing] (lib-load (liii bitwise)) 598 ms
[timing] (lib-load (liii unicode)) 5280 ms
[timing] (lib-load (scheme char)) 5899 ms
[timing] (lib-cache-read (scheme complex)) 0 ms
[timing] (lib-load (scheme complex)) 23 ms
[timing] (lib-cache-read (scheme cxr)) 0 ms
[timing] (lib-load (scheme cxr)) 12 ms
[timing] (lib-cache-read (scheme eval)) 0 ms
[timing] (lib-load (scheme eval)) 166 ms
[timing] (lib-cache-read (scheme case-lambda)) 0 ms
[timing] (lib-load (scheme case-lambda)) 45 ms
[timing] mode-imports 7776 ms
[timing] load-source-reader 4907 ms
[timing] load-native-writer 38 ms
[timing] boot total 28994 ms
[timing] install-fork-runner 0 ms
[timing] compile-cache-lookup 1 ms
[timing] compile-read-source 0 ms
[timing] compile-expand 3 ms
[timing] (lib-cache-read (goldfish compiler)) 0 ms
[timing] (lib-cache-read (goldfish core ir)) 0 ms
[timing] (lib-load (goldfish core ir)) 2041 ms
[timing] (lib-cache-read (goldfish compiler patterns)) 0 ms
[timing] (lib-cache-read (goldfish match)) 0 ms
[timing] (lib-cache-read (goldfish match expansion)) 0 ms
[timing] (lib-load (goldfish match expansion)) 5946 ms
[timing] (lib-load (goldfish match)) 8833 ms
[timing] (lib-load (goldfish compiler patterns)) 9763 ms
[timing] (lib-cache-read (goldfish compiler passes)) 0 ms
[timing] (lib-load (goldfish compiler passes)) 5415 ms
[timing] (lib-load (goldfish compiler)) 18939 ms
[timing] optimize-load-compiler 18939 ms
[timing] (lib-cache-read (goldfish expander tree-il)) 0 ms
[timing] (lib-load (goldfish expander tree-il)) 2831 ms
[timing] optimize-load-tree-il 2832 ms
[timing] optimize-run-passes 1 ms
[timing] compile-optimize 21773 ms
[timing] compile-cache-write 3 ms
[timing] user-file 21780 ms
