[timing] install-primitives 0 ms
[timing] load-kernel 35 ms
native cache unavailable: native bootstrap cache not found under /tmp/bench-itab2/caches/cold-minimal-1/v2937778fb9e9
[timing] load-cached-runtime 8 ms
[timing] cold-source-bootstrap 291 ms
[timing] gfo-seed 551 ms
[timing] load-install-scm 2048 ms
[timing] load-install-boot 11616 ms
[timing] expansion-helpers 8 ms
[timing] native-scheme-surface 2231 ms
[timing] standard-library 613 ms
[timing] post-standard-collection 9 ms
[timing] (lib-cache-read (scheme base)) 0 ms
[timing] (lib-load (scheme base)) 1460 ms
[timing] (lib-cache-read (scheme write)) 0 ms
[timing] (lib-load (scheme write)) 6 ms
[timing] (lib-cache-read (scheme read)) 0 ms
[timing] (lib-load (scheme read)) 6 ms
[timing] (lib-cache-read (scheme file)) 0 ms
[timing] (lib-load (scheme file)) 13 ms
[timing] (lib-cache-read (scheme process-context)) 0 ms
[timing] (lib-load (scheme process-context)) 16 ms
[timing] (lib-cache-read (scheme time)) 0 ms
[timing] (lib-load (scheme time)) 31 ms
[timing] (lib-cache-read (scheme char)) 0 ms
[timing] (lib-cache-read (liii unicode)) 0 ms
[timing] (lib-cache-read (liii base)) 0 ms
[timing] (lib-cache-read (srfi srfi-2)) 0 ms
[timing] (lib-load (srfi srfi-2)) 148 ms
[timing] (lib-cache-read (srfi srfi-8)) 0 ms
[timing] (lib-load (srfi srfi-8)) 42 ms
[timing] (lib-load (liii base)) 349 ms
[timing] (lib-cache-read (liii ascii)) 0 ms
[timing] (lib-cache-read (srfi srfi-175)) 0 ms
[timing] (lib-load (srfi srfi-175)) 638 ms
[timing] (lib-load (liii ascii)) 727 ms
[timing] (lib-cache-read (liii bitwise)) 0 ms
[timing] (lib-cache-read (srfi srfi-151)) 0 ms
[timing] (lib-load (srfi srfi-151)) 446 ms
[timing] (lib-cache-read (liii error)) 0 ms
[timing] (lib-load (liii error)) 50 ms
[timing] (lib-load (liii bitwise)) 589 ms
[timing] (lib-load (liii unicode)) 5148 ms
[timing] (lib-load (scheme char)) 5812 ms
[timing] (lib-cache-read (scheme complex)) 0 ms
[timing] (lib-load (scheme complex)) 24 ms
[timing] (lib-cache-read (scheme cxr)) 0 ms
[timing] (lib-load (scheme cxr)) 13 ms
[timing] (lib-cache-read (scheme eval)) 0 ms
[timing] (lib-load (scheme eval)) 171 ms
[timing] (lib-cache-read (scheme case-lambda)) 0 ms
[timing] (lib-load (scheme case-lambda)) 46 ms
[timing] mode-imports 7750 ms
[timing] load-source-reader 5044 ms
[timing] load-native-writer 37 ms
[timing] boot total 30248 ms
[timing] install-fork-runner 0 ms
[timing] compile-cache-lookup 0 ms
[timing] compile-read-source 1 ms
[timing] compile-expand 2 ms
[timing] (lib-cache-read (goldfish compiler)) 0 ms
[timing] (lib-cache-read (goldfish core ir)) 0 ms
[timing] (lib-load (goldfish core ir)) 2064 ms
[timing] (lib-cache-read (goldfish compiler patterns)) 0 ms
[timing] (lib-cache-read (goldfish match)) 0 ms
[timing] (lib-cache-read (goldfish match expansion)) 0 ms
[timing] (lib-load (goldfish match expansion)) 6027 ms
[timing] (lib-load (goldfish match)) 8785 ms
[timing] (lib-load (goldfish compiler patterns)) 9717 ms
[timing] (lib-cache-read (goldfish compiler passes)) 0 ms
[timing] (lib-load (goldfish compiler passes)) 5419 ms
[timing] (lib-load (goldfish compiler)) 18918 ms
[timing] optimize-load-compiler 18919 ms
[timing] (lib-cache-read (goldfish expander tree-il)) 0 ms
[timing] (lib-load (goldfish expander tree-il)) 2699 ms
[timing] optimize-load-tree-il 2699 ms
[timing] optimize-run-passes 1 ms
[timing] compile-optimize 21620 ms
[timing] compile-cache-write 2 ms
[timing] user-file 21625 ms
