[timing] install-primitives 0 ms
[timing] load-kernel 35 ms
native cache unavailable: native bootstrap cache not found under /tmp/bench-itab2/caches/cold-small-real-2/v2937778fb9e9
[timing] load-cached-runtime 8 ms
[timing] cold-source-bootstrap 278 ms
[timing] gfo-seed 500 ms
[timing] load-install-scm 1880 ms
[timing] load-install-boot 10733 ms
[timing] expansion-helpers 8 ms
[timing] native-scheme-surface 2218 ms
[timing] standard-library 615 ms
[timing] post-standard-collection 9 ms
[timing] (lib-cache-read (scheme base)) 0 ms
[timing] (lib-load (scheme base)) 1437 ms
[timing] (lib-cache-read (scheme write)) 0 ms
[timing] (lib-load (scheme write)) 6 ms
[timing] (lib-cache-read (scheme read)) 0 ms
[timing] (lib-load (scheme read)) 6 ms
[timing] (lib-cache-read (scheme file)) 0 ms
[timing] (lib-load (scheme file)) 12 ms
[timing] (lib-cache-read (scheme process-context)) 0 ms
[timing] (lib-load (scheme process-context)) 15 ms
[timing] (lib-cache-read (scheme time)) 0 ms
[timing] (lib-load (scheme time)) 29 ms
[timing] (lib-cache-read (scheme char)) 0 ms
[timing] (lib-cache-read (liii unicode)) 0 ms
[timing] (lib-cache-read (liii base)) 0 ms
[timing] (lib-cache-read (srfi srfi-2)) 0 ms
[timing] (lib-load (srfi srfi-2)) 131 ms
[timing] (lib-cache-read (srfi srfi-8)) 0 ms
[timing] (lib-load (srfi srfi-8)) 40 ms
[timing] (lib-load (liii base)) 343 ms
[timing] (lib-cache-read (liii ascii)) 0 ms
[timing] (lib-cache-read (srfi srfi-175)) 0 ms
[timing] (lib-load (srfi srfi-175)) 628 ms
[timing] (lib-load (liii ascii)) 706 ms
[timing] (lib-cache-read (liii bitwise)) 0 ms
[timing] (lib-cache-read (srfi srfi-151)) 0 ms
[timing] (lib-load (srfi srfi-151)) 452 ms
[timing] (lib-cache-read (liii error)) 0 ms
[timing] (lib-load (liii error)) 51 ms
[timing] (lib-load (liii bitwise)) 598 ms
[timing] (lib-load (liii unicode)) 5325 ms
[timing] (lib-load (scheme char)) 5947 ms
[timing] (lib-cache-read (scheme complex)) 0 ms
[timing] (lib-load (scheme complex)) 22 ms
[timing] (lib-cache-read (scheme cxr)) 0 ms
[timing] (lib-load (scheme cxr)) 11 ms
[timing] (lib-cache-read (scheme eval)) 0 ms
[timing] (lib-load (scheme eval)) 170 ms
[timing] (lib-cache-read (scheme case-lambda)) 0 ms
[timing] (lib-load (scheme case-lambda)) 46 ms
[timing] mode-imports 7851 ms
[timing] load-source-reader 5005 ms
[timing] load-native-writer 39 ms
[timing] boot total 29184 ms
[timing] install-fork-runner 0 ms
[timing] compile-cache-lookup 0 ms
[timing] compile-read-source 3 ms
[timing] compile-expand 179 ms
[timing] (lib-cache-read (goldfish compiler)) 0 ms
[timing] (lib-cache-read (goldfish core ir)) 1 ms
[timing] (lib-load (goldfish core ir)) 2078 ms
[timing] (lib-cache-read (goldfish compiler patterns)) 0 ms
[timing] (lib-cache-read (goldfish match)) 0 ms
[timing] (lib-cache-read (goldfish match expansion)) 0 ms
[timing] (lib-load (goldfish match expansion)) 6093 ms
[timing] (lib-load (goldfish match)) 9133 ms
[timing] (lib-load (goldfish compiler patterns)) 10115 ms
[timing] (lib-cache-read (goldfish compiler passes)) 0 ms
[timing] (lib-load (goldfish compiler passes)) 5452 ms
[timing] (lib-load (goldfish compiler)) 19367 ms
[timing] optimize-load-compiler 19367 ms
[timing] (lib-cache-read (goldfish expander tree-il)) 0 ms
[timing] (lib-load (goldfish expander tree-il)) 2812 ms
[timing] optimize-load-tree-il 2812 ms
[timing] optimize-run-passes 231 ms
[timing] compile-optimize 22411 ms
[timing] compile-cache-write 455 ms
[timing] user-file 23062 ms
