[timing] install-primitives 0 ms
[timing] load-kernel 37 ms
native cache unavailable: native bootstrap cache not found under /tmp/bench-itab2/caches/cold-small-real-3/v2937778fb9e9
[timing] load-cached-runtime 8 ms
[timing] cold-source-bootstrap 291 ms
[timing] gfo-seed 541 ms
[timing] load-install-scm 2048 ms
[timing] load-install-boot 15153 ms
[timing] expansion-helpers 12 ms
[timing] native-scheme-surface 3214 ms
[timing] standard-library 878 ms
[timing] post-standard-collection 11 ms
[timing] (lib-cache-read (scheme base)) 0 ms
[timing] (lib-load (scheme base)) 2071 ms
[timing] (lib-cache-read (scheme write)) 0 ms
[timing] (lib-load (scheme write)) 9 ms
[timing] (lib-cache-read (scheme read)) 0 ms
[timing] (lib-load (scheme read)) 7 ms
[timing] (lib-cache-read (scheme file)) 0 ms
[timing] (lib-load (scheme file)) 18 ms
[timing] (lib-cache-read (scheme process-context)) 0 ms
[timing] (lib-load (scheme process-context)) 20 ms
[timing] (lib-cache-read (scheme time)) 0 ms
[timing] (lib-load (scheme time)) 47 ms
[timing] (lib-cache-read (scheme char)) 0 ms
[timing] (lib-cache-read (liii unicode)) 0 ms
[timing] (lib-cache-read (liii base)) 0 ms
[timing] (lib-cache-read (srfi srfi-2)) 0 ms
[timing] (lib-load (srfi srfi-2)) 204 ms
[timing] (lib-cache-read (srfi srfi-8)) 0 ms
[timing] (lib-load (srfi srfi-8)) 63 ms
[timing] (lib-load (liii base)) 497 ms
[timing] (lib-cache-read (liii ascii)) 0 ms
[timing] (lib-cache-read (srfi srfi-175)) 1 ms
[timing] (lib-load (srfi srfi-175)) 800 ms
[timing] (lib-load (liii ascii)) 905 ms
[timing] (lib-cache-read (liii bitwise)) 0 ms
[timing] (lib-cache-read (srfi srfi-151)) 0 ms
[timing] (lib-load (srfi srfi-151)) 516 ms
[timing] (lib-cache-read (liii error)) 0 ms
[timing] (lib-load (liii error)) 57 ms
[timing] (lib-load (liii bitwise)) 667 ms
[timing] (lib-load (liii unicode)) 5898 ms
[timing] (lib-load (scheme char)) 6576 ms
[timing] (lib-cache-read (scheme complex)) 0 ms
[timing] (lib-load (scheme complex)) 24 ms
[timing] (lib-cache-read (scheme cxr)) 0 ms
[timing] (lib-load (scheme cxr)) 14 ms
[timing] (lib-cache-read (scheme eval)) 0 ms
[timing] (lib-load (scheme eval)) 179 ms
[timing] (lib-cache-read (scheme case-lambda)) 0 ms
[timing] (lib-load (scheme case-lambda)) 49 ms
[timing] mode-imports 9221 ms
[timing] load-source-reader 5492 ms
[timing] load-native-writer 40 ms
[timing] boot total 36952 ms
[timing] install-fork-runner 0 ms
[timing] compile-cache-lookup 0 ms
[timing] compile-read-source 3 ms
[timing] compile-expand 180 ms
[timing] (lib-cache-read (goldfish compiler)) 0 ms
[timing] (lib-cache-read (goldfish core ir)) 0 ms
[timing] (lib-load (goldfish core ir)) 2145 ms
[timing] (lib-cache-read (goldfish compiler patterns)) 1 ms
[timing] (lib-cache-read (goldfish match)) 0 ms
[timing] (lib-cache-read (goldfish match expansion)) 0 ms
[timing] (lib-load (goldfish match expansion)) 6206 ms
[timing] (lib-load (goldfish match)) 9281 ms
[timing] (lib-load (goldfish compiler patterns)) 10286 ms
[timing] (lib-cache-read (goldfish compiler passes)) 0 ms
[timing] (lib-load (goldfish compiler passes)) 5692 ms
[timing] (lib-load (goldfish compiler)) 19960 ms
[timing] optimize-load-compiler 19960 ms
[timing] (lib-cache-read (goldfish expander tree-il)) 0 ms
[timing] (lib-load (goldfish expander tree-il)) 2859 ms
[timing] optimize-load-tree-il 2859 ms
[timing] optimize-run-passes 248 ms
[timing] compile-optimize 23070 ms
[timing] compile-cache-write 470 ms
[timing] user-file 23738 ms
