[timing] install-primitives 0 ms
[timing] load-kernel 34 ms
[timing] bundle-parse /tmp/bench-itab2/caches/warm-small-real/v2937778fb9e9/expander/lib/syntax-runtime.scm-o2.gfo 2 ms
[timing] bundle-defs /tmp/bench-itab2/caches/warm-small-real/v2937778fb9e9/expander/lib/syntax-runtime.scm-o2.gfo 0 ms
[timing] bundle-meta /tmp/bench-itab2/caches/warm-small-real/v2937778fb9e9/expander/lib/syntax-runtime.scm-o2.gfo 2 ms
[timing] bundle-alias /tmp/bench-itab2/caches/warm-small-real/v2937778fb9e9/expander/lib/syntax-runtime.scm-o2.gfo 0 ms
[timing] artifact expander/lib/syntax-runtime.scm-o2.gfo 7 ms
[timing] bundle-parse /tmp/bench-itab2/caches/warm-small-real/v2937778fb9e9/expander/lib/syntax-case.scm-o2.gfo 1 ms
[timing] bundle-defs /tmp/bench-itab2/caches/warm-small-real/v2937778fb9e9/expander/lib/syntax-case.scm-o2.gfo 0 ms
[timing] bundle-meta /tmp/bench-itab2/caches/warm-small-real/v2937778fb9e9/expander/lib/syntax-case.scm-o2.gfo 0 ms
[timing] bundle-alias /tmp/bench-itab2/caches/warm-small-real/v2937778fb9e9/expander/lib/syntax-case.scm-o2.gfo 0 ms
[timing] artifact expander/lib/syntax-case.scm-o2.gfo 4 ms
[timing] bundle-parse /tmp/bench-itab2/caches/warm-small-real/v2937778fb9e9/expander/lib/define-record-type.scm-o2.gfo 0 ms
[timing] bundle-defs /tmp/bench-itab2/caches/warm-small-real/v2937778fb9e9/expander/lib/define-record-type.scm-o2.gfo 0 ms
[timing] bundle-meta /tmp/bench-itab2/caches/warm-small-real/v2937778fb9e9/expander/lib/define-record-type.scm-o2.gfo 0 ms
[timing] bundle-alias /tmp/bench-itab2/caches/warm-small-real/v2937778fb9e9/expander/lib/define-record-type.scm-o2.gfo 0 ms
[timing] artifact expander/lib/define-record-type.scm-o2.gfo 1 ms
[timing] bundle-parse /tmp/bench-itab2/caches/warm-small-real/v2937778fb9e9/expander/lib/core-macros.scm-o2.gfo 3 ms
[timing] bundle-defs /tmp/bench-itab2/caches/warm-small-real/v2937778fb9e9/expander/lib/core-macros.scm-o2.gfo 0 ms
[timing] bundle-meta /tmp/bench-itab2/caches/warm-small-real/v2937778fb9e9/expander/lib/core-macros.scm-o2.gfo 1 ms
[timing] bundle-alias /tmp/bench-itab2/caches/warm-small-real/v2937778fb9e9/expander/lib/core-macros.scm-o2.gfo 0 ms
[timing] artifact expander/lib/core-macros.scm-o2.gfo 8 ms
[timing] bundle-parse /tmp/bench-itab2/caches/warm-small-real/v2937778fb9e9/expander/lib/cond-expand.scm-o2.gfo 0 ms
[timing] bundle-defs /tmp/bench-itab2/caches/warm-small-real/v2937778fb9e9/expander/lib/cond-expand.scm-o2.gfo 0 ms
[timing] bundle-meta /tmp/bench-itab2/caches/warm-small-real/v2937778fb9e9/expander/lib/cond-expand.scm-o2.gfo 0 ms
[timing] bundle-alias /tmp/bench-itab2/caches/warm-small-real/v2937778fb9e9/expander/lib/cond-expand.scm-o2.gfo 0 ms
[timing] artifact expander/lib/cond-expand.scm-o2.gfo 1 ms
[timing] bundle-parse /tmp/bench-itab2/caches/warm-small-real/v2937778fb9e9/expander/lib/defmacro.scm-o2.gfo 1 ms
[timing] bundle-defs /tmp/bench-itab2/caches/warm-small-real/v2937778fb9e9/expander/lib/defmacro.scm-o2.gfo 0 ms
[timing] bundle-meta /tmp/bench-itab2/caches/warm-small-real/v2937778fb9e9/expander/lib/defmacro.scm-o2.gfo 0 ms
[timing] bundle-alias /tmp/bench-itab2/caches/warm-small-real/v2937778fb9e9/expander/lib/defmacro.scm-o2.gfo 0 ms
[timing] artifact expander/lib/defmacro.scm-o2.gfo 2 ms
[timing] bundle-parse /tmp/bench-itab2/caches/warm-small-real/v2937778fb9e9/expander/lib/define-star.scm-o2.gfo 1 ms
[timing] bundle-defs /tmp/bench-itab2/caches/warm-small-real/v2937778fb9e9/expander/lib/define-star.scm-o2.gfo 0 ms
[timing] bundle-meta /tmp/bench-itab2/caches/warm-small-real/v2937778fb9e9/expander/lib/define-star.scm-o2.gfo 0 ms
[timing] bundle-alias /tmp/bench-itab2/caches/warm-small-real/v2937778fb9e9/expander/lib/define-star.scm-o2.gfo 0 ms
[timing] artifact expander/lib/define-star.scm-o2.gfo 2 ms
[timing] bundle-parse /tmp/bench-itab2/caches/warm-small-real/v2937778fb9e9/expander/lib/module-registry.scm-o2.gfo 0 ms
[timing] bundle-defs /tmp/bench-itab2/caches/warm-small-real/v2937778fb9e9/expander/lib/module-registry.scm-o2.gfo 0 ms
[timing] bundle-meta /tmp/bench-itab2/caches/warm-small-real/v2937778fb9e9/expander/lib/module-registry.scm-o2.gfo 1 ms
[timing] bundle-alias /tmp/bench-itab2/caches/warm-small-real/v2937778fb9e9/expander/lib/module-registry.scm-o2.gfo 0 ms
[timing] artifact expander/lib/module-registry.scm-o2.gfo 2 ms
[timing] bundle-parse /tmp/bench-itab2/caches/warm-small-real/v2937778fb9e9/expander/lib/module.scm-o2.gfo 5 ms
[timing] bundle-defs /tmp/bench-itab2/caches/warm-small-real/v2937778fb9e9/expander/lib/module.scm-o2.gfo 0 ms
[timing] bundle-meta /tmp/bench-itab2/caches/warm-small-real/v2937778fb9e9/expander/lib/module.scm-o2.gfo 7 ms
[timing] bundle-alias /tmp/bench-itab2/caches/warm-small-real/v2937778fb9e9/expander/lib/module.scm-o2.gfo 0 ms
[timing] artifact expander/lib/module.scm-o2.gfo 20 ms
[timing] bundle-parse /tmp/bench-itab2/caches/warm-small-real/v2937778fb9e9/expander/lib/standard.scm-o2.gfo 5 ms
[timing] bundle-defs /tmp/bench-itab2/caches/warm-small-real/v2937778fb9e9/expander/lib/standard.scm-o2.gfo 0 ms
[timing] bundle-meta /tmp/bench-itab2/caches/warm-small-real/v2937778fb9e9/expander/lib/standard.scm-o2.gfo 1 ms
[timing] bundle-alias /tmp/bench-itab2/caches/warm-small-real/v2937778fb9e9/expander/lib/standard.scm-o2.gfo 0 ms
[timing] artifact expander/lib/standard.scm-o2.gfo 12 ms
[timing] bundle-parse /tmp/bench-itab2/caches/warm-small-real/v2937778fb9e9/scheme/case-lambda.scm-o2.gfo 0 ms
[timing] bundle-import /tmp/bench-itab2/caches/warm-small-real/v2937778fb9e9/scheme/case-lambda.scm-o2.gfo ((scheme case-lambda)) 37 ms
[timing] bundle-meta /tmp/bench-itab2/caches/warm-small-real/v2937778fb9e9/scheme/case-lambda.scm-o2.gfo ((scheme case-lambda)) 0 ms
[timing] bundle-defs /tmp/bench-itab2/caches/warm-small-real/v2937778fb9e9/scheme/case-lambda.scm-o2.gfo ((scheme case-lambda)) 0 ms
[timing] bundle-module /tmp/bench-itab2/caches/warm-small-real/v2937778fb9e9/scheme/case-lambda.scm-o2.gfo ((scheme case-lambda)) 0 ms
[timing] artifact scheme/case-lambda.scm-o2.gfo 38 ms
[timing] load-cached-runtime 146 ms
[timing] gfo-seed 16 ms
[timing] load-install-scm 16 ms
[timing] load-install-boot 117 ms
[timing] expansion-helpers 5 ms
[timing] native-scheme-surface 60 ms
[timing] bundle-parse /tmp/bench-itab2/caches/warm-small-real/v2937778fb9e9/scheme/base.scm-o2.gfo 6 ms
[timing] bundle-import /tmp/bench-itab2/caches/warm-small-real/v2937778fb9e9/scheme/base.scm-o2.gfo ((scheme base)) 95 ms
[timing] bundle-meta /tmp/bench-itab2/caches/warm-small-real/v2937778fb9e9/scheme/base.scm-o2.gfo ((scheme base)) 2 ms
[timing] bundle-defs /tmp/bench-itab2/caches/warm-small-real/v2937778fb9e9/scheme/base.scm-o2.gfo ((scheme base)) 1 ms
[timing] bundle-module /tmp/bench-itab2/caches/warm-small-real/v2937778fb9e9/scheme/base.scm-o2.gfo ((scheme base)) 7 ms
[timing] artifact scheme/base.scm-o2.gfo 124 ms
[timing] standard-library 124 ms
[timing] post-standard-collection 3 ms
[timing] (lib-cache-read (scheme write)) 0 ms
[timing] (lib-import (scheme write)) 2 ms
[timing] (lib-bindings (scheme write)) 0 ms
[timing] (lib-macros (scheme write)) 0 ms
[timing] (lib-restore (scheme write)) 2 ms
[timing] (lib-eval-defs (scheme write)) 0 ms
[timing] (lib-load (scheme write)) 3 ms
[timing] (lib-cache-read (scheme read)) 0 ms
[timing] (lib-import (scheme read)) 1 ms
[timing] (lib-bindings (scheme read)) 0 ms
[timing] (lib-macros (scheme read)) 0 ms
[timing] (lib-restore (scheme read)) 1 ms
[timing] (lib-eval-defs (scheme read)) 0 ms
[timing] (lib-load (scheme read)) 2 ms
[timing] (lib-cache-read (scheme file)) 0 ms
[timing] (lib-import (scheme file)) 2 ms
[timing] (lib-bindings (scheme file)) 0 ms
[timing] (lib-macros (scheme file)) 1 ms
[timing] (lib-restore (scheme file)) 3 ms
[timing] (lib-eval-defs (scheme file)) 0 ms
[timing] (lib-load (scheme file)) 4 ms
[timing] (lib-cache-read (scheme process-context)) 0 ms
[timing] (lib-import (scheme process-context)) 2 ms
[timing] (lib-bindings (scheme process-context)) 0 ms
[timing] (lib-macros (scheme process-context)) 0 ms
[timing] (lib-restore (scheme process-context)) 3 ms
[timing] (lib-eval-defs (scheme process-context)) 0 ms
[timing] (lib-load (scheme process-context)) 4 ms
[timing] (lib-cache-read (scheme time)) 0 ms
[timing] (lib-import (scheme time)) 6 ms
[timing] (lib-bindings (scheme time)) 1 ms
[timing] (lib-macros (scheme time)) 0 ms
[timing] (lib-restore (scheme time)) 8 ms
[timing] (lib-eval-defs (scheme time)) 1 ms
[timing] (lib-load (scheme time)) 10 ms
[timing] (lib-cache-read (scheme char)) 10 ms
[timing] (lib-cache-read (liii unicode)) 5 ms
[timing] (lib-cache-read (liii base)) 1 ms
[timing] (lib-cache-read (srfi srfi-2)) 1 ms
[timing] (lib-import (srfi srfi-2)) 2 ms
[timing] (lib-bindings (srfi srfi-2)) 0 ms
[timing] (lib-macros (srfi srfi-2)) 7 ms
[timing] (lib-restore (srfi srfi-2)) 9 ms
[timing] (lib-eval-defs (srfi srfi-2)) 0 ms
[timing] (lib-load (srfi srfi-2)) 11 ms
[timing] (lib-cache-read (srfi srfi-8)) 0 ms
[timing] (lib-import (srfi srfi-8)) 2 ms
[timing] (lib-bindings (srfi srfi-8)) 0 ms
[timing] (lib-macros (srfi srfi-8)) 1 ms
[timing] (lib-restore (srfi srfi-8)) 4 ms
[timing] (lib-eval-defs (srfi srfi-8)) 0 ms
[timing] (lib-load (srfi srfi-8)) 5 ms
[timing] (lib-import (liii base)) 24 ms
[timing] (lib-bindings (liii base)) 0 ms
[timing] (lib-macros (liii base)) 3 ms
[timing] (lib-restore (liii base)) 28 ms
[timing] (lib-eval-defs (liii base)) 1 ms
[timing] (lib-load (liii base)) 31 ms
[timing] (lib-cache-read (liii ascii)) 1 ms
[timing] (lib-cache-read (srfi srfi-175)) 2 ms
[timing] (lib-import (srfi srfi-175)) 1 ms
[timing] (lib-bindings (srfi srfi-175)) 2 ms
[timing] (lib-macros (srfi srfi-175)) 1 ms
[timing] (lib-restore (srfi srfi-175)) 6 ms
[timing] (lib-eval-defs (srfi srfi-175)) 6 ms
[timing] (lib-load (srfi srfi-175)) 15 ms
[timing] (lib-import (liii ascii)) 28 ms
[timing] (lib-bindings (liii ascii)) 0 ms
[timing] (lib-macros (liii ascii)) 4 ms
[timing] (lib-restore (liii ascii)) 32 ms
[timing] (lib-eval-defs (liii ascii)) 4 ms
[timing] (lib-load (liii ascii)) 39 ms
[timing] (lib-cache-read (liii bitwise)) 1 ms
[timing] (lib-cache-read (srfi srfi-151)) 2 ms
[timing] (lib-import (srfi srfi-151)) 14 ms
[timing] (lib-bindings (srfi srfi-151)) 2 ms
[timing] (lib-macros (srfi srfi-151)) 1 ms
[timing] (lib-restore (srfi srfi-151)) 18 ms
[timing] (lib-eval-defs (srfi srfi-151)) 11 ms
[timing] (lib-load (srfi srfi-151)) 32 ms
[timing] (lib-cache-read (liii error)) 0 ms
[timing] (lib-import (liii error)) 2 ms
[timing] (lib-bindings (liii error)) 0 ms
[timing] (lib-macros (liii error)) 0 ms
[timing] (lib-restore (liii error)) 3 ms
[timing] (lib-eval-defs (liii error)) 1 ms
[timing] (lib-load (liii error)) 5 ms
[timing] (lib-import (liii bitwise)) 48 ms
[timing] (lib-bindings (liii bitwise)) 0 ms
[timing] (lib-macros (liii bitwise)) 4 ms
[timing] (lib-restore (liii bitwise)) 53 ms
[timing] (lib-eval-defs (liii bitwise)) 5 ms
[timing] (lib-load (liii bitwise)) 61 ms
[timing] (lib-import (liii unicode)) 180 ms
[timing] (lib-bindings (liii unicode)) 2 ms
[timing] (lib-macros (liii unicode)) 2 ms
[timing] (lib-restore (liii unicode)) 185 ms
[timing] (lib-eval-defs (liii unicode)) 25 ms
[timing] (lib-load (liii unicode)) 216 ms
[timing] (lib-import (scheme char)) 227 ms
[timing] (lib-bindings (scheme char)) 1 ms
[timing] (lib-macros (scheme char)) 0 ms
[timing] (lib-restore (scheme char)) 229 ms
[timing] (lib-eval-defs (scheme char)) 5 ms
[timing] (lib-load (scheme char)) 245 ms
[timing] (lib-cache-read (scheme complex)) 0 ms
[timing] (lib-import (scheme complex)) 3 ms
[timing] (lib-bindings (scheme complex)) 0 ms
[timing] (lib-macros (scheme complex)) 0 ms
[timing] (lib-restore (scheme complex)) 4 ms
[timing] (lib-eval-defs (scheme complex)) 0 ms
[timing] (lib-load (scheme complex)) 5 ms
[timing] (lib-cache-read (scheme cxr)) 0 ms
[timing] (lib-import (scheme cxr)) 2 ms
[timing] (lib-bindings (scheme cxr)) 0 ms
[timing] (lib-macros (scheme cxr)) 0 ms
[timing] (lib-restore (scheme cxr)) 3 ms
[timing] (lib-eval-defs (scheme cxr)) 0 ms
[timing] (lib-load (scheme cxr)) 4 ms
[timing] (lib-cache-read (scheme eval)) 0 ms
[timing] (lib-import (scheme eval)) 3 ms
[timing] (lib-bindings (scheme eval)) 0 ms
[timing] (lib-macros (scheme eval)) 0 ms
[timing] (lib-restore (scheme eval)) 4 ms
[timing] (lib-eval-defs (scheme eval)) 1 ms
[timing] (lib-load (scheme eval)) 6 ms
[timing] mode-imports 379 ms
[timing] load-source-reader 79 ms
[timing] load-native-writer 2 ms
[timing] boot total 986 ms
[timing] install-fork-runner 0 ms
[timing] compile-cache-lookup 38 ms
[timing] compile-cache-hit 0 ms
[timing] user-file 52 ms
