[timing] install-primitives 0 ms
[timing] load-kernel 35 ms
native cache unavailable: native bootstrap cache not found under /tmp/bench-cold-cand/caches/cold-minimal-1/v2937778fb9e9
[timing] load-cached-runtime 9 ms
[timing] cold-source-bootstrap 283 ms
[timing] gfo-seed 521 ms
[timing] load-install-scm 1855 ms
[timing] load-install-boot 10561 ms
[timing] expansion-helpers 8 ms
[timing] native-scheme-surface 2124 ms
[timing] standard-library 602 ms
[timing] post-standard-collection 8 ms
[timing] (lib-cache-read (scheme base)) 0 ms
[timing] (lib-load (scheme base)) 1413 ms
[timing] (lib-cache-read (scheme write)) 0 ms
[timing] (lib-load (scheme write)) 6 ms
[timing] (lib-cache-read (scheme read)) 0 ms
[timing] (lib-load (scheme read)) 7 ms
[timing] (lib-cache-read (scheme file)) 0 ms
[timing] (lib-load (scheme file)) 13 ms
[timing] (lib-cache-read (scheme process-context)) 0 ms
[timing] (lib-load (scheme process-context)) 14 ms
[timing] (lib-cache-read (scheme time)) 0 ms
[timing] (lib-load (scheme time)) 31 ms
[timing] (lib-cache-read (scheme char)) 0 ms
[timing] (lib-cache-read (liii unicode)) 0 ms
[timing] (lib-cache-read (liii base)) 0 ms
[timing] (lib-cache-read (srfi srfi-2)) 0 ms
[timing] (lib-load (srfi srfi-2)) 136 ms
[timing] (lib-cache-read (srfi srfi-8)) 0 ms
[timing] (lib-load (srfi srfi-8)) 41 ms
[timing] (lib-load (liii base)) 334 ms
[timing] (lib-cache-read (liii ascii)) 0 ms
[timing] (lib-cache-read (srfi srfi-175)) 0 ms
[timing] (lib-load (srfi srfi-175)) 618 ms
[timing] (lib-load (liii ascii)) 705 ms
[timing] (lib-cache-read (liii bitwise)) 0 ms
[timing] (lib-cache-read (srfi srfi-151)) 0 ms
[timing] (lib-load (srfi srfi-151)) 436 ms
[timing] (lib-cache-read (liii error)) 0 ms
[timing] (lib-load (liii error)) 49 ms
[timing] (lib-load (liii bitwise)) 575 ms
[timing] (lib-load (liii unicode)) 5011 ms
[timing] (lib-load (scheme char)) 5615 ms
[timing] (lib-cache-read (scheme complex)) 0 ms
[timing] (lib-load (scheme complex)) 21 ms
[timing] (lib-cache-read (scheme cxr)) 0 ms
[timing] (lib-load (scheme cxr)) 13 ms
[timing] (lib-cache-read (scheme eval)) 0 ms
[timing] (lib-load (scheme eval)) 161 ms
[timing] (lib-cache-read (scheme case-lambda)) 0 ms
[timing] (lib-load (scheme case-lambda)) 45 ms
[timing] mode-imports 7485 ms
[timing] load-source-reader 4831 ms
[timing] load-native-writer 39 ms
[timing] boot total 28366 ms
[timing] install-fork-runner 0 ms
[timing] compile-cache-lookup 1 ms
[timing] compile-read-source 0 ms
[timing] compile-expand 2 ms
[timing] (lib-cache-read (goldfish compiler)) 0 ms
[timing] (lib-cache-read (goldfish core ir)) 0 ms
[timing] (lib-load (goldfish core ir)) 2034 ms
[timing] (lib-cache-read (goldfish compiler patterns)) 1 ms
[timing] (lib-cache-read (goldfish match)) 0 ms
[timing] (lib-cache-read (goldfish match expansion)) 1 ms
[timing] (lib-load (goldfish match expansion)) 5895 ms
[timing] (lib-load (goldfish match)) 8781 ms
[timing] (lib-load (goldfish compiler patterns)) 9720 ms
[timing] (lib-cache-read (goldfish compiler passes)) 0 ms
[timing] (lib-load (goldfish compiler passes)) 5304 ms
[timing] (lib-load (goldfish compiler)) 18773 ms
[timing] optimize-load-compiler 18773 ms
[timing] (lib-cache-read (goldfish expander tree-il)) 0 ms
[timing] (lib-load (goldfish expander tree-il)) 2748 ms
[timing] optimize-load-tree-il 2748 ms
[timing] optimize-run-passes 1 ms
[timing] compile-optimize 21524 ms
[timing] compile-cache-write 3 ms
[timing] user-file 21530 ms
