[timing] install-primitives 0 ms
[timing] load-kernel 34 ms
native cache unavailable: native bootstrap cache not found under /tmp/bench-cold-cand/caches/cold-minimal-3/v2937778fb9e9
[timing] load-cached-runtime 9 ms
[timing] cold-source-bootstrap 269 ms
[timing] gfo-seed 501 ms
[timing] load-install-scm 1857 ms
[timing] load-install-boot 10651 ms
[timing] expansion-helpers 9 ms
[timing] native-scheme-surface 2130 ms
[timing] standard-library 592 ms
[timing] post-standard-collection 6 ms
[timing] (lib-cache-read (scheme base)) 0 ms
[timing] (lib-load (scheme base)) 1674 ms
[timing] (lib-cache-read (scheme write)) 0 ms
[timing] (lib-load (scheme write)) 6 ms
[timing] (lib-cache-read (scheme read)) 0 ms
[timing] (lib-load (scheme read)) 5 ms
[timing] (lib-cache-read (scheme file)) 0 ms
[timing] (lib-load (scheme file)) 12 ms
[timing] (lib-cache-read (scheme process-context)) 0 ms
[timing] (lib-load (scheme process-context)) 15 ms
[timing] (lib-cache-read (scheme time)) 0 ms
[timing] (lib-load (scheme time)) 28 ms
[timing] (lib-cache-read (scheme char)) 0 ms
[timing] (lib-cache-read (liii unicode)) 0 ms
[timing] (lib-cache-read (liii base)) 0 ms
[timing] (lib-cache-read (srfi srfi-2)) 0 ms
[timing] (lib-load (srfi srfi-2)) 145 ms
[timing] (lib-cache-read (srfi srfi-8)) 0 ms
[timing] (lib-load (srfi srfi-8)) 41 ms
[timing] (lib-load (liii base)) 353 ms
[timing] (lib-cache-read (liii ascii)) 0 ms
[timing] (lib-cache-read (srfi srfi-175)) 0 ms
[timing] (lib-load (srfi srfi-175)) 796 ms
[timing] (lib-load (liii ascii)) 886 ms
[timing] (lib-cache-read (liii bitwise)) 0 ms
[timing] (lib-cache-read (srfi srfi-151)) 0 ms
[timing] (lib-load (srfi srfi-151)) 455 ms
[timing] (lib-cache-read (liii error)) 0 ms
[timing] (lib-load (liii error)) 61 ms
[timing] (lib-load (liii bitwise)) 607 ms
[timing] (lib-load (liii unicode)) 5550 ms
[timing] (lib-load (scheme char)) 6171 ms
[timing] (lib-cache-read (scheme complex)) 0 ms
[timing] (lib-load (scheme complex)) 22 ms
[timing] (lib-cache-read (scheme cxr)) 0 ms
[timing] (lib-load (scheme cxr)) 12 ms
[timing] (lib-cache-read (scheme eval)) 0 ms
[timing] (lib-load (scheme eval)) 159 ms
[timing] (lib-cache-read (scheme case-lambda)) 0 ms
[timing] (lib-load (scheme case-lambda)) 47 ms
[timing] mode-imports 8299 ms
[timing] load-source-reader 4879 ms
[timing] load-native-writer 39 ms
[timing] boot total 29281 ms
[timing] install-fork-runner 0 ms
[timing] compile-cache-lookup 1 ms
[timing] compile-read-source 0 ms
[timing] compile-expand 2 ms
[timing] (lib-cache-read (goldfish compiler)) 1 ms
[timing] (lib-cache-read (goldfish core ir)) 0 ms
[timing] (lib-load (goldfish core ir)) 1997 ms
[timing] (lib-cache-read (goldfish compiler patterns)) 2 ms
[timing] (lib-cache-read (goldfish match)) 1 ms
[timing] (lib-cache-read (goldfish match expansion)) 1 ms
[timing] (lib-load (goldfish match expansion)) 5868 ms
[timing] (lib-load (goldfish match)) 8690 ms
[timing] (lib-load (goldfish compiler patterns)) 9597 ms
[timing] (lib-cache-read (goldfish compiler passes)) 0 ms
[timing] (lib-load (goldfish compiler passes)) 5332 ms
[timing] (lib-load (goldfish compiler)) 18656 ms
[timing] optimize-load-compiler 18656 ms
[timing] (lib-cache-read (goldfish expander tree-il)) 0 ms
[timing] (lib-load (goldfish expander tree-il)) 2704 ms
[timing] optimize-load-tree-il 2704 ms
[timing] optimize-run-passes 1 ms
[timing] compile-optimize 21363 ms
[timing] compile-cache-write 3 ms
[timing] user-file 21368 ms
