[timing] install-primitives 0 ms
[timing] load-kernel 38 ms
native cache unavailable: native bootstrap cache not found under /tmp/bench-cold-cand/caches/cold-minimal-2/v2937778fb9e9
[timing] load-cached-runtime 8 ms
[timing] cold-source-bootstrap 276 ms
[timing] gfo-seed 515 ms
[timing] load-install-scm 1847 ms
[timing] load-install-boot 10744 ms
[timing] expansion-helpers 10 ms
[timing] native-scheme-surface 2134 ms
[timing] standard-library 592 ms
[timing] post-standard-collection 7 ms
[timing] (lib-cache-read (scheme base)) 0 ms
[timing] (lib-load (scheme base)) 1416 ms
[timing] (lib-cache-read (scheme write)) 0 ms
[timing] (lib-load (scheme write)) 6 ms
[timing] (lib-cache-read (scheme read)) 0 ms
[timing] (lib-load (scheme read)) 5 ms
[timing] (lib-cache-read (scheme file)) 0 ms
[timing] (lib-load (scheme file)) 14 ms
[timing] (lib-cache-read (scheme process-context)) 0 ms
[timing] (lib-load (scheme process-context)) 14 ms
[timing] (lib-cache-read (scheme time)) 0 ms
[timing] (lib-load (scheme time)) 29 ms
[timing] (lib-cache-read (scheme char)) 0 ms
[timing] (lib-cache-read (liii unicode)) 0 ms
[timing] (lib-cache-read (liii base)) 0 ms
[timing] (lib-cache-read (srfi srfi-2)) 0 ms
[timing] (lib-load (srfi srfi-2)) 130 ms
[timing] (lib-cache-read (srfi srfi-8)) 0 ms
[timing] (lib-load (srfi srfi-8)) 53 ms
[timing] (lib-load (liii base)) 337 ms
[timing] (lib-cache-read (liii ascii)) 0 ms
[timing] (lib-cache-read (srfi srfi-175)) 0 ms
[timing] (lib-load (srfi srfi-175)) 629 ms
[timing] (lib-load (liii ascii)) 709 ms
[timing] (lib-cache-read (liii bitwise)) 0 ms
[timing] (lib-cache-read (srfi srfi-151)) 0 ms
[timing] (lib-load (srfi srfi-151)) 442 ms
[timing] (lib-cache-read (liii error)) 0 ms
[timing] (lib-load (liii error)) 48 ms
[timing] (lib-load (liii bitwise)) 589 ms
[timing] (lib-load (liii unicode)) 5123 ms
[timing] (lib-load (scheme char)) 5738 ms
[timing] (lib-cache-read (scheme complex)) 0 ms
[timing] (lib-load (scheme complex)) 22 ms
[timing] (lib-cache-read (scheme cxr)) 0 ms
[timing] (lib-load (scheme cxr)) 11 ms
[timing] (lib-cache-read (scheme eval)) 0 ms
[timing] (lib-load (scheme eval)) 166 ms
[timing] (lib-cache-read (scheme case-lambda)) 0 ms
[timing] (lib-load (scheme case-lambda)) 44 ms
[timing] mode-imports 7613 ms
[timing] load-source-reader 4864 ms
[timing] load-native-writer 42 ms
[timing] boot total 28697 ms
[timing] install-fork-runner 0 ms
[timing] compile-cache-lookup 0 ms
[timing] compile-read-source 1 ms
[timing] compile-expand 2 ms
[timing] (lib-cache-read (goldfish compiler)) 0 ms
[timing] (lib-cache-read (goldfish core ir)) 0 ms
[timing] (lib-load (goldfish core ir)) 2007 ms
[timing] (lib-cache-read (goldfish compiler patterns)) 1 ms
[timing] (lib-cache-read (goldfish match)) 0 ms
[timing] (lib-cache-read (goldfish match expansion)) 0 ms
[timing] (lib-load (goldfish match expansion)) 5947 ms
[timing] (lib-load (goldfish match)) 8822 ms
[timing] (lib-load (goldfish compiler patterns)) 9749 ms
[timing] (lib-cache-read (goldfish compiler passes)) 0 ms
[timing] (lib-load (goldfish compiler passes)) 5343 ms
[timing] (lib-load (goldfish compiler)) 18838 ms
[timing] optimize-load-compiler 18838 ms
[timing] (lib-cache-read (goldfish expander tree-il)) 0 ms
[timing] (lib-load (goldfish expander tree-il)) 2646 ms
[timing] optimize-load-tree-il 2647 ms
[timing] optimize-run-passes 1 ms
[timing] compile-optimize 21487 ms
[timing] compile-cache-write 2 ms
[timing] user-file 21492 ms
