[timing] install-primitives 0 ms
[timing] load-kernel 35 ms
native cache unavailable: native bootstrap cache not found under /tmp/bench-cold-cand/caches/bootstrap/v2937778fb9e9
[timing] load-cached-runtime 8 ms
[timing] cold-source-bootstrap 283 ms
[timing] gfo-seed 518 ms
[timing] load-install-scm 1858 ms
[timing] load-install-boot 10574 ms
[timing] expansion-helpers 8 ms
[timing] native-scheme-surface 2108 ms
[timing] standard-library 595 ms
[timing] post-standard-collection 6 ms
[timing] (lib-cache-read (scheme base)) 0 ms
[timing] (lib-load (scheme base)) 1386 ms
[timing] (lib-cache-read (scheme write)) 0 ms
[timing] (lib-load (scheme write)) 6 ms
[timing] (lib-cache-read (scheme read)) 0 ms
[timing] (lib-load (scheme read)) 7 ms
[timing] (lib-cache-read (scheme file)) 0 ms
[timing] (lib-load (scheme file)) 12 ms
[timing] (lib-cache-read (scheme process-context)) 0 ms
[timing] (lib-load (scheme process-context)) 15 ms
[timing] (lib-cache-read (scheme time)) 0 ms
[timing] (lib-load (scheme time)) 31 ms
[timing] (lib-cache-read (scheme char)) 0 ms
[timing] (lib-cache-read (liii unicode)) 0 ms
[timing] (lib-cache-read (liii base)) 0 ms
[timing] (lib-cache-read (srfi srfi-2)) 0 ms
[timing] (lib-load (srfi srfi-2)) 131 ms
[timing] (lib-cache-read (srfi srfi-8)) 0 ms
[timing] (lib-load (srfi srfi-8)) 52 ms
[timing] (lib-load (liii base)) 339 ms
[timing] (lib-cache-read (liii ascii)) 0 ms
[timing] (lib-cache-read (srfi srfi-175)) 0 ms
[timing] (lib-load (srfi srfi-175)) 644 ms
[timing] (lib-load (liii ascii)) 722 ms
[timing] (lib-cache-read (liii bitwise)) 0 ms
[timing] (lib-cache-read (srfi srfi-151)) 0 ms
[timing] (lib-load (srfi srfi-151)) 441 ms
[timing] (lib-cache-read (liii error)) 0 ms
[timing] (lib-load (liii error)) 62 ms
[timing] (lib-load (liii bitwise)) 592 ms
[timing] (lib-load (liii unicode)) 5161 ms
[timing] (lib-load (scheme char)) 5771 ms
[timing] (lib-cache-read (scheme complex)) 0 ms
[timing] (lib-load (scheme complex)) 21 ms
[timing] (lib-cache-read (scheme cxr)) 0 ms
[timing] (lib-load (scheme cxr)) 12 ms
[timing] (lib-cache-read (scheme eval)) 0 ms
[timing] (lib-load (scheme eval)) 167 ms
[timing] (lib-cache-read (scheme case-lambda)) 0 ms
[timing] (lib-load (scheme case-lambda)) 48 ms
[timing] mode-imports 7622 ms
[timing] load-source-reader 4738 ms
[timing] load-native-writer 38 ms
[timing] boot total 28397 ms
[timing] install-fork-runner 0 ms
[timing] compile-cache-lookup 0 ms
[timing] compile-read-source 1 ms
[timing] compile-expand 2 ms
[timing] (lib-cache-read (goldfish compiler)) 0 ms
[timing] (lib-cache-read (goldfish core ir)) 0 ms
[timing] (lib-load (goldfish core ir)) 2024 ms
[timing] (lib-cache-read (goldfish compiler patterns)) 0 ms
[timing] (lib-cache-read (goldfish match)) 0 ms
[timing] (lib-cache-read (goldfish match expansion)) 0 ms
[timing] (lib-load (goldfish match expansion)) 5902 ms
[timing] (lib-load (goldfish match)) 8786 ms
[timing] (lib-load (goldfish compiler patterns)) 9745 ms
[timing] (lib-cache-read (goldfish compiler passes)) 0 ms
[timing] (lib-load (goldfish compiler passes)) 5327 ms
[timing] (lib-load (goldfish compiler)) 18803 ms
[timing] optimize-load-compiler 18804 ms
[timing] (lib-cache-read (goldfish expander tree-il)) 0 ms
[timing] (lib-load (goldfish expander tree-il)) 2697 ms
[timing] optimize-load-tree-il 2697 ms
[timing] optimize-run-passes 1 ms
[timing] compile-optimize 21504 ms
[timing] compile-cache-write 2 ms
[timing] user-file 21509 ms
