[timing] install-primitives 0 ms
[timing] load-kernel 30 ms
native cache unavailable: native bootstrap cache not found under /tmp/bench-2c-base-coldonly/caches/cold-minimal-3/v0e17aa3f9a8c
[timing] load-cached-runtime 7 ms
[timing] cold-source-bootstrap 282 ms
[timing] load-install-scm 9990 ms
[timing] expansion-helpers 6 ms
[timing] native-scheme-surface 2801 ms
[timing] standard-library 845 ms
[timing] post-standard-collection 3 ms
[timing] (lib-load (scheme base)) 1952 ms
[timing] (lib-load (scheme write)) 9 ms
[timing] (lib-load (scheme read)) 8 ms
[timing] (lib-load (scheme file)) 14 ms
[timing] (lib-load (scheme process-context)) 17 ms
[timing] (lib-load (scheme time)) 34 ms
[timing] (lib-load (srfi srfi-2)) 182 ms
[timing] (lib-load (srfi srfi-8)) 55 ms
[timing] (lib-load (liii base)) 416 ms
[timing] (lib-load (srfi srfi-175)) 906 ms
[timing] (lib-load (liii ascii)) 991 ms
[timing] (lib-load (srfi srfi-151)) 659 ms
[timing] (lib-load (liii error)) 60 ms
[timing] (lib-load (liii bitwise)) 815 ms
[timing] (lib-load (liii unicode)) 7162 ms
[timing] (lib-load (scheme char)) 7887 ms
[timing] (lib-load (scheme complex)) 26 ms
[timing] (lib-load (scheme cxr)) 15 ms
[timing] (lib-load (scheme eval)) 208 ms
[timing] (lib-load (scheme case-lambda)) 51 ms
[timing] mode-imports 10469 ms
[timing] load-source-reader 9284 ms
[timing] load-native-writer 45 ms
[timing] boot total 33767 ms
[timing] install-fork-runner 0 ms
[timing] compile-cache-lookup 1 ms
[timing] compile-read-source 0 ms
[timing] compile-expand 2 ms
[timing] (lib-load (goldfish core ir)) 3143 ms
[timing] (lib-load (goldfish match expansion)) 7594 ms
[timing] (lib-load (goldfish match)) 11499 ms
[timing] (lib-load (goldfish compiler patterns)) 12486 ms
[timing] (lib-load (goldfish compiler passes)) 7998 ms
[timing] (lib-load (goldfish compiler)) 25440 ms
[timing] optimize-load-compiler 25440 ms
[timing] (lib-load (goldfish expander tree-il)) 2991 ms
[timing] optimize-load-tree-il 2991 ms
[timing] optimize-run-passes 2 ms
[timing] compile-optimize 28436 ms
[timing] compile-cache-write 2 ms
[timing] user-file 28441 ms
