[timing] install-primitives 0 ms
[timing] load-kernel 34 ms
native cache unavailable: native bootstrap cache not found under /tmp/bench-2c-base-coldonly/caches/cold-minimal-1/v0e17aa3f9a8c
[timing] load-cached-runtime 7 ms
[timing] cold-source-bootstrap 278 ms
[timing] load-install-scm 10130 ms
[timing] expansion-helpers 5 ms
[timing] native-scheme-surface 2785 ms
[timing] standard-library 840 ms
[timing] post-standard-collection 3 ms
[timing] (lib-load (scheme base)) 1967 ms
[timing] (lib-load (scheme write)) 9 ms
[timing] (lib-load (scheme read)) 8 ms
[timing] (lib-load (scheme file)) 15 ms
[timing] (lib-load (scheme process-context)) 17 ms
[timing] (lib-load (scheme time)) 34 ms
[timing] (lib-load (srfi srfi-2)) 181 ms
[timing] (lib-load (srfi srfi-8)) 55 ms
[timing] (lib-load (liii base)) 422 ms
[timing] (lib-load (srfi srfi-175)) 916 ms
[timing] (lib-load (liii ascii)) 1002 ms
[timing] (lib-load (srfi srfi-151)) 655 ms
[timing] (lib-load (liii error)) 61 ms
[timing] (lib-load (liii bitwise)) 822 ms
[timing] (lib-load (liii unicode)) 7223 ms
[timing] (lib-load (scheme char)) 7955 ms
[timing] (lib-load (scheme complex)) 29 ms
[timing] (lib-load (scheme cxr)) 15 ms
[timing] (lib-load (scheme eval)) 202 ms
[timing] (lib-load (scheme case-lambda)) 51 ms
[timing] mode-imports 10564 ms
[timing] load-source-reader 9095 ms
[timing] load-native-writer 42 ms
[timing] boot total 33789 ms
[timing] install-fork-runner 0 ms
[timing] compile-cache-lookup 0 ms
[timing] compile-read-source 1 ms
[timing] compile-expand 2 ms
[timing] (lib-load (goldfish core ir)) 3161 ms
[timing] (lib-load (goldfish match expansion)) 7662 ms
[timing] (lib-load (goldfish match)) 11579 ms
[timing] (lib-load (goldfish compiler patterns)) 12569 ms
[timing] (lib-load (goldfish compiler passes)) 8155 ms
[timing] (lib-load (goldfish compiler)) 25721 ms
[timing] optimize-load-compiler 25721 ms
[timing] (lib-load (goldfish expander tree-il)) 3051 ms
[timing] optimize-load-tree-il 3051 ms
[timing] optimize-run-passes 2 ms
[timing] compile-optimize 28776 ms
[timing] compile-cache-write 2 ms
[timing] user-file 28781 ms
