[timing] install-primitives 0 ms
[timing] load-kernel 33 ms
native cache unavailable: native bootstrap cache not found under /tmp/bench-2c-base-coldonly/caches/cold-minimal-2/v0e17aa3f9a8c
[timing] load-cached-runtime 8 ms
[timing] cold-source-bootstrap 273 ms
[timing] load-install-scm 10034 ms
[timing] expansion-helpers 5 ms
[timing] native-scheme-surface 2738 ms
[timing] standard-library 838 ms
[timing] post-standard-collection 5 ms
[timing] (lib-load (scheme base)) 1920 ms
[timing] (lib-load (scheme write)) 8 ms
[timing] (lib-load (scheme read)) 7 ms
[timing] (lib-load (scheme file)) 14 ms
[timing] (lib-load (scheme process-context)) 16 ms
[timing] (lib-load (scheme time)) 32 ms
[timing] (lib-load (srfi srfi-2)) 170 ms
[timing] (lib-load (srfi srfi-8)) 60 ms
[timing] (lib-load (liii base)) 399 ms
[timing] (lib-load (srfi srfi-175)) 895 ms
[timing] (lib-load (liii ascii)) 979 ms
[timing] (lib-load (srfi srfi-151)) 638 ms
[timing] (lib-load (liii error)) 67 ms
[timing] (lib-load (liii bitwise)) 802 ms
[timing] (lib-load (liii unicode)) 6971 ms
[timing] (lib-load (scheme char)) 7689 ms
[timing] (lib-load (scheme complex)) 26 ms
[timing] (lib-load (scheme cxr)) 14 ms
[timing] (lib-load (scheme eval)) 197 ms
[timing] (lib-load (scheme case-lambda)) 51 ms
[timing] mode-imports 10220 ms
[timing] load-source-reader 9136 ms
[timing] load-native-writer 41 ms
[timing] boot total 33335 ms
[timing] install-fork-runner 0 ms
[timing] compile-cache-lookup 1 ms
[timing] compile-read-source 0 ms
[timing] compile-expand 2 ms
[timing] (lib-load (goldfish core ir)) 3203 ms
[timing] (lib-load (goldfish match expansion)) 7653 ms
[timing] (lib-load (goldfish match)) 11564 ms
[timing] (lib-load (goldfish compiler patterns)) 12548 ms
[timing] (lib-load (goldfish compiler passes)) 8019 ms
[timing] (lib-load (goldfish compiler)) 25579 ms
[timing] optimize-load-compiler 25579 ms
[timing] (lib-load (goldfish expander tree-il)) 3002 ms
[timing] optimize-load-tree-il 3002 ms
[timing] optimize-run-passes 2 ms
[timing] compile-optimize 28585 ms
[timing] compile-cache-write 2 ms
[timing] user-file 28590 ms
