[timing] install-primitives 0 ms
[timing] load-kernel 33 ms
native cache unavailable: native bootstrap cache not found under /tmp/bench-2c-base-coldonly/caches/bootstrap/v0e17aa3f9a8c
[timing] load-cached-runtime 7 ms
[timing] cold-source-bootstrap 267 ms
[timing] load-install-scm 9816 ms
[timing] expansion-helpers 6 ms
[timing] native-scheme-surface 2713 ms
[timing] standard-library 819 ms
[timing] post-standard-collection 4 ms
[timing] (lib-load (scheme base)) 1895 ms
[timing] (lib-load (scheme write)) 8 ms
[timing] (lib-load (scheme read)) 7 ms
[timing] (lib-load (scheme file)) 13 ms
[timing] (lib-load (scheme process-context)) 17 ms
[timing] (lib-load (scheme time)) 32 ms
[timing] (lib-load (srfi srfi-2)) 168 ms
[timing] (lib-load (srfi srfi-8)) 60 ms
[timing] (lib-load (liii base)) 396 ms
[timing] (lib-load (srfi srfi-175)) 888 ms
[timing] (lib-load (liii ascii)) 972 ms
[timing] (lib-load (srfi srfi-151)) 644 ms
[timing] (lib-load (liii error)) 59 ms
[timing] (lib-load (liii bitwise)) 796 ms
[timing] (lib-load (liii unicode)) 6940 ms
[timing] (lib-load (scheme char)) 7666 ms
[timing] (lib-load (scheme complex)) 30 ms
[timing] (lib-load (scheme cxr)) 15 ms
[timing] (lib-load (scheme eval)) 204 ms
[timing] (lib-load (scheme case-lambda)) 50 ms
[timing] mode-imports 10186 ms
[timing] load-source-reader 9003 ms
[timing] load-native-writer 44 ms
[timing] boot total 32903 ms
[timing] install-fork-runner 0 ms
[timing] compile-cache-lookup 0 ms
[timing] compile-read-source 1 ms
[timing] compile-expand 2 ms
[timing] (lib-load (goldfish core ir)) 3072 ms
[timing] (lib-load (goldfish match expansion)) 7482 ms
[timing] (lib-load (goldfish match)) 11303 ms
[timing] (lib-load (goldfish compiler patterns)) 12271 ms
[timing] (lib-load (goldfish compiler passes)) 7877 ms
[timing] (lib-load (goldfish compiler)) 25013 ms
[timing] optimize-load-compiler 25013 ms
[timing] (lib-load (goldfish expander tree-il)) 3013 ms
[timing] optimize-load-tree-il 3014 ms
[timing] optimize-run-passes 2 ms
[timing] compile-optimize 28030 ms
[timing] compile-cache-write 2 ms
[timing] user-file 28036 ms
