Running changed tests since: main

=== Test Summary ===

  tests/compiler/syntax-ir-test.scm ... [32mPASS[0m
  tests/expander/internal-surface-test.scm ... [32mPASS[0m
  tests/liii/base/copy-test.scm ... [32mPASS[0m
  tests/liii/expander/expander-test.scm ... [32mPASS[0m
  tests/scheme/base/list-p-test.scm ... [32mPASS[0m
  tests/compiler/constant-fold-test.scm ... [32mPASS[0m
  tests/expander/import-perlevel-test.scm ... [32mPASS[0m
  tests/expander/import-sets-test.scm ... [32mPASS[0m
  tests/expander/lib-cache-import-order-test.scm ... [32mPASS[0m
  tests/expander/lib-cache-test.scm ... [32mPASS[0m
  tests/expander/library-include-test.scm ... [32mPASS[0m
  tests/expander/macro-error-test.scm ... [32mPASS[0m
  tests/expander/macro-features-test.scm ... [32mPASS[0m
  tests/expander/named-ellipsis-test.scm ... [32mPASS[0m
  tests/expander/native-abi-load-test.scm ... [32mPASS[0m
  tests/expander/program-cache-macro-test.scm ... [32mPASS[0m
  tests/expander/program-cache-syntax-test.scm ... [32mPASS[0m
  tests/expander/syntax-template-ellipsis-test.scm ... [32mPASS[0m
  tests/liii/base/eval-string-test.scm ... [32mPASS[0m
  tests/liii/bitwise/bignum-test.scm ... [32mPASS[0m
  tests/liii/bitwise/bit-field-any-p-test.scm ... [32mPASS[0m
  tests/liii/bitwise/bit-field-clear-test.scm ... [32mPASS[0m
  tests/liii/bitwise/bit-field-every-p-test.scm ... [32mPASS[0m
  tests/liii/bitwise/bit-field-set-test.scm ... [32mPASS[0m
  tests/liii/bitwise/bit-field-test.scm ... [32mPASS[0m
  tests/liii/bitwise/bit-set-p-test.scm ... [32mPASS[0m
  tests/liii/bitwise/bit-swap-test.scm ... [32mPASS[0m
  tests/liii/bitwise/copy-bit-test.scm ... [32mPASS[0m
  tests/liii/bitwise/scale-test.scm ... [32mPASS[0m
  tests/liii/case-test.scm ... [32mPASS[0m
  tests/liii/comparator-test.scm ... [32mPASS[0m
  tests/liii/expand-eval-test.scm ... [32mPASS[0m
  tests/liii/flexvector/list-to-flexvector-test.scm ... [32mPASS[0m
  tests/liii/hash-table/hash-table-test.scm ... [32mPASS[0m
  tests/liii/hash-table/resize-test.scm ... [32mPASS[0m
  tests/liii/iset/integer-domain-test.scm ... [32mPASS[0m
  tests/liii/iset/iset-adjoin-test.scm ... [32mPASS[0m
  tests/liii/iset/iset-constructor-test.scm ... [32mPASS[0m
  tests/liii/iset/iset-contains-p-test.scm ... [32mPASS[0m
  tests/liii/iset/iset-copy-test.scm ... [32mPASS[0m
  tests/liii/iset/iset-count-test.scm ... [32mPASS[0m
  tests/liii/iset/iset-difference-test.scm ... [32mPASS[0m
  tests/liii/iset/iset-disjoint-p-test.scm ... [32mPASS[0m
  tests/liii/iset/iset-ge-p-test.scm ... [32mPASS[0m
  tests/liii/iset/iset-gt-p-test.scm ... [32mPASS[0m
  tests/liii/iset/iset-intersection-test.scm ... [32mPASS[0m
  tests/liii/iset/iset-le-p-test.scm ... [32mPASS[0m
  tests/liii/iset/iset-lt-p-test.scm ... [32mPASS[0m
  tests/liii/iset/iset-max-test.scm ... [32mPASS[0m
  tests/liii/iset/iset-min-test.scm ... [32mPASS[0m
  tests/liii/iset/iset-open-interval-test.scm ... [32mPASS[0m
  tests/liii/iset/iset-search-bang-test.scm ... [32mPASS[0m
  tests/liii/iset/iset-search-test.scm ... [32mPASS[0m
  tests/liii/iset/iset-size-test.scm ... [32mPASS[0m
  tests/liii/iset/iset-test.scm ... [32mPASS[0m
  tests/liii/iset/iset-to-list-test.scm ... [32mPASS[0m
  tests/liii/iset/iset-union-test.scm ... [32mPASS[0m
  tests/liii/iset/iset-xor-test.scm ... [32mPASS[0m
  tests/liii/iset/isubset-eq-test.scm ... [32mPASS[0m
  tests/liii/iset/isubset-ge-test.scm ... [32mPASS[0m
  tests/liii/iset/isubset-gt-test.scm ... [32mPASS[0m
  tests/liii/iset/isubset-le-test.scm ... [32mPASS[0m
  tests/liii/iset/isubset-lt-test.scm ... [32mPASS[0m
  tests/liii/json/json-float-p-test.scm ... [32mPASS[0m
  tests/liii/json/json-integer-p-test.scm ... [32mPASS[0m
  tests/liii/json/json-to-string-test.scm ... [32mPASS[0m
  tests/liii/list/circular-list-test.scm ... [32mPASS[0m
  tests/liii/list/filter-test.scm ... [32mPASS[0m
  tests/liii/list/split-at-test.scm ... [32mPASS[0m
  tests/liii/list/take-test.scm ... [32mPASS[0m
  tests/liii/match-capability-test.scm ... [32mPASS[0m
  tests/liii/os/listdir-test.scm ... [32mPASS[0m
  tests/liii/packrat-test.scm ... [32mPASS[0m
  tests/liii/random/random-integer-test.scm ... [32mPASS[0m
  tests/liii/reader/write-roundtrip-test.scm ... [32mPASS[0m
  tests/liii/sort/vector-sorted-p-test.scm ... [32mPASS[0m
  tests/liii/string/char-position-test.scm ... [32mPASS[0m
  tests/liii/string/string-any-test.scm ... [32mPASS[0m
  tests/liii/string/string-copy-test.scm ... [32mPASS[0m
  tests/liii/string/string-drop-test.scm ... [32mPASS[0m
  tests/liii/string/string-every-test.scm ... [32mPASS[0m
  tests/liii/string/string-pad-right-test.scm ... [32mPASS[0m
  tests/liii/string/string-pad-test.scm ... [32mPASS[0m
  tests/liii/string/string-position-test.scm ... [32mPASS[0m
  tests/liii/string/string-take-right-test.scm ... [32mPASS[0m
  tests/liii/string/string-take-test.scm ... [32mPASS[0m
  tests/liii/time/current-time-test.scm ... [32mPASS[0m
  tests/liii/time/time-resolution-test.scm ... [32mPASS[0m
  tests/liii/unicode/utf8-string-test.scm ... [32mPASS[0m
  tests/liii/uuid-test.scm ... [32mPASS[0m
  tests/liii/vector/int-vector-set-bang-test.scm ... [32mPASS[0m
  tests/liii/vector/vector-filter-test.scm ... [32mPASS[0m
  tests/r7rs/conditional-library-test.scm ... [32mPASS[0m
  tests/r7rs/continuation-test.scm ... [32mPASS[0m
  tests/r7rs/custom-ellipsis-test.scm ... [32mPASS[0m
  tests/r7rs/custom-ellipsis-variable-test.scm ... [32mPASS[0m
  tests/r7rs/exception-test.scm ... [32mPASS[0m
  tests/r7rs/include-case-test.scm ... [32mPASS[0m
  tests/r7rs/include-declarations-test.scm ... [32mPASS[0m
  tests/r7rs/library-declarations-test.scm ... [32mPASS[0m
  tests/r7rs/library-feature-test.scm ... [32mPASS[0m
  tests/r7rs/library-loading-test.scm ... [32mPASS[0m
  tests/r7rs/macro-hygiene-test.scm ... [32mPASS[0m
  tests/r7rs/numbered-library-test.scm ... [32mPASS[0m
  tests/r7rs/parameter-test.scm ... [32mPASS[0m
  tests/r7rs/promise-test.scm ... [32mPASS[0m
  tests/r7rs/tail-context-test.scm ... [32mPASS[0m
  tests/scheme/base/cache-roundtrip-test.scm ... [32mPASS[0m
  tests/scheme/base/call-slash-cc-test.scm ... [32mPASS[0m
  tests/scheme/base/cond-expand-test.scm ... [32mPASS[0m
  tests/scheme/base/dynamic-wind-test.scm ... [32mPASS[0m
  tests/scheme/base/eqv-p-test.scm ... [32mPASS[0m
  tests/scheme/base/error-object-test.scm ... [32mPASS[0m
  tests/scheme/base/exact-integer-sqrt-test.scm ... [32mPASS[0m
  tests/scheme/base/exact-test.scm ... [32mPASS[0m
  tests/scheme/base/expt-test.scm ... [32mPASS[0m
  tests/scheme/base/floor-slash-test.scm ... [32mPASS[0m
  tests/scheme/base/floor-test.scm ... [32mPASS[0m
  tests/scheme/base/gcd-test.scm ... [32mPASS[0m
  tests/scheme/base/guard-test.scm ... [32mPASS[0m
  tests/scheme/base/inexact-test.scm ... [32mPASS[0m
  tests/scheme/base/lcm-test.scm ... [32mPASS[0m
  tests/scheme/base/number-to-string-test.scm ... [32mPASS[0m
  tests/scheme/base/numeric-comparison-test.scm ... [32mPASS[0m
  tests/scheme/base/plus-test.scm ... [32mPASS[0m
  tests/scheme/base/quotient-test.scm ... [32mPASS[0m
  tests/scheme/base/raise-continuable-test.scm ... [32mPASS[0m
  tests/scheme/base/rational-p-test.scm ... [32mPASS[0m
  tests/scheme/base/rationalize-test.scm ... [32mPASS[0m
  tests/scheme/base/remainder-test.scm ... [32mPASS[0m
  tests/scheme/base/star-test.scm ... [32mPASS[0m
  tests/scheme/base/string-copy-test.scm ... [32mPASS[0m
  tests/scheme/base/string-length-test.scm ... [32mPASS[0m
  tests/scheme/base/string-test.scm ... [32mPASS[0m
  tests/scheme/base/string-to-number-test.scm ... [32mPASS[0m
  tests/scheme/base/string-to-utf8-test.scm ... [32mPASS[0m
  tests/scheme/base/substring-test.scm ... [32mPASS[0m
  tests/scheme/base/truncate-test.scm ... [32mPASS[0m
  tests/scheme/base/unicode-string-port-test.scm ... [32mPASS[0m
  tests/scheme/base/vector-ref-test.scm ... [32mPASS[0m
  tests/scheme/base/with-exception-handler-test.scm ... [32mPASS[0m
  tests/scheme/complex/angle-test.scm ... [32mPASS[0m
  tests/scheme/complex/imag-part-test.scm ... [32mPASS[0m
  tests/scheme/complex/make-rectangular-test.scm ... [32mPASS[0m
  tests/scheme/complex/real-part-test.scm ... [32mPASS[0m
  tests/scheme/eval/environment-test.scm ... [32mPASS[0m
  tests/scheme/inexact/acos-test.scm ... [32mPASS[0m
  tests/scheme/inexact/asin-test.scm ... [32mPASS[0m
  tests/scheme/inexact/atan-test.scm ... [32mPASS[0m
  tests/scheme/inexact/cos-test.scm ... [32mPASS[0m
  tests/scheme/inexact/exp-test.scm ... [32mPASS[0m
  tests/scheme/inexact/log-test.scm ... [32mPASS[0m
  tests/scheme/inexact/sin-test.scm ... [32mPASS[0m
  tests/scheme/inexact/tan-test.scm ... [32mPASS[0m
  tests/scheme/r5rs-test.scm ... [32mPASS[0m
  tests/scheme/write/graph-roundtrip-test.scm ... [32mPASS[0m
  tests/scheme/write/write-shared-test.scm ... [32mPASS[0m
  tests/scheme/write/write-simple-test.scm ... [32mPASS[0m
  tests/srfi/srfi-151-test.scm ... [32mPASS[0m
  tests/srfi/srfi-165-test.scm ... [32mPASS[0m
  tests/srfi/srfi-19-test.scm ... [32mPASS[0m

=== Summary ===
  Total:  161
  [32mPassed: 161[0m

