[timing] install-primitives 0 ms
[timing] load-kernel 32 ms
[timing] load-cached-runtime 204 ms
[timing] gfo-seed 455 ms
[timing] load-install-scm 20 ms
[timing] load-install-boot 117 ms
[timing] expansion-helpers 3 ms
[timing] native-scheme-surface 66 ms
[timing] standard-library 301 ms
[timing] post-standard-collection 2 ms
[timing] (lib-load (scheme write)) 6 ms
[timing] (lib-load (scheme read)) 5 ms
[timing] (lib-load (scheme file)) 7 ms
[timing] (lib-load (scheme process-context)) 7 ms
[timing] (lib-load (scheme time)) 13 ms
[timing] (lib-load (srfi srfi-2)) 14 ms
[timing] (lib-load (srfi srfi-8)) 10 ms
[timing] (lib-load (liii base)) 42 ms
[timing] (lib-load (srfi srfi-175)) 20 ms
[timing] (lib-load (liii ascii)) 51 ms
[timing] (lib-load (srfi srfi-151)) 38 ms
[timing] (lib-load (liii error)) 8 ms
[timing] (lib-load (liii bitwise)) 79 ms
[timing] (lib-load (liii unicode)) 277 ms
[timing] (lib-load (scheme char)) 318 ms
[timing] (lib-load (scheme complex)) 9 ms
[timing] (lib-load (scheme cxr)) 9 ms
[timing] (lib-load (scheme eval)) 10 ms
[timing] mode-imports 510 ms
[timing] load-source-reader 79 ms
[timing] load-native-writer 2 ms
[timing] boot total 1797 ms
[timing] install-fork-runner 0 ms
[timing] compile-cache-lookup 1 ms
[timing] compile-read-source 156 ms
[timing] compile-expand 7932 ms
[timing] (lib-load (goldfish core ir)) 73 ms
[timing] (lib-load (goldfish match expansion)) 65 ms
[timing] (lib-load (goldfish match)) 141 ms
[timing] (lib-load (goldfish compiler patterns)) 181 ms
[timing] (lib-load (goldfish compiler passes)) 99 ms
[timing] (lib-load (goldfish compiler)) 986 ms
[timing] optimize-load-compiler 986 ms
[timing] (lib-load (goldfish expander tree-il)) 46 ms
[timing] optimize-load-tree-il 46 ms
[timing] optimize-run-passes 8816 ms
[timing] compile-optimize 9851 ms
[timing] compile-cache-write 513 ms
[timing] user-file 19949 ms
