[timing] install-primitives 0 ms
[timing] load-kernel 32 ms
[timing] load-cached-runtime 192 ms
[timing] gfo-seed 436 ms
[timing] load-install-scm 17 ms
[timing] load-install-boot 117 ms
[timing] expansion-helpers 3 ms
[timing] native-scheme-surface 59 ms
[timing] standard-library 309 ms
[timing] post-standard-collection 3 ms
[timing] (lib-load (scheme write)) 6 ms
[timing] (lib-load (scheme read)) 9 ms
[timing] (lib-load (scheme file)) 8 ms
[timing] (lib-load (scheme process-context)) 6 ms
[timing] (lib-load (scheme time)) 8 ms
[timing] (lib-load (srfi srfi-2)) 14 ms
[timing] (lib-load (srfi srfi-8)) 7 ms
[timing] (lib-load (liii base)) 37 ms
[timing] (lib-load (srfi srfi-175)) 23 ms
[timing] (lib-load (liii ascii)) 48 ms
[timing] (lib-load (srfi srfi-151)) 38 ms
[timing] (lib-load (liii error)) 12 ms
[timing] (lib-load (liii bitwise)) 81 ms
[timing] (lib-load (liii unicode)) 270 ms
[timing] (lib-load (scheme char)) 304 ms
[timing] (lib-load (scheme complex)) 8 ms
[timing] (lib-load (scheme cxr)) 7 ms
[timing] (lib-load (scheme eval)) 13 ms
[timing] mode-imports 485 ms
[timing] load-source-reader 77 ms
[timing] load-native-writer 2 ms
[timing] boot total 1737 ms
[timing] install-fork-runner 0 ms
[timing] compile-cache-lookup 0 ms
[timing] compile-read-source 166 ms
[timing] compile-expand 7999 ms
[timing] (lib-load (goldfish core ir)) 66 ms
[timing] (lib-load (goldfish match expansion)) 65 ms
[timing] (lib-load (goldfish match)) 142 ms
[timing] (lib-load (goldfish compiler patterns)) 183 ms
[timing] (lib-load (goldfish compiler passes)) 94 ms
[timing] (lib-load (goldfish compiler)) 979 ms
[timing] optimize-load-compiler 979 ms
[timing] (lib-load (goldfish expander tree-il)) 33 ms
[timing] optimize-load-tree-il 34 ms
[timing] optimize-run-passes 8849 ms
[timing] compile-optimize 9863 ms
[timing] compile-cache-write 1166 ms
[timing] user-file 20716 ms
