[timing] install-primitives 0 ms
[timing] load-kernel 35 ms
[timing] load-cached-runtime 203 ms
[timing] gfo-seed 468 ms
[timing] load-install-scm 18 ms
[timing] load-install-boot 114 ms
[timing] expansion-helpers 3 ms
[timing] native-scheme-surface 62 ms
[timing] standard-library 302 ms
[timing] post-standard-collection 3 ms
[timing] (lib-load (scheme write)) 6 ms
[timing] (lib-load (scheme read)) 5 ms
[timing] (lib-load (scheme file)) 7 ms
[timing] (lib-load (scheme process-context)) 9 ms
[timing] (lib-load (scheme time)) 8 ms
[timing] (lib-load (srfi srfi-2)) 17 ms
[timing] (lib-load (srfi srfi-8)) 8 ms
[timing] (lib-load (liii base)) 41 ms
[timing] (lib-load (srfi srfi-175)) 25 ms
[timing] (lib-load (liii ascii)) 51 ms
[timing] (lib-load (srfi srfi-151)) 35 ms
[timing] (lib-load (liii error)) 8 ms
[timing] (lib-load (liii bitwise)) 76 ms
[timing] (lib-load (liii unicode)) 268 ms
[timing] (lib-load (scheme char)) 306 ms
[timing] (lib-load (scheme complex)) 8 ms
[timing] (lib-load (scheme cxr)) 7 ms
[timing] (lib-load (scheme eval)) 9 ms
[timing] mode-imports 488 ms
[timing] load-source-reader 79 ms
[timing] load-native-writer 2 ms
[timing] boot total 1783 ms
[timing] install-fork-runner 0 ms
[timing] compile-cache-lookup 236 ms
[timing] compile-cache-hit 1 ms
[timing] user-file 1749 ms
