[timing] install-primitives 0 ms
[timing] load-kernel 33 ms
[timing] load-cached-runtime 205 ms
[timing] gfo-seed 449 ms
[timing] load-install-scm 22 ms
[timing] load-install-boot 112 ms
[timing] expansion-helpers 4 ms
[timing] native-scheme-surface 65 ms
[timing] standard-library 301 ms
[timing] post-standard-collection 2 ms
[timing] (lib-load (scheme write)) 6 ms
[timing] (lib-load (scheme read)) 6 ms
[timing] (lib-load (scheme file)) 7 ms
[timing] (lib-load (scheme process-context)) 9 ms
[timing] (lib-load (scheme time)) 14 ms
[timing] (lib-load (srfi srfi-2)) 14 ms
[timing] (lib-load (srfi srfi-8)) 8 ms
[timing] (lib-load (liii base)) 36 ms
[timing] (lib-load (srfi srfi-175)) 25 ms
[timing] (lib-load (liii ascii)) 51 ms
[timing] (lib-load (srfi srfi-151)) 33 ms
[timing] (lib-load (liii error)) 13 ms
[timing] (lib-load (liii bitwise)) 78 ms
[timing] (lib-load (liii unicode)) 265 ms
[timing] (lib-load (scheme char)) 303 ms
[timing] (lib-load (scheme complex)) 8 ms
[timing] (lib-load (scheme cxr)) 7 ms
[timing] (lib-load (scheme eval)) 9 ms
[timing] mode-imports 485 ms
[timing] load-source-reader 82 ms
[timing] load-native-writer 2 ms
[timing] boot total 1765 ms
[timing] install-fork-runner 0 ms
[timing] compile-cache-lookup 1 ms
[timing] compile-read-source 166 ms
[timing] compile-expand 8016 ms
[timing] (lib-load (goldfish core ir)) 71 ms
[timing] (lib-load (goldfish match expansion)) 65 ms
[timing] (lib-load (goldfish match)) 141 ms
[timing] (lib-load (goldfish compiler patterns)) 182 ms
[timing] (lib-load (goldfish compiler passes)) 98 ms
[timing] (lib-load (goldfish compiler)) 996 ms
[timing] optimize-load-compiler 996 ms
[timing] (lib-load (goldfish expander tree-il)) 36 ms
[timing] optimize-load-tree-il 37 ms
[timing] optimize-run-passes 9020 ms
[timing] compile-optimize 10055 ms
[timing] compile-cache-write 539 ms
[timing] user-file 20308 ms
