[timing] install-primitives 0 ms
[timing] load-kernel 35 ms
[timing] load-cached-runtime 211 ms
[timing] gfo-seed 475 ms
[timing] load-install-scm 17 ms
[timing] load-install-boot 124 ms
[timing] expansion-helpers 4 ms
[timing] native-scheme-surface 63 ms
[timing] standard-library 331 ms
[timing] post-standard-collection 2 ms
[timing] (lib-load (scheme write)) 7 ms
[timing] (lib-load (scheme read)) 5 ms
[timing] (lib-load (scheme file)) 8 ms
[timing] (lib-load (scheme process-context)) 7 ms
[timing] (lib-load (scheme time)) 9 ms
[timing] (lib-load (srfi srfi-2)) 14 ms
[timing] (lib-load (srfi srfi-8)) 7 ms
[timing] (lib-load (liii base)) 38 ms
[timing] (lib-load (srfi srfi-175)) 24 ms
[timing] (lib-load (liii ascii)) 51 ms
[timing] (lib-load (srfi srfi-151)) 41 ms
[timing] (lib-load (liii error)) 8 ms
[timing] (lib-load (liii bitwise)) 79 ms
[timing] (lib-load (liii unicode)) 277 ms
[timing] (lib-load (scheme char)) 315 ms
[timing] (lib-load (scheme complex)) 8 ms
[timing] (lib-load (scheme cxr)) 8 ms
[timing] (lib-load (scheme eval)) 9 ms
[timing] mode-imports 505 ms
[timing] load-source-reader 76 ms
[timing] load-native-writer 2 ms
[timing] boot total 1852 ms
[timing] install-fork-runner 0 ms
[timing] compile-cache-lookup 226 ms
[timing] compile-cache-hit 1 ms
[timing] user-file 1752 ms
