[timing] install-primitives 0 ms
[timing] load-kernel 34 ms
[timing] load-cached-runtime 197 ms
[timing] gfo-seed 439 ms
[timing] load-install-scm 18 ms
[timing] load-install-boot 114 ms
[timing] expansion-helpers 3 ms
[timing] native-scheme-surface 58 ms
[timing] standard-library 306 ms
[timing] post-standard-collection 2 ms
[timing] (lib-load (scheme write)) 6 ms
[timing] (lib-load (scheme read)) 5 ms
[timing] (lib-load (scheme file)) 8 ms
[timing] (lib-load (scheme process-context)) 7 ms
[timing] (lib-load (scheme time)) 8 ms
[timing] (lib-load (srfi srfi-2)) 15 ms
[timing] (lib-load (srfi srfi-8)) 7 ms
[timing] (lib-load (liii base)) 37 ms
[timing] (lib-load (srfi srfi-175)) 22 ms
[timing] (lib-load (liii ascii)) 47 ms
[timing] (lib-load (srfi srfi-151)) 38 ms
[timing] (lib-load (liii error)) 8 ms
[timing] (lib-load (liii bitwise)) 75 ms
[timing] (lib-load (liii unicode)) 261 ms
[timing] (lib-load (scheme char)) 296 ms
[timing] (lib-load (scheme complex)) 9 ms
[timing] (lib-load (scheme cxr)) 7 ms
[timing] (lib-load (scheme eval)) 9 ms
[timing] mode-imports 477 ms
[timing] load-source-reader 74 ms
[timing] load-native-writer 2 ms
[timing] boot total 1728 ms
[timing] install-fork-runner 0 ms
[timing] compile-cache-lookup 0 ms
[timing] compile-read-source 167 ms
[timing] compile-expand 7913 ms
[timing] (lib-load (goldfish core ir)) 59 ms
[timing] (lib-load (goldfish match expansion)) 64 ms
[timing] (lib-load (goldfish match)) 130 ms
[timing] (lib-load (goldfish compiler patterns)) 178 ms
[timing] (lib-load (goldfish compiler passes)) 93 ms
[timing] (lib-load (goldfish compiler)) 966 ms
[timing] optimize-load-compiler 966 ms
[timing] (lib-load (goldfish expander tree-il)) 44 ms
[timing] optimize-load-tree-il 45 ms
[timing] optimize-run-passes 8858 ms
[timing] compile-optimize 9870 ms
[timing] compile-cache-write 1189 ms
[timing] user-file 20658 ms
