[timing] install-primitives 0 ms
[timing] load-kernel 33 ms
[timing] load-cached-runtime 199 ms
[timing] gfo-seed 438 ms
[timing] load-install-scm 19 ms
[timing] load-install-boot 117 ms
[timing] expansion-helpers 3 ms
[timing] native-scheme-surface 63 ms
[timing] standard-library 308 ms
[timing] post-standard-collection 3 ms
[timing] (lib-load (scheme write)) 6 ms
[timing] (lib-load (scheme read)) 5 ms
[timing] (lib-load (scheme file)) 7 ms
[timing] (lib-load (scheme process-context)) 10 ms
[timing] (lib-load (scheme time)) 8 ms
[timing] (lib-load (srfi srfi-2)) 15 ms
[timing] (lib-load (srfi srfi-8)) 7 ms
[timing] (lib-load (liii base)) 37 ms
[timing] (lib-load (srfi srfi-175)) 24 ms
[timing] (lib-load (liii ascii)) 50 ms
[timing] (lib-load (srfi srfi-151)) 35 ms
[timing] (lib-load (liii error)) 8 ms
[timing] (lib-load (liii bitwise)) 76 ms
[timing] (lib-load (liii unicode)) 263 ms
[timing] (lib-load (scheme char)) 300 ms
[timing] (lib-load (scheme complex)) 8 ms
[timing] (lib-load (scheme cxr)) 9 ms
[timing] (lib-load (scheme eval)) 12 ms
[timing] mode-imports 487 ms
[timing] load-source-reader 76 ms
[timing] load-native-writer 2 ms
[timing] boot total 1754 ms
[timing] install-fork-runner 0 ms
[timing] compile-cache-lookup 1 ms
[timing] compile-read-source 161 ms
[timing] compile-expand 7740 ms
[timing] (lib-load (goldfish core ir)) 66 ms
[timing] (lib-load (goldfish match expansion)) 63 ms
[timing] (lib-load (goldfish match)) 129 ms
[timing] (lib-load (goldfish compiler patterns)) 176 ms
[timing] (lib-load (goldfish compiler passes)) 97 ms
[timing] (lib-load (goldfish compiler)) 948 ms
[timing] optimize-load-compiler 948 ms
[timing] (lib-load (goldfish expander tree-il)) 31 ms
[timing] optimize-load-tree-il 32 ms
[timing] optimize-run-passes 8792 ms
[timing] compile-optimize 9773 ms
[timing] compile-cache-write 1159 ms
[timing] user-file 20353 ms
