[timing] install-primitives 0 ms
[timing] load-kernel 35 ms
native cache unavailable: native bootstrap cache not found under /tmp/bench-2c-cand/caches/cold-large-scheme-2/va2e552b8c326
[timing] load-cached-runtime 7 ms
[timing] cold-source-bootstrap 273 ms
[timing] gfo-seed 484 ms
[timing] load-install-scm 3600 ms
[timing] load-install-boot 7610 ms
[timing] expansion-helpers 6 ms
[timing] native-scheme-surface 2994 ms
[timing] standard-library 837 ms
[timing] post-standard-collection 4 ms
[timing] (lib-load (scheme base)) 1961 ms
[timing] (lib-load (scheme write)) 9 ms
[timing] (lib-load (scheme read)) 8 ms
[timing] (lib-load (scheme file)) 15 ms
[timing] (lib-load (scheme process-context)) 18 ms
[timing] (lib-load (scheme time)) 35 ms
[timing] (lib-load (srfi srfi-2)) 181 ms
[timing] (lib-load (srfi srfi-8)) 55 ms
[timing] (lib-load (liii base)) 414 ms
[timing] (lib-load (srfi srfi-175)) 908 ms
[timing] (lib-load (liii ascii)) 992 ms
[timing] (lib-load (srfi srfi-151)) 683 ms
[timing] (lib-load (liii error)) 63 ms
[timing] (lib-load (liii bitwise)) 853 ms
[timing] (lib-load (liii unicode)) 7132 ms
[timing] (lib-load (scheme char)) 7839 ms
[timing] (lib-load (scheme complex)) 27 ms
[timing] (lib-load (scheme cxr)) 15 ms
[timing] (lib-load (scheme eval)) 200 ms
[timing] (lib-load (scheme case-lambda)) 50 ms
[timing] mode-imports 10434 ms
[timing] load-source-reader 9704 ms
[timing] load-native-writer 44 ms
[timing] boot total 36038 ms
[timing] install-fork-runner 0 ms
[timing] compile-cache-lookup 1 ms
[timing] compile-read-source 155 ms
[timing] compile-expand 7754 ms
[timing] (lib-load (goldfish core ir)) 3360 ms
[timing] (lib-load (goldfish match expansion)) 8071 ms
[timing] (lib-load (goldfish match)) 12167 ms
[timing] (lib-load (goldfish compiler patterns)) 13215 ms
[timing] (lib-load (goldfish compiler passes)) 8454 ms
[timing] (lib-load (goldfish compiler)) 26932 ms
[timing] optimize-load-compiler 26932 ms
[timing] (lib-load (goldfish expander tree-il)) 3122 ms
[timing] optimize-load-tree-il 3122 ms
[timing] optimize-run-passes 8634 ms
[timing] compile-optimize 38689 ms
[timing] compile-cache-write 1182 ms
[timing] user-file 49280 ms
