[timing] install-primitives 0 ms
[timing] load-kernel 33 ms
[timing] load-cached-runtime 201 ms
[timing] gfo-seed 431 ms
[timing] load-install-scm 23 ms
[timing] load-install-boot 112 ms
[timing] expansion-helpers 3 ms
[timing] native-scheme-surface 62 ms
[timing] standard-library 295 ms
[timing] post-standard-collection 2 ms
[timing] (lib-load (scheme write)) 6 ms
[timing] (lib-load (scheme read)) 5 ms
[timing] (lib-load (scheme file)) 7 ms
[timing] (lib-load (scheme process-context)) 11 ms
[timing] (lib-load (scheme time)) 13 ms
[timing] (lib-load (srfi srfi-2)) 14 ms
[timing] (lib-load (srfi srfi-8)) 7 ms
[timing] (lib-load (liii base)) 37 ms
[timing] (lib-load (srfi srfi-175)) 22 ms
[timing] (lib-load (liii ascii)) 47 ms
[timing] (lib-load (srfi srfi-151)) 34 ms
[timing] (lib-load (liii error)) 8 ms
[timing] (lib-load (liii bitwise)) 75 ms
[timing] (lib-load (liii unicode)) 256 ms
[timing] (lib-load (scheme char)) 293 ms
[timing] (lib-load (scheme complex)) 9 ms
[timing] (lib-load (scheme cxr)) 8 ms
[timing] (lib-load (scheme eval)) 10 ms
[timing] mode-imports 484 ms
[timing] load-source-reader 79 ms
[timing] load-native-writer 2 ms
[timing] boot total 1734 ms
[timing] install-fork-runner 0 ms
[timing] compile-cache-lookup 0 ms
[timing] compile-read-source 159 ms
[timing] compile-expand 7775 ms
[timing] (lib-load (goldfish core ir)) 72 ms
[timing] (lib-load (goldfish match expansion)) 64 ms
[timing] (lib-load (goldfish match)) 133 ms
[timing] (lib-load (goldfish compiler patterns)) 184 ms
[timing] (lib-load (goldfish compiler passes)) 115 ms
[timing] (lib-load (goldfish compiler)) 986 ms
[timing] optimize-load-compiler 986 ms
[timing] (lib-load (goldfish expander tree-il)) 64 ms
[timing] optimize-load-tree-il 65 ms
[timing] optimize-run-passes 8713 ms
[timing] compile-optimize 9765 ms
[timing] compile-cache-write 553 ms
[timing] user-file 19828 ms
