[timing] install-primitives 0 ms
[timing] load-kernel 40 ms
[timing] load-cached-runtime 215 ms
[timing] gfo-seed 480 ms
[timing] load-install-scm 17 ms
[timing] load-install-boot 129 ms
[timing] expansion-helpers 4 ms
[timing] native-scheme-surface 68 ms
[timing] standard-library 324 ms
[timing] post-standard-collection 3 ms
[timing] (lib-load (scheme write)) 7 ms
[timing] (lib-load (scheme read)) 6 ms
[timing] (lib-load (scheme file)) 8 ms
[timing] (lib-load (scheme process-context)) 6 ms
[timing] (lib-load (scheme time)) 9 ms
[timing] (lib-load (srfi srfi-2)) 15 ms
[timing] (lib-load (srfi srfi-8)) 8 ms
[timing] (lib-load (liii base)) 40 ms
[timing] (lib-load (srfi srfi-175)) 23 ms
[timing] (lib-load (liii ascii)) 53 ms
[timing] (lib-load (srfi srfi-151)) 37 ms
[timing] (lib-load (liii error)) 10 ms
[timing] (lib-load (liii bitwise)) 78 ms
[timing] (lib-load (liii unicode)) 286 ms
[timing] (lib-load (scheme char)) 324 ms
[timing] (lib-load (scheme complex)) 9 ms
[timing] (lib-load (scheme cxr)) 8 ms
[timing] (lib-load (scheme eval)) 11 ms
[timing] mode-imports 514 ms
[timing] load-source-reader 82 ms
[timing] load-native-writer 2 ms
[timing] boot total 1883 ms
[timing] install-fork-runner 0 ms
[timing] compile-cache-lookup 1 ms
[timing] compile-cache-hit 0 ms
[timing] user-file 1 ms
