[timing] install-primitives 0 ms
[timing] load-kernel 36 ms
native cache unavailable: native bootstrap cache not found under /tmp/bench-2c-cand/caches/cold-minimal-1/va2e552b8c326
[timing] load-cached-runtime 8 ms
[timing] cold-source-bootstrap 293 ms
[timing] gfo-seed 530 ms
[timing] load-install-scm 3909 ms
[timing] load-install-boot 8310 ms
[timing] expansion-helpers 6 ms
[timing] native-scheme-surface 3026 ms
[timing] standard-library 888 ms
[timing] post-standard-collection 5 ms
[timing] (lib-load (scheme base)) 2077 ms
[timing] (lib-load (scheme write)) 9 ms
[timing] (lib-load (scheme read)) 8 ms
[timing] (lib-load (scheme file)) 16 ms
[timing] (lib-load (scheme process-context)) 18 ms
[timing] (lib-load (scheme time)) 35 ms
[timing] (lib-load (srfi srfi-2)) 184 ms
[timing] (lib-load (srfi srfi-8)) 70 ms
[timing] (lib-load (liii base)) 435 ms
[timing] (lib-load (srfi srfi-175)) 969 ms
[timing] (lib-load (liii ascii)) 1067 ms
[timing] (lib-load (srfi srfi-151)) 706 ms
[timing] (lib-load (liii error)) 65 ms
[timing] (lib-load (liii bitwise)) 874 ms
[timing] (lib-load (liii unicode)) 7596 ms
[timing] (lib-load (scheme char)) 8380 ms
[timing] (lib-load (scheme complex)) 30 ms
[timing] (lib-load (scheme cxr)) 18 ms
[timing] (lib-load (scheme eval)) 212 ms
[timing] (lib-load (scheme case-lambda)) 55 ms
[timing] mode-imports 11120 ms
[timing] load-source-reader 9916 ms
[timing] load-native-writer 47 ms
[timing] boot total 38099 ms
[timing] install-fork-runner 0 ms
[timing] compile-cache-lookup 0 ms
[timing] compile-read-source 0 ms
[timing] compile-expand 3 ms
[timing] (lib-load (goldfish core ir)) 3434 ms
[timing] (lib-load (goldfish match expansion)) 8317 ms
[timing] (lib-load (goldfish match)) 12558 ms
[timing] (lib-load (goldfish compiler patterns)) 13625 ms
[timing] (lib-load (goldfish compiler passes)) 8734 ms
[timing] (lib-load (goldfish compiler)) 27746 ms
[timing] optimize-load-compiler 27746 ms
[timing] (lib-load (goldfish expander tree-il)) 3298 ms
[timing] optimize-load-tree-il 3299 ms
[timing] optimize-run-passes 3 ms
[timing] compile-optimize 31048 ms
[timing] compile-cache-write 3 ms
[timing] user-file 31054 ms
