[timing] install-primitives 0 ms
[timing] load-kernel 35 ms
[timing] load-cached-runtime 211 ms
[timing] gfo-seed 485 ms
[timing] load-install-scm 20 ms
[timing] load-install-boot 125 ms
[timing] expansion-helpers 4 ms
[timing] native-scheme-surface 67 ms
[timing] standard-library 331 ms
[timing] post-standard-collection 3 ms
[timing] (lib-load (scheme write)) 11 ms
[timing] (lib-load (scheme read)) 6 ms
[timing] (lib-load (scheme file)) 8 ms
[timing] (lib-load (scheme process-context)) 7 ms
[timing] (lib-load (scheme time)) 9 ms
[timing] (lib-load (srfi srfi-2)) 16 ms
[timing] (lib-load (srfi srfi-8)) 8 ms
[timing] (lib-load (liii base)) 41 ms
[timing] (lib-load (srfi srfi-175)) 26 ms
[timing] (lib-load (liii ascii)) 54 ms
[timing] (lib-load (srfi srfi-151)) 42 ms
[timing] (lib-load (liii error)) 9 ms
[timing] (lib-load (liii bitwise)) 82 ms
[timing] (lib-load (liii unicode)) 293 ms
[timing] (lib-load (scheme char)) 328 ms
[timing] (lib-load (scheme complex)) 9 ms
[timing] (lib-load (scheme cxr)) 9 ms
[timing] (lib-load (scheme eval)) 16 ms
[timing] mode-imports 529 ms
[timing] load-source-reader 82 ms
[timing] load-native-writer 2 ms
[timing] boot total 1899 ms
[timing] install-fork-runner 0 ms
[timing] compile-cache-lookup 0 ms
[timing] compile-cache-hit 1 ms
[timing] user-file 1 ms
