[timing] install-primitives 0 ms
[timing] load-kernel 34 ms
[timing] load-cached-runtime 214 ms
[timing] gfo-seed 485 ms
[timing] load-install-scm 17 ms
[timing] load-install-boot 127 ms
[timing] expansion-helpers 4 ms
[timing] native-scheme-surface 66 ms
[timing] standard-library 334 ms
[timing] post-standard-collection 2 ms
[timing] (lib-load (scheme write)) 11 ms
[timing] (lib-load (scheme read)) 6 ms
[timing] (lib-load (scheme file)) 8 ms
[timing] (lib-load (scheme process-context)) 7 ms
[timing] (lib-load (scheme time)) 9 ms
[timing] (lib-load (srfi srfi-2)) 15 ms
[timing] (lib-load (srfi srfi-8)) 8 ms
[timing] (lib-load (liii base)) 40 ms
[timing] (lib-load (srfi srfi-175)) 25 ms
[timing] (lib-load (liii ascii)) 53 ms
[timing] (lib-load (srfi srfi-151)) 42 ms
[timing] (lib-load (liii error)) 9 ms
[timing] (lib-load (liii bitwise)) 83 ms
[timing] (lib-load (liii unicode)) 293 ms
[timing] (lib-load (scheme char)) 328 ms
[timing] (lib-load (scheme complex)) 8 ms
[timing] (lib-load (scheme cxr)) 8 ms
[timing] (lib-load (scheme eval)) 14 ms
[timing] mode-imports 524 ms
[timing] load-source-reader 81 ms
[timing] load-native-writer 2 ms
[timing] boot total 1894 ms
[timing] install-fork-runner 0 ms
[timing] compile-cache-lookup 0 ms
[timing] compile-read-source 1 ms
[timing] compile-expand 2 ms
[timing] (lib-load (goldfish core ir)) 64 ms
[timing] (lib-load (goldfish match expansion)) 76 ms
[timing] (lib-load (goldfish match)) 146 ms
[timing] (lib-load (goldfish compiler patterns)) 197 ms
[timing] (lib-load (goldfish compiler passes)) 101 ms
[timing] (lib-load (goldfish compiler)) 1040 ms
[timing] optimize-load-compiler 1040 ms
[timing] (lib-load (goldfish expander tree-il)) 35 ms
[timing] optimize-load-tree-il 36 ms
[timing] optimize-run-passes 2 ms
[timing] compile-optimize 1079 ms
[timing] compile-cache-write 2 ms
[timing] user-file 1085 ms
