[timing] install-primitives 0 ms
[timing] load-kernel 34 ms
native cache unavailable: native bootstrap cache not found under /tmp/bench-2c-cand/caches/cold-minimal-2/va2e552b8c326
[timing] load-cached-runtime 9 ms
[timing] cold-source-bootstrap 297 ms
[timing] gfo-seed 535 ms
[timing] load-install-scm 3934 ms
[timing] load-install-boot 8290 ms
[timing] expansion-helpers 6 ms
[timing] native-scheme-surface 3049 ms
[timing] standard-library 886 ms
[timing] post-standard-collection 4 ms
[timing] (lib-load (scheme base)) 2088 ms
[timing] (lib-load (scheme write)) 9 ms
[timing] (lib-load (scheme read)) 8 ms
[timing] (lib-load (scheme file)) 14 ms
[timing] (lib-load (scheme process-context)) 19 ms
[timing] (lib-load (scheme time)) 35 ms
[timing] (lib-load (srfi srfi-2)) 192 ms
[timing] (lib-load (srfi srfi-8)) 60 ms
[timing] (lib-load (liii base)) 447 ms
[timing] (lib-load (srfi srfi-175)) 985 ms
[timing] (lib-load (liii ascii)) 1077 ms
[timing] (lib-load (srfi srfi-151)) 701 ms
[timing] (lib-load (liii error)) 67 ms
[timing] (lib-load (liii bitwise)) 871 ms
[timing] (lib-load (liii unicode)) 7705 ms
[timing] (lib-load (scheme char)) 8471 ms
[timing] (lib-load (scheme complex)) 27 ms
[timing] (lib-load (scheme cxr)) 17 ms
[timing] (lib-load (scheme eval)) 214 ms
[timing] (lib-load (scheme case-lambda)) 57 ms
[timing] mode-imports 11228 ms
[timing] load-source-reader 10099 ms
[timing] load-native-writer 47 ms
[timing] boot total 38425 ms
[timing] install-fork-runner 0 ms
[timing] compile-cache-lookup 1 ms
[timing] compile-read-source 0 ms
[timing] compile-expand 3 ms
[timing] (lib-load (goldfish core ir)) 3464 ms
[timing] (lib-load (goldfish match expansion)) 8379 ms
[timing] (lib-load (goldfish match)) 12744 ms
[timing] (lib-load (goldfish compiler patterns)) 13811 ms
[timing] (lib-load (goldfish compiler passes)) 8902 ms
[timing] (lib-load (goldfish compiler)) 28162 ms
[timing] optimize-load-compiler 28162 ms
[timing] (lib-load (goldfish expander tree-il)) 3366 ms
[timing] optimize-load-tree-il 3366 ms
[timing] optimize-run-passes 3 ms
[timing] compile-optimize 31533 ms
[timing] compile-cache-write 2 ms
[timing] user-file 31539 ms
