[timing] install-primitives 0 ms
[timing] load-kernel 38 ms
[timing] load-cached-runtime 224 ms
[timing] gfo-seed 480 ms
[timing] load-install-scm 26 ms
[timing] load-install-boot 124 ms
[timing] expansion-helpers 5 ms
[timing] native-scheme-surface 69 ms
[timing] standard-library 391 ms
[timing] post-standard-collection 3 ms
[timing] (lib-load (scheme write)) 11 ms
[timing] (lib-load (scheme read)) 6 ms
[timing] (lib-load (scheme file)) 8 ms
[timing] (lib-load (scheme process-context)) 7 ms
[timing] (lib-load (scheme time)) 13 ms
[timing] (lib-load (srfi srfi-2)) 15 ms
[timing] (lib-load (srfi srfi-8)) 8 ms
[timing] (lib-load (liii base)) 40 ms
[timing] (lib-load (srfi srfi-175)) 28 ms
[timing] (lib-load (liii ascii)) 57 ms
[timing] (lib-load (srfi srfi-151)) 43 ms
[timing] (lib-load (liii error)) 9 ms
[timing] (lib-load (liii bitwise)) 85 ms
[timing] (lib-load (liii unicode)) 298 ms
[timing] (lib-load (scheme char)) 335 ms
[timing] (lib-load (scheme complex)) 9 ms
[timing] (lib-load (scheme cxr)) 8 ms
[timing] (lib-load (scheme eval)) 15 ms
[timing] mode-imports 547 ms
[timing] load-source-reader 86 ms
[timing] load-native-writer 2 ms
[timing] boot total 1999 ms
[timing] install-fork-runner 0 ms
[timing] compile-cache-lookup 0 ms
[timing] compile-read-source 0 ms
[timing] compile-expand 3 ms
[timing] (lib-load (goldfish core ir)) 65 ms
[timing] (lib-load (goldfish match expansion)) 76 ms
[timing] (lib-load (goldfish match)) 147 ms
[timing] (lib-load (goldfish compiler patterns)) 189 ms
[timing] (lib-load (goldfish compiler passes)) 109 ms
[timing] (lib-load (goldfish compiler)) 1041 ms
[timing] optimize-load-compiler 1042 ms
[timing] (lib-load (goldfish expander tree-il)) 44 ms
[timing] optimize-load-tree-il 45 ms
[timing] optimize-run-passes 3 ms
[timing] compile-optimize 1090 ms
[timing] compile-cache-write 1 ms
[timing] user-file 1094 ms
