[timing] install-primitives 0 ms
[timing] load-kernel 32 ms
native cache unavailable: native bootstrap cache not found under /tmp/bench-2c-cand/caches/cold-small-real-2/va2e552b8c326
[timing] load-cached-runtime 7 ms
[timing] cold-source-bootstrap 280 ms
[timing] gfo-seed 486 ms
[timing] load-install-scm 3668 ms
[timing] load-install-boot 7778 ms
[timing] expansion-helpers 6 ms
[timing] native-scheme-surface 2809 ms
[timing] standard-library 835 ms
[timing] post-standard-collection 4 ms
[timing] (lib-load (scheme base)) 1961 ms
[timing] (lib-load (scheme write)) 10 ms
[timing] (lib-load (scheme read)) 9 ms
[timing] (lib-load (scheme file)) 16 ms
[timing] (lib-load (scheme process-context)) 17 ms
[timing] (lib-load (scheme time)) 34 ms
[timing] (lib-load (srfi srfi-2)) 179 ms
[timing] (lib-load (srfi srfi-8)) 55 ms
[timing] (lib-load (liii base)) 414 ms
[timing] (lib-load (srfi srfi-175)) 929 ms
[timing] (lib-load (liii ascii)) 1014 ms
[timing] (lib-load (srfi srfi-151)) 651 ms
[timing] (lib-load (liii error)) 60 ms
[timing] (lib-load (liii bitwise)) 813 ms
[timing] (lib-load (liii unicode)) 7080 ms
[timing] (lib-load (scheme char)) 7799 ms
[timing] (lib-load (scheme complex)) 26 ms
[timing] (lib-load (scheme cxr)) 15 ms
[timing] (lib-load (scheme eval)) 203 ms
[timing] (lib-load (scheme case-lambda)) 51 ms
[timing] mode-imports 10400 ms
[timing] load-source-reader 9141 ms
[timing] load-native-writer 41 ms
[timing] boot total 35494 ms
[timing] install-fork-runner 0 ms
[timing] compile-cache-lookup 0 ms
[timing] compile-read-source 3 ms
[timing] compile-expand 176 ms
[timing] (lib-load (goldfish core ir)) 3189 ms
[timing] (lib-load (goldfish match expansion)) 7633 ms
[timing] (lib-load (goldfish match)) 11521 ms
[timing] (lib-load (goldfish compiler patterns)) 12510 ms
[timing] (lib-load (goldfish compiler passes)) 7995 ms
[timing] (lib-load (goldfish compiler)) 25519 ms
[timing] optimize-load-compiler 25519 ms
[timing] (lib-load (goldfish expander tree-il)) 2987 ms
[timing] optimize-load-tree-il 2987 ms
[timing] optimize-run-passes 631 ms
[timing] compile-optimize 29138 ms
[timing] compile-cache-write 455 ms
[timing] user-file 29787 ms
