[timing] install-primitives 0 ms
[timing] load-kernel 33 ms
[timing] load-cached-runtime 205 ms
[timing] gfo-seed 446 ms
[timing] load-install-scm 21 ms
[timing] load-install-boot 118 ms
[timing] expansion-helpers 3 ms
[timing] native-scheme-surface 65 ms
[timing] standard-library 302 ms
[timing] post-standard-collection 2 ms
[timing] (lib-load (scheme write)) 6 ms
[timing] (lib-load (scheme read)) 5 ms
[timing] (lib-load (scheme file)) 8 ms
[timing] (lib-load (scheme process-context)) 7 ms
[timing] (lib-load (scheme time)) 13 ms
[timing] (lib-load (srfi srfi-2)) 14 ms
[timing] (lib-load (srfi srfi-8)) 7 ms
[timing] (lib-load (liii base)) 37 ms
[timing] (lib-load (srfi srfi-175)) 27 ms
[timing] (lib-load (liii ascii)) 52 ms
[timing] (lib-load (srfi srfi-151)) 39 ms
[timing] (lib-load (liii error)) 9 ms
[timing] (lib-load (liii bitwise)) 79 ms
[timing] (lib-load (liii unicode)) 271 ms
[timing] (lib-load (scheme char)) 308 ms
[timing] (lib-load (scheme complex)) 8 ms
[timing] (lib-load (scheme cxr)) 7 ms
[timing] (lib-load (scheme eval)) 9 ms
[timing] mode-imports 493 ms
[timing] load-source-reader 81 ms
[timing] load-native-writer 2 ms
[timing] boot total 1776 ms
[timing] install-fork-runner 0 ms
[timing] compile-cache-lookup 1 ms
[timing] compile-read-source 2 ms
[timing] compile-expand 186 ms
[timing] (lib-load (goldfish core ir)) 61 ms
[timing] (lib-load (goldfish match expansion)) 65 ms
[timing] (lib-load (goldfish match)) 139 ms
[timing] (lib-load (goldfish compiler patterns)) 179 ms
[timing] (lib-load (goldfish compiler passes)) 98 ms
[timing] (lib-load (goldfish compiler)) 978 ms
[timing] optimize-load-compiler 978 ms
[timing] (lib-load (goldfish expander tree-il)) 37 ms
[timing] optimize-load-tree-il 38 ms
[timing] optimize-run-passes 663 ms
[timing] compile-optimize 1681 ms
[timing] compile-cache-write 429 ms
[timing] user-file 2313 ms
