[timing] install-primitives 0 ms
[timing] load-kernel 36 ms
native cache unavailable: native bootstrap cache not found under /tmp/bench-2c-cand/caches/cold-small-real-1/va2e552b8c326
[timing] load-cached-runtime 8 ms
[timing] cold-source-bootstrap 300 ms
[timing] gfo-seed 535 ms
[timing] load-install-scm 3989 ms
[timing] load-install-boot 8178 ms
[timing] expansion-helpers 6 ms
[timing] native-scheme-surface 2844 ms
[timing] standard-library 872 ms
[timing] post-standard-collection 5 ms
[timing] (lib-load (scheme base)) 1950 ms
[timing] (lib-load (scheme write)) 8 ms
[timing] (lib-load (scheme read)) 7 ms
[timing] (lib-load (scheme file)) 14 ms
[timing] (lib-load (scheme process-context)) 17 ms
[timing] (lib-load (scheme time)) 32 ms
[timing] (lib-load (srfi srfi-2)) 178 ms
[timing] (lib-load (srfi srfi-8)) 54 ms
[timing] (lib-load (liii base)) 413 ms
[timing] (lib-load (srfi srfi-175)) 919 ms
[timing] (lib-load (liii ascii)) 1003 ms
[timing] (lib-load (srfi srfi-151)) 668 ms
[timing] (lib-load (liii error)) 61 ms
[timing] (lib-load (liii bitwise)) 824 ms
[timing] (lib-load (liii unicode)) 7153 ms
[timing] (lib-load (scheme char)) 7880 ms
[timing] (lib-load (scheme complex)) 26 ms
[timing] (lib-load (scheme cxr)) 16 ms
[timing] (lib-load (scheme eval)) 199 ms
[timing] (lib-load (scheme case-lambda)) 53 ms
[timing] mode-imports 10459 ms
[timing] load-source-reader 9229 ms
[timing] load-native-writer 42 ms
[timing] boot total 36507 ms
[timing] install-fork-runner 0 ms
[timing] compile-cache-lookup 1 ms
[timing] compile-read-source 3 ms
[timing] compile-expand 178 ms
[timing] (lib-load (goldfish core ir)) 3178 ms
[timing] (lib-load (goldfish match expansion)) 7647 ms
[timing] (lib-load (goldfish match)) 11529 ms
[timing] (lib-load (goldfish compiler patterns)) 12549 ms
[timing] (lib-load (goldfish compiler passes)) 8141 ms
[timing] (lib-load (goldfish compiler)) 25717 ms
[timing] optimize-load-compiler 25718 ms
[timing] (lib-load (goldfish expander tree-il)) 3046 ms
[timing] optimize-load-tree-il 3046 ms
[timing] optimize-run-passes 651 ms
[timing] compile-optimize 29416 ms
[timing] compile-cache-write 463 ms
[timing] user-file 30076 ms
