[timing] install-primitives 0 ms
[timing] load-kernel 32 ms
[timing] load-cached-runtime 195 ms
[timing] gfo-seed 451 ms
[timing] load-install-scm 18 ms
[timing] load-install-boot 113 ms
[timing] expansion-helpers 3 ms
[timing] native-scheme-surface 58 ms
[timing] standard-library 307 ms
[timing] post-standard-collection 2 ms
[timing] (lib-load (scheme write)) 6 ms
[timing] (lib-load (scheme read)) 8 ms
[timing] (lib-load (scheme file)) 7 ms
[timing] (lib-load (scheme process-context)) 6 ms
[timing] (lib-load (scheme time)) 8 ms
[timing] (lib-load (srfi srfi-2)) 14 ms
[timing] (lib-load (srfi srfi-8)) 7 ms
[timing] (lib-load (liii base)) 37 ms
[timing] (lib-load (srfi srfi-175)) 24 ms
[timing] (lib-load (liii ascii)) 49 ms
[timing] (lib-load (srfi srfi-151)) 42 ms
[timing] (lib-load (liii error)) 9 ms
[timing] (lib-load (liii bitwise)) 80 ms
[timing] (lib-load (liii unicode)) 275 ms
[timing] (lib-load (scheme char)) 310 ms
[timing] (lib-load (scheme complex)) 8 ms
[timing] (lib-load (scheme cxr)) 8 ms
[timing] (lib-load (scheme eval)) 14 ms
[timing] mode-imports 495 ms
[timing] load-source-reader 78 ms
[timing] load-native-writer 2 ms
[timing] boot total 1761 ms
[timing] install-fork-runner 0 ms
[timing] compile-cache-lookup 34 ms
[timing] compile-cache-hit 1 ms
[timing] user-file 49 ms
