[timing] install-primitives 0 ms
[timing] load-kernel 32 ms
[timing] load-cached-runtime 197 ms
[timing] gfo-seed 436 ms
[timing] load-install-scm 16 ms
[timing] load-install-boot 117 ms
[timing] expansion-helpers 4 ms
[timing] native-scheme-surface 62 ms
[timing] standard-library 306 ms
[timing] post-standard-collection 2 ms
[timing] (lib-load (scheme write)) 6 ms
[timing] (lib-load (scheme read)) 9 ms
[timing] (lib-load (scheme file)) 7 ms
[timing] (lib-load (scheme process-context)) 7 ms
[timing] (lib-load (scheme time)) 9 ms
[timing] (lib-load (srfi srfi-2)) 14 ms
[timing] (lib-load (srfi srfi-8)) 8 ms
[timing] (lib-load (liii base)) 38 ms
[timing] (lib-load (srfi srfi-175)) 22 ms
[timing] (lib-load (liii ascii)) 47 ms
[timing] (lib-load (srfi srfi-151)) 34 ms
[timing] (lib-load (liii error)) 9 ms
[timing] (lib-load (liii bitwise)) 75 ms
[timing] (lib-load (liii unicode)) 263 ms
[timing] (lib-load (scheme char)) 298 ms
[timing] (lib-load (scheme complex)) 8 ms
[timing] (lib-load (scheme cxr)) 7 ms
[timing] (lib-load (scheme eval)) 13 ms
[timing] mode-imports 482 ms
[timing] load-source-reader 73 ms
[timing] load-native-writer 2 ms
[timing] boot total 1735 ms
[timing] install-fork-runner 0 ms
[timing] compile-cache-lookup 0 ms
[timing] compile-read-source 3 ms
[timing] compile-expand 183 ms
[timing] (lib-load (goldfish core ir)) 57 ms
[timing] (lib-load (goldfish match expansion)) 62 ms
[timing] (lib-load (goldfish match)) 131 ms
[timing] (lib-load (goldfish compiler patterns)) 173 ms
[timing] (lib-load (goldfish compiler passes)) 94 ms
[timing] (lib-load (goldfish compiler)) 946 ms
[timing] optimize-load-compiler 946 ms
[timing] (lib-load (goldfish expander tree-il)) 33 ms
[timing] optimize-load-tree-il 33 ms
[timing] optimize-run-passes 643 ms
[timing] compile-optimize 1623 ms
[timing] compile-cache-write 454 ms
[timing] user-file 2278 ms
