[timing] install-primitives 0 ms
[timing] load-kernel 32 ms
[timing] load-cached-runtime 199 ms
[timing] gfo-seed 454 ms
[timing] load-install-scm 18 ms
[timing] load-install-boot 115 ms
[timing] expansion-helpers 3 ms
[timing] native-scheme-surface 58 ms
[timing] standard-library 310 ms
[timing] post-standard-collection 2 ms
[timing] (lib-load (scheme write)) 6 ms
[timing] (lib-load (scheme read)) 6 ms
[timing] (lib-load (scheme file)) 7 ms
[timing] (lib-load (scheme process-context)) 7 ms
[timing] (lib-load (scheme time)) 9 ms
[timing] (lib-load (srfi srfi-2)) 16 ms
[timing] (lib-load (srfi srfi-8)) 12 ms
[timing] (lib-load (liii base)) 46 ms
[timing] (lib-load (srfi srfi-175)) 25 ms
[timing] (lib-load (liii ascii)) 53 ms
[timing] (lib-load (srfi srfi-151)) 40 ms
[timing] (lib-load (liii error)) 9 ms
[timing] (lib-load (liii bitwise)) 83 ms
[timing] (lib-load (liii unicode)) 296 ms
[timing] (lib-load (scheme char)) 331 ms
[timing] (lib-load (scheme complex)) 9 ms
[timing] (lib-load (scheme cxr)) 11 ms
[timing] (lib-load (scheme eval)) 10 ms
[timing] mode-imports 525 ms
[timing] load-source-reader 80 ms
[timing] load-native-writer 2 ms
[timing] boot total 1802 ms
[timing] install-fork-runner 0 ms
[timing] compile-cache-lookup 39 ms
[timing] compile-cache-hit 0 ms
[timing] user-file 54 ms
