[timing] install-primitives 0 ms
[timing] load-kernel 36 ms
[timing] load-cached-runtime 217 ms
[timing] gfo-seed 487 ms
[timing] load-install-scm 17 ms
[timing] load-install-boot 127 ms
[timing] expansion-helpers 4 ms
[timing] native-scheme-surface 65 ms
[timing] standard-library 327 ms
[timing] post-standard-collection 3 ms
[timing] (lib-load (scheme write)) 6 ms
[timing] (lib-load (scheme read)) 6 ms
[timing] (lib-load (scheme file)) 8 ms
[timing] (lib-load (scheme process-context)) 11 ms
[timing] (lib-load (scheme time)) 9 ms
[timing] (lib-load (srfi srfi-2)) 16 ms
[timing] (lib-load (srfi srfi-8)) 8 ms
[timing] (lib-load (liii base)) 41 ms
[timing] (lib-load (srfi srfi-175)) 21 ms
[timing] (lib-load (liii ascii)) 54 ms
[timing] (lib-load (srfi srfi-151)) 37 ms
[timing] (lib-load (liii error)) 10 ms
[timing] (lib-load (liii bitwise)) 78 ms
[timing] (lib-load (liii unicode)) 289 ms
[timing] (lib-load (scheme char)) 328 ms
[timing] (lib-load (scheme complex)) 9 ms
[timing] (lib-load (scheme cxr)) 12 ms
[timing] (lib-load (scheme eval)) 10 ms
[timing] mode-imports 532 ms
[timing] load-source-reader 80 ms
[timing] load-native-writer 2 ms
[timing] boot total 1902 ms
[timing] install-fork-runner 0 ms
[timing] compile-cache-lookup 1 ms
[timing] compile-cache-hit 0 ms
[timing] user-file 1 ms
