[timing] install-primitives 0 ms
[timing] load-kernel 34 ms
[timing] load-cached-runtime 198 ms
[timing] gfo-seed 445 ms
[timing] load-install-scm 18 ms
[timing] load-install-boot 115 ms
[timing] expansion-helpers 3 ms
[timing] native-scheme-surface 58 ms
[timing] standard-library 307 ms
[timing] post-standard-collection 2 ms
[timing] (lib-load (scheme write)) 6 ms
[timing] (lib-load (scheme read)) 8 ms
[timing] (lib-load (scheme file)) 7 ms
[timing] (lib-load (scheme process-context)) 6 ms
[timing] (lib-load (scheme time)) 8 ms
[timing] (lib-load (srfi srfi-2)) 14 ms
[timing] (lib-load (srfi srfi-8)) 7 ms
[timing] (lib-load (liii base)) 37 ms
[timing] (lib-load (srfi srfi-175)) 26 ms
[timing] (lib-load (liii ascii)) 53 ms
[timing] (lib-load (srfi srfi-151)) 36 ms
[timing] (lib-load (liii error)) 8 ms
[timing] (lib-load (liii bitwise)) 76 ms
[timing] (lib-load (liii unicode)) 273 ms
[timing] (lib-load (scheme char)) 307 ms
[timing] (lib-load (scheme complex)) 9 ms
[timing] (lib-load (scheme cxr)) 8 ms
[timing] (lib-load (scheme eval)) 14 ms
[timing] mode-imports 494 ms
[timing] load-source-reader 76 ms
[timing] load-native-writer 2 ms
[timing] boot total 1758 ms
[timing] install-fork-runner 0 ms
[timing] compile-cache-lookup 235 ms
[timing] compile-cache-hit 0 ms
[timing] user-file 1792 ms
