[timing] install-primitives 0 ms
[timing] load-kernel 55 ms
[timing] load-cached-runtime 305 ms
[timing] load-install-scm 2297 ms
[timing] expansion-helpers 6 ms
[timing] native-scheme-surface 63 ms
[timing] standard-library 540 ms
[timing] post-standard-collection 3 ms
[timing] mode-imports 940 ms
[timing] load-source-reader 85 ms
[timing] load-native-writer 2 ms
[timing] boot total 4301 ms
[timing] install-fork-runner 0 ms
[timing] compile-cache-lookup 0 ms
[timing] compile-read-source 3 ms
[timing] compile-expand 354 ms
[timing] optimize-load-compiler 3064 ms
[timing] optimize-load-tree-il 207 ms
[timing] optimize-run-passes 704 ms
[timing] compile-optimize 3976 ms
[timing] compile-cache-write 907 ms
[timing] user-file 5272 ms
