[timing] install-primitives 0 ms
[timing] load-kernel 55 ms
[timing] load-cached-runtime 291 ms
[timing] load-install-scm 2216 ms
[timing] expansion-helpers 5 ms
[timing] native-scheme-surface 2936 ms
[timing] standard-library 544 ms
[timing] post-standard-collection 4 ms
[timing] mode-imports 914 ms
[timing] load-source-reader 86 ms
[timing] load-native-writer 2 ms
[timing] boot total 7060 ms
[timing] install-fork-runner 0 ms
[timing] compile-read-source 3 ms
[timing] compile-cache-lookup 0 ms
[timing] compile-expand 350 ms
[timing] optimize-load-compiler 2965 ms
[timing] optimize-load-tree-il 214 ms
[timing] optimize-run-passes 756 ms
[timing] compile-optimize 3936 ms
[timing] compile-cache-write 981 ms
[timing] user-file 5302 ms
