[timing] install-primitives 0 ms
[timing] load-kernel 54 ms
native cache unavailable: native bootstrap cache /tmp/gf-libA/vbe0f5304e82d/scheme/case-lambda.scm-o2.gfo: missing artifact /tmp/gf-libA/vbe0f5304e82d/scheme/case-lambda.scm-o2.gfo
[timing] load-cached-runtime 38 ms
[timing] cold-source-bootstrap 300 ms
[timing] cache-read /tmp/gf-libA/vbe0f5304e82d/expander/lib/syntax-runtime.scm-o2.gfo 2 ms
[timing] cache-envelope /tmp/gf-libA/vbe0f5304e82d/expander/lib/syntax-runtime.scm-o2.gfo 0 ms
[timing] cache-deps /tmp/gf-libA/vbe0f5304e82d/expander/lib/syntax-runtime.scm-o2.gfo 0 ms
[timing] lib-cache-lookup expander/lib/syntax-runtime.scm 11 ms
[timing] lib-restore-bindings (goldfish) 7 ms
[timing] lib-eval-defs (goldfish) 47 ms
[timing] lib-rebuild-macros (goldfish) 13 ms
[timing] lib-restore expander/lib/syntax-runtime.scm 69 ms
[timing] cache-read /tmp/gf-libA/vbe0f5304e82d/expander/lib/syntax-case.scm-o2.gfo 1 ms
[timing] cache-envelope /tmp/gf-libA/vbe0f5304e82d/expander/lib/syntax-case.scm-o2.gfo 0 ms
[timing] cache-deps /tmp/gf-libA/vbe0f5304e82d/expander/lib/syntax-case.scm-o2.gfo 0 ms
[timing] lib-cache-lookup expander/lib/syntax-case.scm 2 ms
[timing] lib-restore-bindings (goldfish) 0 ms
[timing] lib-eval-defs (goldfish) 4 ms
[timing] lib-rebuild-macros (goldfish) 54 ms
[timing] lib-restore expander/lib/syntax-case.scm 59 ms
[timing] cache-read /tmp/gf-libA/vbe0f5304e82d/expander/lib/define-record-type.scm-o2.gfo 0 ms
[timing] cache-envelope /tmp/gf-libA/vbe0f5304e82d/expander/lib/define-record-type.scm-o2.gfo 0 ms
[timing] cache-deps /tmp/gf-libA/vbe0f5304e82d/expander/lib/define-record-type.scm-o2.gfo 0 ms
[timing] lib-cache-lookup expander/lib/define-record-type.scm 0 ms
[timing] lib-restore-bindings (goldfish) 0 ms
[timing] lib-eval-defs (goldfish) 4 ms
[timing] lib-rebuild-macros (goldfish) 2 ms
[timing] lib-restore expander/lib/define-record-type.scm 7 ms
[timing] cache-read /tmp/gf-libA/vbe0f5304e82d/expander/lib/core-macros.scm-o2.gfo 8 ms
[timing] cache-envelope /tmp/gf-libA/vbe0f5304e82d/expander/lib/core-macros.scm-o2.gfo 0 ms
[timing] cache-deps /tmp/gf-libA/vbe0f5304e82d/expander/lib/core-macros.scm-o2.gfo 0 ms
[timing] lib-cache-lookup expander/lib/core-macros.scm 9 ms
[timing] lib-restore-bindings (goldfish) 0 ms
[timing] lib-eval-defs (goldfish) 0 ms
[timing] lib-rebuild-macros (goldfish) 54 ms
[timing] lib-restore expander/lib/core-macros.scm 54 ms
[timing] cache-read /tmp/gf-libA/vbe0f5304e82d/expander/lib/cond-expand.scm-o2.gfo 0 ms
[timing] cache-envelope /tmp/gf-libA/vbe0f5304e82d/expander/lib/cond-expand.scm-o2.gfo 0 ms
[timing] cache-deps /tmp/gf-libA/vbe0f5304e82d/expander/lib/cond-expand.scm-o2.gfo 0 ms
[timing] lib-cache-lookup expander/lib/cond-expand.scm 0 ms
[timing] lib-restore-bindings (goldfish) 1 ms
[timing] lib-eval-defs (goldfish) 6 ms
[timing] lib-rebuild-macros (goldfish) 0 ms
[timing] lib-restore expander/lib/cond-expand.scm 8 ms
[timing] cache-read /tmp/gf-libA/vbe0f5304e82d/expander/lib/defmacro.scm-o2.gfo 1 ms
[timing] cache-envelope /tmp/gf-libA/vbe0f5304e82d/expander/lib/defmacro.scm-o2.gfo 0 ms
[timing] cache-deps /tmp/gf-libA/vbe0f5304e82d/expander/lib/defmacro.scm-o2.gfo 0 ms
[timing] lib-cache-lookup expander/lib/defmacro.scm 1 ms
[timing] lib-restore-bindings (goldfish) 4 ms
[timing] lib-eval-defs (goldfish) 0 ms
[timing] lib-rebuild-macros (goldfish) 14 ms
[timing] lib-restore expander/lib/defmacro.scm 20 ms
[timing] cache-read /tmp/gf-libA/vbe0f5304e82d/expander/lib/define-star.scm-o2.gfo 1 ms
[timing] cache-envelope /tmp/gf-libA/vbe0f5304e82d/expander/lib/define-star.scm-o2.gfo 0 ms
[timing] cache-deps /tmp/gf-libA/vbe0f5304e82d/expander/lib/define-star.scm-o2.gfo 0 ms
[timing] lib-cache-lookup expander/lib/define-star.scm 1 ms
[timing] lib-restore-bindings (goldfish) 0 ms
[timing] lib-eval-defs (goldfish) 0 ms
[timing] lib-rebuild-macros (goldfish) 16 ms
[timing] lib-restore expander/lib/define-star.scm 16 ms
[timing] cache-read /tmp/gf-libA/vbe0f5304e82d/expander/lib/module-registry.scm-o2.gfo 0 ms
[timing] cache-envelope /tmp/gf-libA/vbe0f5304e82d/expander/lib/module-registry.scm-o2.gfo 0 ms
[timing] cache-deps /tmp/gf-libA/vbe0f5304e82d/expander/lib/module-registry.scm-o2.gfo 0 ms
[timing] lib-cache-lookup expander/lib/module-registry.scm 0 ms
[timing] lib-restore-bindings (goldfish) 9 ms
[timing] lib-eval-defs (goldfish) 6 ms
[timing] lib-rebuild-macros (goldfish) 0 ms
[timing] lib-restore expander/lib/module-registry.scm 15 ms
[timing] cache-read /tmp/gf-libA/vbe0f5304e82d/expander/lib/module.scm-o2.gfo 4 ms
[timing] cache-envelope /tmp/gf-libA/vbe0f5304e82d/expander/lib/module.scm-o2.gfo 0 ms
[timing] cache-deps /tmp/gf-libA/vbe0f5304e82d/expander/lib/module.scm-o2.gfo 0 ms
[timing] lib-cache-lookup expander/lib/module.scm 5 ms
[timing] lib-restore-bindings (goldfish) 25 ms
[timing] lib-eval-defs (goldfish) 117 ms
[timing] lib-rebuild-macros (goldfish) 0 ms
[timing] lib-restore expander/lib/module.scm 143 ms
[timing] load-install-scm 3306 ms
[timing] expansion-helpers 6 ms
[timing] cache-read /tmp/gf-libA/vbe0f5304e82d/expander/lib/base-functions.scm-o2.gfo 1 ms
[timing] cache-envelope /tmp/gf-libA/vbe0f5304e82d/expander/lib/base-functions.scm-o2.gfo 0 ms
[timing] cache-deps /tmp/gf-libA/vbe0f5304e82d/expander/lib/base-functions.scm-o2.gfo 0 ms
[timing] lib-cache-lookup expander/lib/base-functions.scm 1 ms
[timing] lib-restore-bindings (native-source "expander/lib/base-functions.scm") 4 ms
[timing] lib-eval-defs (native-source "expander/lib/base-functions.scm") 33 ms
[timing] lib-rebuild-macros (native-source "expander/lib/base-functions.scm") 0 ms
[timing] lib-restore expander/lib/base-functions.scm 37 ms
[timing] cache-read /tmp/gf-libA/vbe0f5304e82d/expander/lib/native-hash-adapter.scm-o2.gfo 0 ms
[timing] cache-envelope /tmp/gf-libA/vbe0f5304e82d/expander/lib/native-hash-adapter.scm-o2.gfo 0 ms
[timing] cache-deps /tmp/gf-libA/vbe0f5304e82d/expander/lib/native-hash-adapter.scm-o2.gfo 0 ms
[timing] lib-cache-lookup expander/lib/native-hash-adapter.scm 1 ms
[timing] lib-restore-bindings (native-source "expander/lib/native-hash-adapter.scm") 2 ms
[timing] lib-eval-defs (native-source "expander/lib/native-hash-adapter.scm") 11 ms
[timing] lib-rebuild-macros (native-source "expander/lib/native-hash-adapter.scm") 0 ms
[timing] lib-restore expander/lib/native-hash-adapter.scm 14 ms
[timing] cache-read /tmp/gf-libA/vbe0f5304e82d/expander/lib/native-abi.scm-o2.gfo 5 ms
[timing] cache-envelope /tmp/gf-libA/vbe0f5304e82d/expander/lib/native-abi.scm-o2.gfo 0 ms
[timing] cache-deps /tmp/gf-libA/vbe0f5304e82d/expander/lib/native-abi.scm-o2.gfo 0 ms
[timing] lib-cache-lookup expander/lib/native-abi.scm 5 ms
[timing] lib-restore-bindings (native-source "expander/lib/native-abi.scm") 8 ms
[timing] lib-eval-defs (native-source "expander/lib/native-abi.scm") 30 ms
[timing] lib-rebuild-macros (native-source "expander/lib/native-abi.scm") 0 ms
[timing] lib-restore expander/lib/native-abi.scm 38 ms
[timing] native-scheme-surface 102 ms
[timing] cache-read /tmp/gf-libA/vbe0f5304e82d/expander/lib/standard.scm-o2.gfo 4 ms
[timing] cache-envelope /tmp/gf-libA/vbe0f5304e82d/expander/lib/standard.scm-o2.gfo 0 ms
[timing] cache-deps /tmp/gf-libA/vbe0f5304e82d/expander/lib/standard.scm-o2.gfo 0 ms
[timing] lib-cache-lookup expander/lib/standard.scm 5 ms
[timing] lib-restore-bindings (goldfish) 0 ms
[timing] lib-eval-defs (goldfish) 0 ms
[timing] lib-rebuild-macros (goldfish) 84 ms
[timing] lib-restore expander/lib/standard.scm 84 ms
[timing] standard-library 89 ms
[timing] post-standard-collection 4 ms
[timing] cache-read /tmp/gf-libA/vbe0f5304e82d/scheme/base.scm-o2.gfo 5 ms
[timing] cache-envelope /tmp/gf-libA/vbe0f5304e82d/scheme/base.scm-o2.gfo 0 ms
[timing] cache-deps-map /tmp/gf-libA/vbe0f5304e82d/scheme/base.scm-o2.gfo 0 ms
[timing] cache-deps-equal /tmp/gf-libA/vbe0f5304e82d/scheme/base.scm-o2.gfo 0 ms
[timing] cache-deps /tmp/gf-libA/vbe0f5304e82d/scheme/base.scm-o2.gfo 0 ms
[timing] lib-cache-lookup scheme/base.scm 6 ms
[timing] (imp-pairs (goldfish)) 3 ms
[timing] (imp-view (goldfish)) 242 ms
[timing] (imp-add (goldfish)) 0 ms
[timing] (imp-pairs (goldfish)) 5 ms
[timing] (imp-view (goldfish)) 243 ms
[timing] (imp-add (goldfish)) 0 ms
[timing] (restore-import (scheme base)) 495 ms
[timing] (restore-bindings (scheme base)) 2 ms
[timing] (restore-macros (scheme base)) 61 ms
[timing] (restore-renames (scheme base)) 0 ms
[timing] (restore-exports (scheme base)) 31 ms
[timing] lib-restore scheme/base.scm 590 ms
[timing] lib-eval scheme/base.scm 9 ms
[timing] (imp-pairs (scheme base)) 607 ms
[timing] (imp-view (scheme base)) 64 ms
[timing] (imp-add (scheme base)) 1 ms
[timing] mode-imports 675 ms
[timing] cache-read /tmp/gf-libA/vbe0f5304e82d/liii/reader.scm-o2.gfo 9 ms
[timing] cache-envelope /tmp/gf-libA/vbe0f5304e82d/liii/reader.scm-o2.gfo 0 ms
[timing] cache-deps /tmp/gf-libA/vbe0f5304e82d/liii/reader.scm-o2.gfo 0 ms
[timing] lib-cache-lookup liii/reader.scm 10 ms
[timing] lib-restore-bindings (native-source "liii/reader.scm") 18 ms
[timing] lib-eval-defs (native-source "liii/reader.scm") 138 ms
[timing] lib-rebuild-macros (native-source "liii/reader.scm") 1 ms
[timing] lib-restore liii/reader.scm 158 ms
[timing] load-source-reader 169 ms
[timing] cache-read /tmp/gf-libA/vbe0f5304e82d/expander/lib/native-write.scm-o2.gfo 0 ms
[timing] cache-envelope /tmp/gf-libA/vbe0f5304e82d/expander/lib/native-write.scm-o2.gfo 0 ms
[timing] cache-deps /tmp/gf-libA/vbe0f5304e82d/expander/lib/native-write.scm-o2.gfo 0 ms
[timing] lib-cache-lookup expander/lib/native-write.scm 0 ms
[timing] lib-restore-bindings (native-source "expander/lib/native-write.scm") 1 ms
[timing] lib-eval-defs (native-source "expander/lib/native-write.scm") 1 ms
[timing] lib-rebuild-macros (native-source "expander/lib/native-write.scm") 0 ms
[timing] lib-restore expander/lib/native-write.scm 2 ms
[timing] load-native-writer 3 ms
[timing] boot total 4753 ms
[timing] install-fork-runner 0 ms
[timing] cache-read /tmp/gf-libA/vbe0f5304e82d/liii/ascii.scm-o2.gfo 1 ms
[timing] cache-envelope /tmp/gf-libA/vbe0f5304e82d/liii/ascii.scm-o2.gfo 0 ms
[timing] cache-deps-map /tmp/gf-libA/vbe0f5304e82d/liii/ascii.scm-o2.gfo 56 ms
[timing] cache-deps-equal /tmp/gf-libA/vbe0f5304e82d/liii/ascii.scm-o2.gfo 0 ms
[timing] cache-deps /tmp/gf-libA/vbe0f5304e82d/liii/ascii.scm-o2.gfo 0 ms
[timing] lib-cache-lookup liii/ascii.scm 59 ms
[timing] (imp-pairs (goldfish)) 3 ms
[timing] (imp-view (goldfish)) 2 ms
[timing] (imp-add (goldfish)) 0 ms
[timing] cache-read /tmp/gf-libA/vbe0f5304e82d/srfi/srfi-175.scm-o2.gfo 1 ms
[timing] cache-envelope /tmp/gf-libA/vbe0f5304e82d/srfi/srfi-175.scm-o2.gfo 0 ms
[timing] cache-deps-map /tmp/gf-libA/vbe0f5304e82d/srfi/srfi-175.scm-o2.gfo 0 ms
[timing] cache-deps-equal /tmp/gf-libA/vbe0f5304e82d/srfi/srfi-175.scm-o2.gfo 0 ms
[timing] cache-deps /tmp/gf-libA/vbe0f5304e82d/srfi/srfi-175.scm-o2.gfo 0 ms
[timing] lib-cache-lookup srfi/srfi-175.scm 2 ms
[timing] (imp-pairs (goldfish)) 3 ms
[timing] (imp-view (goldfish)) 2 ms
[timing] (imp-add (goldfish)) 0 ms
[timing] (restore-import (srfi srfi-175)) 6 ms
[timing] (restore-bindings (srfi srfi-175)) 4 ms
[timing] (restore-macros (srfi srfi-175)) 0 ms
[timing] (restore-renames (srfi srfi-175)) 0 ms
[timing] (restore-exports (srfi srfi-175)) 3 ms
[timing] lib-restore srfi/srfi-175.scm 16 ms
[timing] lib-eval srfi/srfi-175.scm 7 ms
[timing] (imp-pairs (srfi srfi-175)) 27 ms
[timing] (imp-view (srfi srfi-175)) 11 ms
[timing] (imp-add (srfi srfi-175)) 4 ms
[timing] (restore-import (liii ascii)) 50 ms
[timing] (restore-bindings (liii ascii)) 2 ms
[timing] (restore-macros (liii ascii)) 0 ms
[timing] (restore-renames (liii ascii)) 0 ms
[timing] (restore-exports (liii ascii)) 8 ms
[timing] lib-restore liii/ascii.scm 62 ms
[timing] lib-eval liii/ascii.scm 5 ms
[timing] (imp-pairs (liii ascii)) 127 ms
[timing] (imp-view (liii ascii)) 16 ms
[timing] (imp-add (liii ascii)) 5 ms
