[timing] install-primitives 0 ms
[timing] load-kernel 55 ms
[timing] load-cached-runtime 304 ms
[timing] load-install-scm 2132 ms
[timing] expansion-helpers 7 ms
[timing] native-scheme-surface 2925 ms
[timing] standard-library 552 ms
[timing] post-standard-collection 2 ms
[timing] mode-imports 930 ms
[timing] load-source-reader 81 ms
[timing] load-native-writer 2 ms
[timing] boot total 6994 ms
	Command being timed: "bin/gf -m liii -e (+ 20 22)"
	User time (seconds): 6.95
	System time (seconds): 0.02
	Percent of CPU this job got: 99%
	Elapsed (wall clock) time (h:mm:ss or m:ss): 0:07.01
	Average shared text size (kbytes): 0
	Average unshared data size (kbytes): 0
	Average stack size (kbytes): 0
	Average total size (kbytes): 0
	Maximum resident set size (kbytes): 31828
	Average resident set size (kbytes): 0
	Major (requiring I/O) page faults: 0
	Minor (reclaiming a frame) page faults: 4820
	Voluntary context switches: 1
	Involuntary context switches: 1280
	Swaps: 0
	File system inputs: 0
	File system outputs: 16
	Socket messages sent: 0
	Socket messages received: 0
	Signals delivered: 0
	Page size (bytes): 4096
	Exit status: 0
