[timing] install-primitives 0 ms
[timing] load-kernel 55 ms
[timing] load-cached-runtime 309 ms
[timing] load-install-scm 2194 ms
[timing] expansion-helpers 5 ms
[timing] native-scheme-surface 3161 ms
[timing] standard-library 574 ms
[timing] post-standard-collection 3 ms
[timing] mode-imports 71 ms
[timing] load-source-reader 89 ms
[timing] load-native-writer 2 ms
[timing] boot total 6468 ms
	Command being timed: "bin/gf -m r7rs -e (+ 20 22)"
	User time (seconds): 6.40
	System time (seconds): 0.02
	Percent of CPU this job got: 99%
	Elapsed (wall clock) time (h:mm:ss or m:ss): 0:06.48
	Average shared text size (kbytes): 0
	Average unshared data size (kbytes): 0
	Average stack size (kbytes): 0
	Average total size (kbytes): 0
	Maximum resident set size (kbytes): 31748
	Average resident set size (kbytes): 0
	Major (requiring I/O) page faults: 0
	Minor (reclaiming a frame) page faults: 4777
	Voluntary context switches: 1
	Involuntary context switches: 1471
	Swaps: 0
	File system inputs: 0
	File system outputs: 16
	Socket messages sent: 0
	Socket messages received: 0
	Signals delivered: 0
	Page size (bytes): 4096
	Exit status: 0
