[timing] install-primitives 0 ms
[timing] load-kernel 58 ms
[timing] load-cached-runtime 312 ms
[timing] load-install-scm 2215 ms
[timing] expansion-helpers 5 ms
[timing] native-scheme-surface 3114 ms
[timing] standard-library 562 ms
[timing] post-standard-collection 4 ms
[timing] mode-imports 72 ms
[timing] load-source-reader 95 ms
[timing] load-native-writer 2 ms
[timing] boot total 6445 ms
	Command being timed: "bin/gf -m r7rs -e (+ 20 22)"
	User time (seconds): 6.38
	System time (seconds): 0.02
	Percent of CPU this job got: 99%
	Elapsed (wall clock) time (h:mm:ss or m:ss): 0:06.46
	Average shared text size (kbytes): 0
	Average unshared data size (kbytes): 0
	Average stack size (kbytes): 0
	Average total size (kbytes): 0
	Maximum resident set size (kbytes): 28620
	Average resident set size (kbytes): 0
	Major (requiring I/O) page faults: 0
	Minor (reclaiming a frame) page faults: 3956
	Voluntary context switches: 0
	Involuntary context switches: 1254
	Swaps: 0
	File system inputs: 0
	File system outputs: 16
	Socket messages sent: 0
	Socket messages received: 0
	Signals delivered: 0
	Page size (bytes): 4096
	Exit status: 0
