[timing] install-primitives 0 ms
[timing] load-kernel 33 ms
native cache unavailable: native bootstrap cache not found under /tmp/bench-2c-cand-coldonly/caches/cold-minimal-1/va2e552b8c326
[timing] load-cached-runtime 7 ms
[timing] cold-source-bootstrap 264 ms
[timing] gfo-seed 487 ms
[timing] load-install-scm 3562 ms
[timing] load-install-boot 7589 ms
[timing] expansion-helpers 6 ms
[timing] native-scheme-surface 2810 ms
[timing] standard-library 815 ms
[timing] post-standard-collection 4 ms
[timing] (lib-load (scheme base)) 1939 ms
[timing] (lib-load (scheme write)) 9 ms
[timing] (lib-load (scheme read)) 7 ms
[timing] (lib-load (scheme file)) 14 ms
[timing] (lib-load (scheme process-context)) 17 ms
[timing] (lib-load (scheme time)) 34 ms
[timing] (lib-load (srfi srfi-2)) 168 ms
[timing] (lib-load (srfi srfi-8)) 61 ms
[timing] (lib-load (liii base)) 399 ms
[timing] (lib-load (srfi srfi-175)) 897 ms
[timing] (lib-load (liii ascii)) 992 ms
[timing] (lib-load (srfi srfi-151)) 646 ms
[timing] (lib-load (liii error)) 70 ms
[timing] (lib-load (liii bitwise)) 811 ms
[timing] (lib-load (liii unicode)) 7065 ms
[timing] (lib-load (scheme char)) 7787 ms
[timing] (lib-load (scheme complex)) 28 ms
[timing] (lib-load (scheme cxr)) 16 ms
[timing] (lib-load (scheme eval)) 200 ms
[timing] (lib-load (scheme case-lambda)) 51 ms
[timing] mode-imports 10351 ms
[timing] load-source-reader 9254 ms
[timing] load-native-writer 42 ms
[timing] boot total 35231 ms
[timing] install-fork-runner 0 ms
[timing] compile-cache-lookup 1 ms
[timing] compile-read-source 0 ms
[timing] compile-expand 2 ms
[timing] (lib-load (goldfish core ir)) 3238 ms
[timing] (lib-load (goldfish match expansion)) 7782 ms
[timing] (lib-load (goldfish match)) 11753 ms
[timing] (lib-load (goldfish compiler patterns)) 12768 ms
[timing] (lib-load (goldfish compiler passes)) 8358 ms
[timing] (lib-load (goldfish compiler)) 26198 ms
[timing] optimize-load-compiler 26198 ms
[timing] (lib-load (goldfish expander tree-il)) 3096 ms
[timing] optimize-load-tree-il 3097 ms
[timing] optimize-run-passes 3 ms
[timing] compile-optimize 29299 ms
[timing] compile-cache-write 2 ms
[timing] user-file 29304 ms
