[timing] install-primitives 0 ms
[timing] load-kernel 34 ms
native cache unavailable: native bootstrap cache not found under /tmp/bench-2c-cand-coldonly/caches/cold-minimal-2/va2e552b8c326
[timing] load-cached-runtime 8 ms
[timing] cold-source-bootstrap 272 ms
[timing] gfo-seed 503 ms
[timing] load-install-scm 3591 ms
[timing] load-install-boot 7543 ms
[timing] expansion-helpers 5 ms
[timing] native-scheme-surface 2775 ms
[timing] standard-library 823 ms
[timing] post-standard-collection 4 ms
[timing] (lib-load (scheme base)) 1988 ms
[timing] (lib-load (scheme write)) 10 ms
[timing] (lib-load (scheme read)) 10 ms
[timing] (lib-load (scheme file)) 16 ms
[timing] (lib-load (scheme process-context)) 18 ms
[timing] (lib-load (scheme time)) 38 ms
[timing] (lib-load (srfi srfi-2)) 181 ms
[timing] (lib-load (srfi srfi-8)) 55 ms
[timing] (lib-load (liii base)) 418 ms
[timing] (lib-load (srfi srfi-175)) 920 ms
[timing] (lib-load (liii ascii)) 1004 ms
[timing] (lib-load (srfi srfi-151)) 668 ms
[timing] (lib-load (liii error)) 61 ms
[timing] (lib-load (liii bitwise)) 824 ms
[timing] (lib-load (liii unicode)) 7200 ms
[timing] (lib-load (scheme char)) 7921 ms
[timing] (lib-load (scheme complex)) 27 ms
[timing] (lib-load (scheme cxr)) 15 ms
[timing] (lib-load (scheme eval)) 203 ms
[timing] (lib-load (scheme case-lambda)) 51 ms
[timing] mode-imports 10548 ms
[timing] load-source-reader 9228 ms
[timing] load-native-writer 40 ms
[timing] boot total 35382 ms
[timing] install-fork-runner 0 ms
[timing] compile-cache-lookup 1 ms
[timing] compile-read-source 0 ms
[timing] compile-expand 2 ms
[timing] (lib-load (goldfish core ir)) 3154 ms
[timing] (lib-load (goldfish match expansion)) 7686 ms
[timing] (lib-load (goldfish match)) 11592 ms
[timing] (lib-load (goldfish compiler patterns)) 12568 ms
[timing] (lib-load (goldfish compiler passes)) 8043 ms
[timing] (lib-load (goldfish compiler)) 25591 ms
[timing] optimize-load-compiler 25591 ms
[timing] (lib-load (goldfish expander tree-il)) 3030 ms
[timing] optimize-load-tree-il 3030 ms
[timing] optimize-run-passes 3 ms
[timing] compile-optimize 28626 ms
[timing] compile-cache-write 2 ms
[timing] user-file 28631 ms
