[timing] install-primitives 0 ms
[timing] load-kernel 34 ms
native cache unavailable: native bootstrap cache not found under /tmp/bench-2c-cand-coldonly/caches/bootstrap/va2e552b8c326
[timing] load-cached-runtime 7 ms
[timing] cold-source-bootstrap 276 ms
[timing] gfo-seed 478 ms
[timing] load-install-scm 3644 ms
[timing] load-install-boot 7761 ms
[timing] expansion-helpers 5 ms
[timing] native-scheme-surface 2808 ms
[timing] standard-library 817 ms
[timing] post-standard-collection 5 ms
[timing] (lib-load (scheme base)) 1929 ms
[timing] (lib-load (scheme write)) 9 ms
[timing] (lib-load (scheme read)) 8 ms
[timing] (lib-load (scheme file)) 14 ms
[timing] (lib-load (scheme process-context)) 18 ms
[timing] (lib-load (scheme time)) 36 ms
[timing] (lib-load (srfi srfi-2)) 176 ms
[timing] (lib-load (srfi srfi-8)) 60 ms
[timing] (lib-load (liii base)) 406 ms
[timing] (lib-load (srfi srfi-175)) 900 ms
[timing] (lib-load (liii ascii)) 991 ms
[timing] (lib-load (srfi srfi-151)) 665 ms
[timing] (lib-load (liii error)) 60 ms
[timing] (lib-load (liii bitwise)) 819 ms
[timing] (lib-load (liii unicode)) 7165 ms
[timing] (lib-load (scheme char)) 7895 ms
[timing] (lib-load (scheme complex)) 27 ms
[timing] (lib-load (scheme cxr)) 16 ms
[timing] (lib-load (scheme eval)) 213 ms
[timing] (lib-load (scheme case-lambda)) 50 ms
[timing] mode-imports 10456 ms
[timing] load-source-reader 9329 ms
[timing] load-native-writer 43 ms
[timing] boot total 35668 ms
[timing] install-fork-runner 0 ms
[timing] compile-cache-lookup 0 ms
[timing] compile-read-source 0 ms
[timing] compile-expand 2 ms
[timing] (lib-load (goldfish core ir)) 3205 ms
[timing] (lib-load (goldfish match expansion)) 7745 ms
[timing] (lib-load (goldfish match)) 11670 ms
[timing] (lib-load (goldfish compiler patterns)) 12669 ms
[timing] (lib-load (goldfish compiler passes)) 8058 ms
[timing] (lib-load (goldfish compiler)) 25751 ms
[timing] optimize-load-compiler 25751 ms
[timing] (lib-load (goldfish expander tree-il)) 3060 ms
[timing] optimize-load-tree-il 3060 ms
[timing] optimize-run-passes 2 ms
[timing] compile-optimize 28816 ms
[timing] compile-cache-write 2 ms
[timing] user-file 28820 ms
