[timing] install-primitives 0 ms
[timing] load-kernel 33 ms
native cache unavailable: native bootstrap cache not found under /tmp/bench-boot/caches/cold-large-scheme-1/va39e0349e87d
[timing] load-cached-runtime 8 ms
[timing] cold-source-bootstrap 248 ms
[timing] gfo-seed 464 ms
[timing] load-install-scm 1728 ms
[timing] load-install-boot 9915 ms
[timing] expansion-helpers 8 ms
[timing] native-scheme-surface 1949 ms
[timing] standard-library 564 ms
[timing] post-standard-collection 6 ms
[timing] (lib-cache-read (scheme base)) 0 ms
[timing] (lib-load (scheme base)) 1309 ms
[timing] (lib-cache-read (scheme write)) 0 ms
[timing] (lib-load (scheme write)) 6 ms
[timing] (lib-cache-read (scheme read)) 0 ms
[timing] (lib-load (scheme read)) 5 ms
[timing] (lib-cache-read (scheme file)) 0 ms
[timing] (lib-load (scheme file)) 11 ms
[timing] (lib-cache-read (scheme process-context)) 0 ms
[timing] (lib-load (scheme process-context)) 13 ms
[timing] (lib-cache-read (scheme time)) 0 ms
[timing] (lib-load (scheme time)) 26 ms
[timing] (lib-cache-read (scheme char)) 0 ms
[timing] (lib-cache-read (liii unicode)) 0 ms
[timing] (lib-cache-read (liii base)) 0 ms
[timing] (lib-cache-read (srfi srfi-2)) 0 ms
[timing] (lib-load (srfi srfi-2)) 119 ms
[timing] (lib-cache-read (srfi srfi-8)) 0 ms
[timing] (lib-load (srfi srfi-8)) 50 ms
[timing] (lib-load (liii base)) 317 ms
[timing] (lib-cache-read (liii ascii)) 0 ms
[timing] (lib-cache-read (srfi srfi-175)) 0 ms
[timing] (lib-load (srfi srfi-175)) 615 ms
[timing] (lib-load (liii ascii)) 692 ms
[timing] (lib-cache-read (liii bitwise)) 0 ms
[timing] (lib-cache-read (srfi srfi-151)) 0 ms
[timing] (lib-load (srfi srfi-151)) 410 ms
[timing] (lib-cache-read (liii error)) 0 ms
[timing] (lib-load (liii error)) 46 ms
[timing] (lib-load (liii bitwise)) 539 ms
[timing] (lib-load (liii unicode)) 4837 ms
[timing] (lib-load (scheme char)) 5407 ms
[timing] (lib-cache-read (scheme complex)) 0 ms
[timing] (lib-load (scheme complex)) 20 ms
[timing] (lib-cache-read (scheme cxr)) 0 ms
[timing] (lib-load (scheme cxr)) 11 ms
[timing] (lib-cache-read (scheme eval)) 0 ms
[timing] (lib-load (scheme eval)) 153 ms
[timing] (lib-cache-read (scheme case-lambda)) 0 ms
[timing] (lib-load (scheme case-lambda)) 44 ms
[timing] mode-imports 7142 ms
[timing] load-source-reader 4534 ms
[timing] load-native-writer 35 ms
[timing] boot total 26641 ms
[timing] install-fork-runner 0 ms
[timing] compile-cache-lookup 0 ms
[timing] compile-read-source 146 ms
[timing] compile-expand 1944 ms
[timing] (lib-cache-read (goldfish compiler)) 15 ms
[timing] (lib-cache-read (goldfish core ir)) 0 ms
[timing] (lib-load (goldfish core ir)) 1946 ms
[timing] (lib-cache-read (goldfish compiler patterns)) 0 ms
[timing] (lib-cache-read (goldfish match)) 0 ms
[timing] (lib-cache-read (goldfish match expansion)) 1 ms
[timing] (lib-load (goldfish match expansion)) 5730 ms
[timing] (lib-load (goldfish match)) 8531 ms
[timing] (lib-load (goldfish compiler patterns)) 9470 ms
[timing] (lib-cache-read (goldfish compiler passes)) 0 ms
[timing] (lib-load (goldfish compiler passes)) 5211 ms
[timing] (lib-load (goldfish compiler)) 18401 ms
[timing] optimize-load-compiler 18401 ms
[timing] (lib-cache-read (goldfish expander tree-il)) 0 ms
[timing] (lib-load (goldfish expander tree-il)) 2627 ms
[timing] optimize-load-tree-il 2627 ms
[timing] optimize-run-passes 2826 ms
[timing] compile-optimize 23856 ms
[timing] compile-cache-write 1145 ms
[timing] user-file 27349 ms
