[timing] install-primitives 0 ms
[timing] load-kernel 34 ms
[timing] bundle-parse /tmp/bench-boot/caches/readonly-large-scheme-1/va39e0349e87d/expander/lib/syntax-runtime.scm-o2.gfo 3 ms
[timing] bundle-defs /tmp/bench-boot/caches/readonly-large-scheme-1/va39e0349e87d/expander/lib/syntax-runtime.scm-o2.gfo 0 ms
[timing] bundle-meta /tmp/bench-boot/caches/readonly-large-scheme-1/va39e0349e87d/expander/lib/syntax-runtime.scm-o2.gfo 3 ms
[timing] bundle-alias /tmp/bench-boot/caches/readonly-large-scheme-1/va39e0349e87d/expander/lib/syntax-runtime.scm-o2.gfo 0 ms
[timing] artifact expander/lib/syntax-runtime.scm-o2.gfo 8 ms
[timing] bundle-parse /tmp/bench-boot/caches/readonly-large-scheme-1/va39e0349e87d/expander/lib/syntax-case.scm-o2.gfo 1 ms
[timing] bundle-defs /tmp/bench-boot/caches/readonly-large-scheme-1/va39e0349e87d/expander/lib/syntax-case.scm-o2.gfo 0 ms
[timing] bundle-meta /tmp/bench-boot/caches/readonly-large-scheme-1/va39e0349e87d/expander/lib/syntax-case.scm-o2.gfo 0 ms
[timing] bundle-alias /tmp/bench-boot/caches/readonly-large-scheme-1/va39e0349e87d/expander/lib/syntax-case.scm-o2.gfo 0 ms
[timing] artifact expander/lib/syntax-case.scm-o2.gfo 4 ms
[timing] bundle-parse /tmp/bench-boot/caches/readonly-large-scheme-1/va39e0349e87d/expander/lib/define-record-type.scm-o2.gfo 0 ms
[timing] bundle-defs /tmp/bench-boot/caches/readonly-large-scheme-1/va39e0349e87d/expander/lib/define-record-type.scm-o2.gfo 0 ms
[timing] bundle-meta /tmp/bench-boot/caches/readonly-large-scheme-1/va39e0349e87d/expander/lib/define-record-type.scm-o2.gfo 0 ms
[timing] bundle-alias /tmp/bench-boot/caches/readonly-large-scheme-1/va39e0349e87d/expander/lib/define-record-type.scm-o2.gfo 0 ms
[timing] artifact expander/lib/define-record-type.scm-o2.gfo 1 ms
[timing] bundle-parse /tmp/bench-boot/caches/readonly-large-scheme-1/va39e0349e87d/expander/lib/core-macros.scm-o2.gfo 3 ms
[timing] bundle-defs /tmp/bench-boot/caches/readonly-large-scheme-1/va39e0349e87d/expander/lib/core-macros.scm-o2.gfo 0 ms
[timing] bundle-meta /tmp/bench-boot/caches/readonly-large-scheme-1/va39e0349e87d/expander/lib/core-macros.scm-o2.gfo 0 ms
[timing] bundle-alias /tmp/bench-boot/caches/readonly-large-scheme-1/va39e0349e87d/expander/lib/core-macros.scm-o2.gfo 0 ms
[timing] artifact expander/lib/core-macros.scm-o2.gfo 8 ms
[timing] bundle-parse /tmp/bench-boot/caches/readonly-large-scheme-1/va39e0349e87d/expander/lib/cond-expand.scm-o2.gfo 0 ms
[timing] bundle-defs /tmp/bench-boot/caches/readonly-large-scheme-1/va39e0349e87d/expander/lib/cond-expand.scm-o2.gfo 0 ms
[timing] bundle-meta /tmp/bench-boot/caches/readonly-large-scheme-1/va39e0349e87d/expander/lib/cond-expand.scm-o2.gfo 0 ms
[timing] bundle-alias /tmp/bench-boot/caches/readonly-large-scheme-1/va39e0349e87d/expander/lib/cond-expand.scm-o2.gfo 0 ms
[timing] artifact expander/lib/cond-expand.scm-o2.gfo 1 ms
[timing] bundle-parse /tmp/bench-boot/caches/readonly-large-scheme-1/va39e0349e87d/expander/lib/defmacro.scm-o2.gfo 1 ms
[timing] bundle-defs /tmp/bench-boot/caches/readonly-large-scheme-1/va39e0349e87d/expander/lib/defmacro.scm-o2.gfo 0 ms
[timing] bundle-meta /tmp/bench-boot/caches/readonly-large-scheme-1/va39e0349e87d/expander/lib/defmacro.scm-o2.gfo 0 ms
[timing] bundle-alias /tmp/bench-boot/caches/readonly-large-scheme-1/va39e0349e87d/expander/lib/defmacro.scm-o2.gfo 0 ms
[timing] artifact expander/lib/defmacro.scm-o2.gfo 2 ms
[timing] bundle-parse /tmp/bench-boot/caches/readonly-large-scheme-1/va39e0349e87d/expander/lib/define-star.scm-o2.gfo 1 ms
[timing] bundle-defs /tmp/bench-boot/caches/readonly-large-scheme-1/va39e0349e87d/expander/lib/define-star.scm-o2.gfo 0 ms
[timing] bundle-meta /tmp/bench-boot/caches/readonly-large-scheme-1/va39e0349e87d/expander/lib/define-star.scm-o2.gfo 0 ms
[timing] bundle-alias /tmp/bench-boot/caches/readonly-large-scheme-1/va39e0349e87d/expander/lib/define-star.scm-o2.gfo 0 ms
[timing] artifact expander/lib/define-star.scm-o2.gfo 2 ms
[timing] bundle-parse /tmp/bench-boot/caches/readonly-large-scheme-1/va39e0349e87d/expander/lib/module-registry.scm-o2.gfo 0 ms
[timing] bundle-defs /tmp/bench-boot/caches/readonly-large-scheme-1/va39e0349e87d/expander/lib/module-registry.scm-o2.gfo 0 ms
[timing] bundle-meta /tmp/bench-boot/caches/readonly-large-scheme-1/va39e0349e87d/expander/lib/module-registry.scm-o2.gfo 1 ms
[timing] bundle-alias /tmp/bench-boot/caches/readonly-large-scheme-1/va39e0349e87d/expander/lib/module-registry.scm-o2.gfo 0 ms
[timing] artifact expander/lib/module-registry.scm-o2.gfo 2 ms
[timing] bundle-parse /tmp/bench-boot/caches/readonly-large-scheme-1/va39e0349e87d/expander/lib/module.scm-o2.gfo 5 ms
[timing] bundle-defs /tmp/bench-boot/caches/readonly-large-scheme-1/va39e0349e87d/expander/lib/module.scm-o2.gfo 0 ms
[timing] bundle-meta /tmp/bench-boot/caches/readonly-large-scheme-1/va39e0349e87d/expander/lib/module.scm-o2.gfo 9 ms
[timing] bundle-alias /tmp/bench-boot/caches/readonly-large-scheme-1/va39e0349e87d/expander/lib/module.scm-o2.gfo 0 ms
[timing] artifact expander/lib/module.scm-o2.gfo 22 ms
[timing] bundle-parse /tmp/bench-boot/caches/readonly-large-scheme-1/va39e0349e87d/expander/lib/standard.scm-o2.gfo 5 ms
[timing] bundle-defs /tmp/bench-boot/caches/readonly-large-scheme-1/va39e0349e87d/expander/lib/standard.scm-o2.gfo 0 ms
[timing] bundle-meta /tmp/bench-boot/caches/readonly-large-scheme-1/va39e0349e87d/expander/lib/standard.scm-o2.gfo 1 ms
[timing] bundle-alias /tmp/bench-boot/caches/readonly-large-scheme-1/va39e0349e87d/expander/lib/standard.scm-o2.gfo 0 ms
[timing] artifact expander/lib/standard.scm-o2.gfo 11 ms
[timing] bundle-parse /tmp/bench-boot/caches/readonly-large-scheme-1/va39e0349e87d/scheme/case-lambda.scm-o2.gfo 0 ms
[timing] bundle-import /tmp/bench-boot/caches/readonly-large-scheme-1/va39e0349e87d/scheme/case-lambda.scm-o2.gfo ((scheme case-lambda)) 37 ms
[timing] bundle-meta /tmp/bench-boot/caches/readonly-large-scheme-1/va39e0349e87d/scheme/case-lambda.scm-o2.gfo ((scheme case-lambda)) 0 ms
[timing] bundle-defs /tmp/bench-boot/caches/readonly-large-scheme-1/va39e0349e87d/scheme/case-lambda.scm-o2.gfo ((scheme case-lambda)) 0 ms
[timing] bundle-module /tmp/bench-boot/caches/readonly-large-scheme-1/va39e0349e87d/scheme/case-lambda.scm-o2.gfo ((scheme case-lambda)) 0 ms
[timing] artifact scheme/case-lambda.scm-o2.gfo 39 ms
[timing] load-cached-runtime 153 ms
[timing] gfo-seed 19 ms
[timing] load-install-scm 16 ms
[timing] load-install-boot 39 ms
[timing] expansion-helpers 4 ms
[timing] native-scheme-surface 50 ms
[timing] bundle-parse /tmp/bench-boot/caches/readonly-large-scheme-1/va39e0349e87d/scheme/base.scm-o2.gfo 6 ms
[timing] bundle-import /tmp/bench-boot/caches/readonly-large-scheme-1/va39e0349e87d/scheme/base.scm-o2.gfo ((scheme base)) 96 ms
[timing] bundle-meta /tmp/bench-boot/caches/readonly-large-scheme-1/va39e0349e87d/scheme/base.scm-o2.gfo ((scheme base)) 2 ms
[timing] bundle-defs /tmp/bench-boot/caches/readonly-large-scheme-1/va39e0349e87d/scheme/base.scm-o2.gfo ((scheme base)) 1 ms
[timing] bundle-module /tmp/bench-boot/caches/readonly-large-scheme-1/va39e0349e87d/scheme/base.scm-o2.gfo ((scheme base)) 7 ms
[timing] artifact scheme/base.scm-o2.gfo 125 ms
[timing] standard-library 125 ms
[timing] post-standard-collection 4 ms
[timing] (lib-cache-read (scheme write)) 0 ms
[timing] (lib-import (scheme write)) 2 ms
[timing] (lib-bindings (scheme write)) 0 ms
[timing] (lib-macros (scheme write)) 0 ms
[timing] (lib-restore (scheme write)) 2 ms
[timing] (lib-eval-defs (scheme write)) 0 ms
[timing] (lib-load (scheme write)) 3 ms
[timing] (lib-cache-read (scheme read)) 0 ms
[timing] (lib-import (scheme read)) 1 ms
[timing] (lib-bindings (scheme read)) 0 ms
[timing] (lib-macros (scheme read)) 0 ms
[timing] (lib-restore (scheme read)) 2 ms
[timing] (lib-eval-defs (scheme read)) 0 ms
[timing] (lib-load (scheme read)) 3 ms
[timing] (lib-cache-read (scheme file)) 0 ms
[timing] (lib-import (scheme file)) 1 ms
[timing] (lib-bindings (scheme file)) 0 ms
[timing] (lib-macros (scheme file)) 1 ms
[timing] (lib-restore (scheme file)) 3 ms
[timing] (lib-eval-defs (scheme file)) 0 ms
[timing] (lib-load (scheme file)) 5 ms
[timing] (lib-cache-read (scheme process-context)) 0 ms
[timing] (lib-import (scheme process-context)) 2 ms
[timing] (lib-bindings (scheme process-context)) 0 ms
[timing] (lib-macros (scheme process-context)) 0 ms
[timing] (lib-restore (scheme process-context)) 3 ms
[timing] (lib-eval-defs (scheme process-context)) 0 ms
[timing] (lib-load (scheme process-context)) 5 ms
[timing] (lib-cache-read (scheme time)) 4 ms
[timing] (lib-import (scheme time)) 2 ms
[timing] (lib-bindings (scheme time)) 5 ms
[timing] (lib-macros (scheme time)) 0 ms
[timing] (lib-restore (scheme time)) 8 ms
[timing] (lib-eval-defs (scheme time)) 1 ms
[timing] (lib-load (scheme time)) 14 ms
[timing] (lib-cache-read (scheme char)) 9 ms
[timing] (lib-cache-read (liii unicode)) 6 ms
[timing] (lib-cache-read (liii base)) 1 ms
[timing] (lib-cache-read (srfi srfi-2)) 1 ms
[timing] (lib-import (srfi srfi-2)) 2 ms
[timing] (lib-bindings (srfi srfi-2)) 0 ms
[timing] (lib-macros (srfi srfi-2)) 12 ms
[timing] (lib-restore (srfi srfi-2)) 14 ms
[timing] (lib-eval-defs (srfi srfi-2)) 0 ms
[timing] (lib-load (srfi srfi-2)) 16 ms
[timing] (lib-cache-read (srfi srfi-8)) 0 ms
[timing] (lib-import (srfi srfi-8)) 3 ms
[timing] (lib-bindings (srfi srfi-8)) 0 ms
[timing] (lib-macros (srfi srfi-8)) 1 ms
[timing] (lib-restore (srfi srfi-8)) 5 ms
[timing] (lib-eval-defs (srfi srfi-8)) 0 ms
[timing] (lib-load (srfi srfi-8)) 6 ms
[timing] (lib-import (liii base)) 30 ms
[timing] (lib-bindings (liii base)) 0 ms
[timing] (lib-macros (liii base)) 4 ms
[timing] (lib-restore (liii base)) 34 ms
[timing] (lib-eval-defs (liii base)) 0 ms
[timing] (lib-load (liii base)) 37 ms
[timing] (lib-cache-read (liii ascii)) 2 ms
[timing] (lib-cache-read (srfi srfi-175)) 2 ms
[timing] (lib-import (srfi srfi-175)) 2 ms
[timing] (lib-bindings (srfi srfi-175)) 3 ms
[timing] (lib-macros (srfi srfi-175)) 2 ms
[timing] (lib-restore (srfi srfi-175)) 7 ms
[timing] (lib-eval-defs (srfi srfi-175)) 11 ms
[timing] (lib-load (srfi srfi-175)) 21 ms
[timing] (lib-import (liii ascii)) 29 ms
[timing] (lib-bindings (liii ascii)) 0 ms
[timing] (lib-macros (liii ascii)) 5 ms
[timing] (lib-restore (liii ascii)) 35 ms
[timing] (lib-eval-defs (liii ascii)) 4 ms
[timing] (lib-load (liii ascii)) 42 ms
[timing] (lib-cache-read (liii bitwise)) 2 ms
[timing] (lib-cache-read (srfi srfi-151)) 2 ms
[timing] (lib-import (srfi srfi-151)) 19 ms
[timing] (lib-bindings (srfi srfi-151)) 2 ms
[timing] (lib-macros (srfi srfi-151)) 3 ms
[timing] (lib-restore (srfi srfi-151)) 24 ms
[timing] (lib-eval-defs (srfi srfi-151)) 6 ms
[timing] (lib-load (srfi srfi-151)) 33 ms
[timing] (lib-cache-read (liii error)) 1 ms
[timing] (lib-import (liii error)) 2 ms
[timing] (lib-bindings (liii error)) 0 ms
[timing] (lib-macros (liii error)) 0 ms
[timing] (lib-restore (liii error)) 3 ms
[timing] (lib-eval-defs (liii error)) 1 ms
[timing] (lib-load (liii error)) 6 ms
[timing] (lib-import (liii bitwise)) 51 ms
[timing] (lib-bindings (liii bitwise)) 0 ms
[timing] (lib-macros (liii bitwise)) 4 ms
[timing] (lib-restore (liii bitwise)) 56 ms
[timing] (lib-eval-defs (liii bitwise)) 10 ms
[timing] (lib-load (liii bitwise)) 69 ms
[timing] (lib-import (liii unicode)) 197 ms
[timing] (lib-bindings (liii unicode)) 1 ms
[timing] (lib-macros (liii unicode)) 2 ms
[timing] (lib-restore (liii unicode)) 202 ms
[timing] (lib-eval-defs (liii unicode)) 25 ms
[timing] (lib-load (liii unicode)) 234 ms
[timing] (lib-import (scheme char)) 246 ms
[timing] (lib-bindings (scheme char)) 1 ms
[timing] (lib-macros (scheme char)) 0 ms
[timing] (lib-restore (scheme char)) 248 ms
[timing] (lib-eval-defs (scheme char)) 4 ms
[timing] (lib-load (scheme char)) 264 ms
[timing] (lib-cache-read (scheme complex)) 0 ms
[timing] (lib-import (scheme complex)) 7 ms
[timing] (lib-bindings (scheme complex)) 0 ms
[timing] (lib-macros (scheme complex)) 0 ms
[timing] (lib-restore (scheme complex)) 8 ms
[timing] (lib-eval-defs (scheme complex)) 0 ms
[timing] (lib-load (scheme complex)) 9 ms
[timing] (lib-cache-read (scheme cxr)) 0 ms
[timing] (lib-import (scheme cxr)) 2 ms
[timing] (lib-bindings (scheme cxr)) 0 ms
[timing] (lib-macros (scheme cxr)) 1 ms
[timing] (lib-restore (scheme cxr)) 3 ms
[timing] (lib-eval-defs (scheme cxr)) 0 ms
[timing] (lib-load (scheme cxr)) 5 ms
[timing] (lib-cache-read (scheme eval)) 0 ms
[timing] (lib-import (scheme eval)) 3 ms
[timing] (lib-bindings (scheme eval)) 0 ms
[timing] (lib-macros (scheme eval)) 0 ms
[timing] (lib-restore (scheme eval)) 3 ms
[timing] (lib-eval-defs (scheme eval)) 1 ms
[timing] (lib-load (scheme eval)) 6 ms
[timing] mode-imports 412 ms
[timing] load-source-reader 83 ms
[timing] load-native-writer 2 ms
[timing] boot total 947 ms
[timing] install-fork-runner 0 ms
[timing] compile-cache-lookup 0 ms
[timing] compile-read-source 163 ms
[timing] compile-expand 2091 ms
[timing] (lib-cache-read (goldfish compiler)) 531 ms
[timing] (lib-cache-read (goldfish core ir)) 22 ms
[timing] (lib-import (goldfish core ir)) 19 ms
[timing] (lib-bindings (goldfish core ir)) 6 ms
[timing] (lib-macros (goldfish core ir)) 5 ms
[timing] (lib-restore (goldfish core ir)) 32 ms
[timing] (lib-eval-defs (goldfish core ir)) 16 ms
[timing] (lib-load (goldfish core ir)) 71 ms
[timing] (lib-cache-read (goldfish compiler patterns)) 2 ms
[timing] (lib-cache-read (goldfish match)) 3 ms
[timing] (lib-cache-read (goldfish match expansion)) 7 ms
[timing] (lib-import (goldfish match expansion)) 20 ms
[timing] (lib-bindings (goldfish match expansion)) 2 ms
[timing] (lib-macros (goldfish match expansion)) 1 ms
[timing] (lib-restore (goldfish match expansion)) 24 ms
[timing] (lib-eval-defs (goldfish match expansion)) 37 ms
[timing] (lib-load (goldfish match expansion)) 70 ms
[timing] (lib-import (goldfish match)) 101 ms
[timing] (lib-bindings (goldfish match)) 4 ms
[timing] (lib-macros (goldfish match)) 12 ms
[timing] (lib-restore (goldfish match)) 118 ms
[timing] (lib-eval-defs (goldfish match)) 5 ms
[timing] (lib-load (goldfish match)) 129 ms
[timing] (lib-import (goldfish compiler patterns)) 154 ms
[timing] (lib-bindings (goldfish compiler patterns)) 0 ms
[timing] (lib-macros (goldfish compiler patterns)) 4 ms
[timing] (lib-restore (goldfish compiler patterns)) 160 ms
[timing] (lib-eval-defs (goldfish compiler patterns)) 0 ms
[timing] (lib-load (goldfish compiler patterns)) 163 ms
[timing] (lib-cache-read (goldfish compiler passes)) 19 ms
[timing] (lib-import (goldfish compiler passes)) 47 ms
[timing] (lib-bindings (goldfish compiler passes)) 2 ms
[timing] (lib-macros (goldfish compiler passes)) 0 ms
[timing] (lib-restore (goldfish compiler passes)) 51 ms
[timing] (lib-eval-defs (goldfish compiler passes)) 26 ms
[timing] (lib-load (goldfish compiler passes)) 97 ms
[timing] (lib-import (goldfish compiler)) 358 ms
[timing] (lib-bindings (goldfish compiler)) 0 ms
[timing] (lib-macros (goldfish compiler)) 21 ms
[timing] (lib-restore (goldfish compiler)) 380 ms
[timing] (lib-eval-defs (goldfish compiler)) 29 ms
[timing] (lib-load (goldfish compiler)) 941 ms
[timing] optimize-load-compiler 941 ms
[timing] (lib-cache-read (goldfish expander tree-il)) 6 ms
[timing] (lib-import (goldfish expander tree-il)) 14 ms
[timing] (lib-bindings (goldfish expander tree-il)) 1 ms
[timing] (lib-macros (goldfish expander tree-il)) 0 ms
[timing] (lib-restore (goldfish expander tree-il)) 16 ms
[timing] (lib-eval-defs (goldfish expander tree-il)) 7 ms
[timing] (lib-load (goldfish expander tree-il)) 32 ms
[timing] optimize-load-tree-il 32 ms
[timing] optimize-run-passes 2877 ms
[timing] compile-optimize 3852 ms
[timing] compile-cache-write 588 ms
[timing] user-file 6963 ms
