[timing] install-primitives 0 ms
[timing] load-kernel 35 ms
[timing] bundle-parse /tmp/bench-boot/caches/bootstrap/va39e0349e87d/expander/lib/syntax-runtime.scm-o2.gfo 1 ms
[timing] bundle-defs /tmp/bench-boot/caches/bootstrap/va39e0349e87d/expander/lib/syntax-runtime.scm-o2.gfo 0 ms
[timing] bundle-meta /tmp/bench-boot/caches/bootstrap/va39e0349e87d/expander/lib/syntax-runtime.scm-o2.gfo 3 ms
[timing] bundle-alias /tmp/bench-boot/caches/bootstrap/va39e0349e87d/expander/lib/syntax-runtime.scm-o2.gfo 0 ms
[timing] artifact expander/lib/syntax-runtime.scm-o2.gfo 6 ms
[timing] bundle-parse /tmp/bench-boot/caches/bootstrap/va39e0349e87d/expander/lib/syntax-case.scm-o2.gfo 1 ms
[timing] bundle-defs /tmp/bench-boot/caches/bootstrap/va39e0349e87d/expander/lib/syntax-case.scm-o2.gfo 0 ms
[timing] bundle-meta /tmp/bench-boot/caches/bootstrap/va39e0349e87d/expander/lib/syntax-case.scm-o2.gfo 0 ms
[timing] bundle-alias /tmp/bench-boot/caches/bootstrap/va39e0349e87d/expander/lib/syntax-case.scm-o2.gfo 0 ms
[timing] artifact expander/lib/syntax-case.scm-o2.gfo 4 ms
[timing] bundle-parse /tmp/bench-boot/caches/bootstrap/va39e0349e87d/expander/lib/define-record-type.scm-o2.gfo 0 ms
[timing] bundle-defs /tmp/bench-boot/caches/bootstrap/va39e0349e87d/expander/lib/define-record-type.scm-o2.gfo 0 ms
[timing] bundle-meta /tmp/bench-boot/caches/bootstrap/va39e0349e87d/expander/lib/define-record-type.scm-o2.gfo 0 ms
[timing] bundle-alias /tmp/bench-boot/caches/bootstrap/va39e0349e87d/expander/lib/define-record-type.scm-o2.gfo 0 ms
[timing] artifact expander/lib/define-record-type.scm-o2.gfo 1 ms
[timing] bundle-parse /tmp/bench-boot/caches/bootstrap/va39e0349e87d/expander/lib/core-macros.scm-o2.gfo 3 ms
[timing] bundle-defs /tmp/bench-boot/caches/bootstrap/va39e0349e87d/expander/lib/core-macros.scm-o2.gfo 0 ms
[timing] bundle-meta /tmp/bench-boot/caches/bootstrap/va39e0349e87d/expander/lib/core-macros.scm-o2.gfo 0 ms
[timing] bundle-alias /tmp/bench-boot/caches/bootstrap/va39e0349e87d/expander/lib/core-macros.scm-o2.gfo 0 ms
[timing] artifact expander/lib/core-macros.scm-o2.gfo 8 ms
[timing] bundle-parse /tmp/bench-boot/caches/bootstrap/va39e0349e87d/expander/lib/cond-expand.scm-o2.gfo 0 ms
[timing] bundle-defs /tmp/bench-boot/caches/bootstrap/va39e0349e87d/expander/lib/cond-expand.scm-o2.gfo 0 ms
[timing] bundle-meta /tmp/bench-boot/caches/bootstrap/va39e0349e87d/expander/lib/cond-expand.scm-o2.gfo 0 ms
[timing] bundle-alias /tmp/bench-boot/caches/bootstrap/va39e0349e87d/expander/lib/cond-expand.scm-o2.gfo 0 ms
[timing] artifact expander/lib/cond-expand.scm-o2.gfo 1 ms
[timing] bundle-parse /tmp/bench-boot/caches/bootstrap/va39e0349e87d/expander/lib/defmacro.scm-o2.gfo 1 ms
[timing] bundle-defs /tmp/bench-boot/caches/bootstrap/va39e0349e87d/expander/lib/defmacro.scm-o2.gfo 0 ms
[timing] bundle-meta /tmp/bench-boot/caches/bootstrap/va39e0349e87d/expander/lib/defmacro.scm-o2.gfo 0 ms
[timing] bundle-alias /tmp/bench-boot/caches/bootstrap/va39e0349e87d/expander/lib/defmacro.scm-o2.gfo 0 ms
[timing] artifact expander/lib/defmacro.scm-o2.gfo 4 ms
[timing] bundle-parse /tmp/bench-boot/caches/bootstrap/va39e0349e87d/expander/lib/define-star.scm-o2.gfo 1 ms
[timing] bundle-defs /tmp/bench-boot/caches/bootstrap/va39e0349e87d/expander/lib/define-star.scm-o2.gfo 0 ms
[timing] bundle-meta /tmp/bench-boot/caches/bootstrap/va39e0349e87d/expander/lib/define-star.scm-o2.gfo 0 ms
[timing] bundle-alias /tmp/bench-boot/caches/bootstrap/va39e0349e87d/expander/lib/define-star.scm-o2.gfo 0 ms
[timing] artifact expander/lib/define-star.scm-o2.gfo 2 ms
[timing] bundle-parse /tmp/bench-boot/caches/bootstrap/va39e0349e87d/expander/lib/module-registry.scm-o2.gfo 0 ms
[timing] bundle-defs /tmp/bench-boot/caches/bootstrap/va39e0349e87d/expander/lib/module-registry.scm-o2.gfo 0 ms
[timing] bundle-meta /tmp/bench-boot/caches/bootstrap/va39e0349e87d/expander/lib/module-registry.scm-o2.gfo 1 ms
[timing] bundle-alias /tmp/bench-boot/caches/bootstrap/va39e0349e87d/expander/lib/module-registry.scm-o2.gfo 0 ms
[timing] artifact expander/lib/module-registry.scm-o2.gfo 2 ms
[timing] bundle-parse /tmp/bench-boot/caches/bootstrap/va39e0349e87d/expander/lib/module.scm-o2.gfo 5 ms
[timing] bundle-defs /tmp/bench-boot/caches/bootstrap/va39e0349e87d/expander/lib/module.scm-o2.gfo 0 ms
[timing] bundle-meta /tmp/bench-boot/caches/bootstrap/va39e0349e87d/expander/lib/module.scm-o2.gfo 7 ms
[timing] bundle-alias /tmp/bench-boot/caches/bootstrap/va39e0349e87d/expander/lib/module.scm-o2.gfo 0 ms
[timing] artifact expander/lib/module.scm-o2.gfo 20 ms
[timing] bundle-parse /tmp/bench-boot/caches/bootstrap/va39e0349e87d/expander/lib/standard.scm-o2.gfo 5 ms
[timing] bundle-defs /tmp/bench-boot/caches/bootstrap/va39e0349e87d/expander/lib/standard.scm-o2.gfo 0 ms
[timing] bundle-meta /tmp/bench-boot/caches/bootstrap/va39e0349e87d/expander/lib/standard.scm-o2.gfo 1 ms
[timing] bundle-alias /tmp/bench-boot/caches/bootstrap/va39e0349e87d/expander/lib/standard.scm-o2.gfo 0 ms
[timing] artifact expander/lib/standard.scm-o2.gfo 12 ms
[timing] bundle-parse /tmp/bench-boot/caches/bootstrap/va39e0349e87d/scheme/case-lambda.scm-o2.gfo 0 ms
[timing] bundle-import /tmp/bench-boot/caches/bootstrap/va39e0349e87d/scheme/case-lambda.scm-o2.gfo ((scheme case-lambda)) 37 ms
[timing] bundle-meta /tmp/bench-boot/caches/bootstrap/va39e0349e87d/scheme/case-lambda.scm-o2.gfo ((scheme case-lambda)) 0 ms
[timing] bundle-defs /tmp/bench-boot/caches/bootstrap/va39e0349e87d/scheme/case-lambda.scm-o2.gfo ((scheme case-lambda)) 0 ms
[timing] bundle-module /tmp/bench-boot/caches/bootstrap/va39e0349e87d/scheme/case-lambda.scm-o2.gfo ((scheme case-lambda)) 0 ms
[timing] artifact scheme/case-lambda.scm-o2.gfo 38 ms
[timing] load-cached-runtime 149 ms
[timing] gfo-seed 15 ms
[timing] load-install-scm 17 ms
[timing] load-install-boot 36 ms
[timing] expansion-helpers 5 ms
[timing] native-scheme-surface 50 ms
[timing] bundle-parse /tmp/bench-boot/caches/bootstrap/va39e0349e87d/scheme/base.scm-o2.gfo 6 ms
[timing] bundle-import /tmp/bench-boot/caches/bootstrap/va39e0349e87d/scheme/base.scm-o2.gfo ((scheme base)) 98 ms
[timing] bundle-meta /tmp/bench-boot/caches/bootstrap/va39e0349e87d/scheme/base.scm-o2.gfo ((scheme base)) 1 ms
[timing] bundle-defs /tmp/bench-boot/caches/bootstrap/va39e0349e87d/scheme/base.scm-o2.gfo ((scheme base)) 1 ms
[timing] bundle-module /tmp/bench-boot/caches/bootstrap/va39e0349e87d/scheme/base.scm-o2.gfo ((scheme base)) 7 ms
[timing] artifact scheme/base.scm-o2.gfo 128 ms
[timing] standard-library 128 ms
[timing] post-standard-collection 3 ms
[timing] (lib-cache-read (scheme write)) 0 ms
[timing] (lib-import (scheme write)) 2 ms
[timing] (lib-bindings (scheme write)) 0 ms
[timing] (lib-macros (scheme write)) 0 ms
[timing] (lib-restore (scheme write)) 2 ms
[timing] (lib-eval-defs (scheme write)) 0 ms
[timing] (lib-load (scheme write)) 3 ms
[timing] (lib-cache-read (scheme read)) 0 ms
[timing] (lib-import (scheme read)) 2 ms
[timing] (lib-bindings (scheme read)) 0 ms
[timing] (lib-macros (scheme read)) 0 ms
[timing] (lib-restore (scheme read)) 2 ms
[timing] (lib-eval-defs (scheme read)) 0 ms
[timing] (lib-load (scheme read)) 3 ms
[timing] (lib-cache-read (scheme file)) 0 ms
[timing] (lib-import (scheme file)) 1 ms
[timing] (lib-bindings (scheme file)) 0 ms
[timing] (lib-macros (scheme file)) 1 ms
[timing] (lib-restore (scheme file)) 3 ms
[timing] (lib-eval-defs (scheme file)) 0 ms
[timing] (lib-load (scheme file)) 4 ms
[timing] (lib-cache-read (scheme process-context)) 0 ms
[timing] (lib-import (scheme process-context)) 2 ms
[timing] (lib-bindings (scheme process-context)) 0 ms
[timing] (lib-macros (scheme process-context)) 0 ms
[timing] (lib-restore (scheme process-context)) 3 ms
[timing] (lib-eval-defs (scheme process-context)) 0 ms
[timing] (lib-load (scheme process-context)) 4 ms
[timing] (lib-cache-read (scheme time)) 0 ms
[timing] (lib-import (scheme time)) 6 ms
[timing] (lib-bindings (scheme time)) 0 ms
[timing] (lib-macros (scheme time)) 0 ms
[timing] (lib-restore (scheme time)) 8 ms
[timing] (lib-eval-defs (scheme time)) 1 ms
[timing] (lib-load (scheme time)) 10 ms
[timing] (lib-cache-read (scheme char)) 9 ms
[timing] (lib-cache-read (liii unicode)) 6 ms
[timing] (lib-cache-read (liii base)) 1 ms
[timing] (lib-cache-read (srfi srfi-2)) 1 ms
[timing] (lib-import (srfi srfi-2)) 3 ms
[timing] (lib-bindings (srfi srfi-2)) 0 ms
[timing] (lib-macros (srfi srfi-2)) 7 ms
[timing] (lib-restore (srfi srfi-2)) 11 ms
[timing] (lib-eval-defs (srfi srfi-2)) 0 ms
[timing] (lib-load (srfi srfi-2)) 13 ms
[timing] (lib-cache-read (srfi srfi-8)) 1 ms
[timing] (lib-import (srfi srfi-8)) 2 ms
[timing] (lib-bindings (srfi srfi-8)) 0 ms
[timing] (lib-macros (srfi srfi-8)) 1 ms
[timing] (lib-restore (srfi srfi-8)) 4 ms
[timing] (lib-eval-defs (srfi srfi-8)) 0 ms
[timing] (lib-load (srfi srfi-8)) 5 ms
[timing] (lib-import (liii base)) 26 ms
[timing] (lib-bindings (liii base)) 0 ms
[timing] (lib-macros (liii base)) 3 ms
[timing] (lib-restore (liii base)) 30 ms
[timing] (lib-eval-defs (liii base)) 1 ms
[timing] (lib-load (liii base)) 33 ms
[timing] (lib-cache-read (liii ascii)) 1 ms
[timing] (lib-cache-read (srfi srfi-175)) 2 ms
[timing] (lib-import (srfi srfi-175)) 1 ms
[timing] (lib-bindings (srfi srfi-175)) 4 ms
[timing] (lib-macros (srfi srfi-175)) 1 ms
[timing] (lib-restore (srfi srfi-175)) 7 ms
[timing] (lib-eval-defs (srfi srfi-175)) 7 ms
[timing] (lib-load (srfi srfi-175)) 17 ms
[timing] (lib-import (liii ascii)) 29 ms
[timing] (lib-bindings (liii ascii)) 0 ms
[timing] (lib-macros (liii ascii)) 4 ms
[timing] (lib-restore (liii ascii)) 33 ms
[timing] (lib-eval-defs (liii ascii)) 5 ms
[timing] (lib-load (liii ascii)) 41 ms
[timing] (lib-cache-read (liii bitwise)) 2 ms
[timing] (lib-cache-read (srfi srfi-151)) 2 ms
[timing] (lib-import (srfi srfi-151)) 14 ms
[timing] (lib-bindings (srfi srfi-151)) 2 ms
[timing] (lib-macros (srfi srfi-151)) 1 ms
[timing] (lib-restore (srfi srfi-151)) 18 ms
[timing] (lib-eval-defs (srfi srfi-151)) 13 ms
[timing] (lib-load (srfi srfi-151)) 34 ms
[timing] (lib-cache-read (liii error)) 0 ms
[timing] (lib-import (liii error)) 2 ms
[timing] (lib-bindings (liii error)) 0 ms
[timing] (lib-macros (liii error)) 0 ms
[timing] (lib-restore (liii error)) 3 ms
[timing] (lib-eval-defs (liii error)) 1 ms
[timing] (lib-load (liii error)) 5 ms
[timing] (lib-import (liii bitwise)) 50 ms
[timing] (lib-bindings (liii bitwise)) 0 ms
[timing] (lib-macros (liii bitwise)) 4 ms
[timing] (lib-restore (liii bitwise)) 54 ms
[timing] (lib-eval-defs (liii bitwise)) 5 ms
[timing] (lib-load (liii bitwise)) 62 ms
[timing] (lib-import (liii unicode)) 186 ms
[timing] (lib-bindings (liii unicode)) 2 ms
[timing] (lib-macros (liii unicode)) 2 ms
[timing] (lib-restore (liii unicode)) 191 ms
[timing] (lib-eval-defs (liii unicode)) 27 ms
[timing] (lib-load (liii unicode)) 225 ms
[timing] (lib-import (scheme char)) 237 ms
[timing] (lib-bindings (scheme char)) 1 ms
[timing] (lib-macros (scheme char)) 0 ms
[timing] (lib-restore (scheme char)) 239 ms
[timing] (lib-eval-defs (scheme char)) 6 ms
[timing] (lib-load (scheme char)) 255 ms
[timing] (lib-cache-read (scheme complex)) 0 ms
[timing] (lib-import (scheme complex)) 3 ms
[timing] (lib-bindings (scheme complex)) 0 ms
[timing] (lib-macros (scheme complex)) 0 ms
[timing] (lib-restore (scheme complex)) 4 ms
[timing] (lib-eval-defs (scheme complex)) 0 ms
[timing] (lib-load (scheme complex)) 5 ms
[timing] (lib-cache-read (scheme cxr)) 0 ms
[timing] (lib-import (scheme cxr)) 2 ms
[timing] (lib-bindings (scheme cxr)) 0 ms
[timing] (lib-macros (scheme cxr)) 1 ms
[timing] (lib-restore (scheme cxr)) 3 ms
[timing] (lib-eval-defs (scheme cxr)) 0 ms
[timing] (lib-load (scheme cxr)) 4 ms
[timing] (lib-cache-read (scheme eval)) 0 ms
[timing] (lib-import (scheme eval)) 3 ms
[timing] (lib-bindings (scheme eval)) 0 ms
[timing] (lib-macros (scheme eval)) 0 ms
[timing] (lib-restore (scheme eval)) 3 ms
[timing] (lib-eval-defs (scheme eval)) 1 ms
[timing] (lib-load (scheme eval)) 6 ms
[timing] mode-imports 389 ms
[timing] load-source-reader 83 ms
[timing] load-native-writer 2 ms
[timing] boot total 918 ms
[timing] install-fork-runner 0 ms
[timing] compile-cache-lookup 1 ms
[timing] compile-read-source 167 ms
[timing] compile-expand 2104 ms
[timing] (lib-cache-read (goldfish compiler)) 555 ms
[timing] (lib-cache-read (goldfish core ir)) 5 ms
[timing] (lib-import (goldfish core ir)) 18 ms
[timing] (lib-bindings (goldfish core ir)) 6 ms
[timing] (lib-macros (goldfish core ir)) 5 ms
[timing] (lib-restore (goldfish core ir)) 30 ms
[timing] (lib-eval-defs (goldfish core ir)) 16 ms
[timing] (lib-load (goldfish core ir)) 53 ms
[timing] (lib-cache-read (goldfish compiler patterns)) 1 ms
[timing] (lib-cache-read (goldfish match)) 3 ms
[timing] (lib-cache-read (goldfish match expansion)) 6 ms
[timing] (lib-import (goldfish match expansion)) 18 ms
[timing] (lib-bindings (goldfish match expansion)) 2 ms
[timing] (lib-macros (goldfish match expansion)) 1 ms
[timing] (lib-restore (goldfish match expansion)) 23 ms
[timing] (lib-eval-defs (goldfish match expansion)) 40 ms
[timing] (lib-load (goldfish match expansion)) 71 ms
[timing] (lib-import (goldfish match)) 102 ms
[timing] (lib-bindings (goldfish match)) 3 ms
[timing] (lib-macros (goldfish match)) 12 ms
[timing] (lib-restore (goldfish match)) 119 ms
[timing] (lib-eval-defs (goldfish match)) 6 ms
[timing] (lib-load (goldfish match)) 129 ms
[timing] (lib-import (goldfish compiler patterns)) 155 ms
[timing] (lib-bindings (goldfish compiler patterns)) 0 ms
[timing] (lib-macros (goldfish compiler patterns)) 4 ms
[timing] (lib-restore (goldfish compiler patterns)) 161 ms
[timing] (lib-eval-defs (goldfish compiler patterns)) 0 ms
[timing] (lib-load (goldfish compiler patterns)) 164 ms
[timing] (lib-cache-read (goldfish compiler passes)) 7 ms
[timing] (lib-import (goldfish compiler passes)) 44 ms
[timing] (lib-bindings (goldfish compiler passes)) 2 ms
[timing] (lib-macros (goldfish compiler passes)) 0 ms
[timing] (lib-restore (goldfish compiler passes)) 47 ms
[timing] (lib-eval-defs (goldfish compiler passes)) 41 ms
[timing] (lib-load (goldfish compiler passes)) 98 ms
[timing] (lib-import (goldfish compiler)) 338 ms
[timing] (lib-bindings (goldfish compiler)) 0 ms
[timing] (lib-macros (goldfish compiler)) 22 ms
[timing] (lib-restore (goldfish compiler)) 362 ms
[timing] (lib-eval-defs (goldfish compiler)) 17 ms
[timing] (lib-load (goldfish compiler)) 935 ms
[timing] optimize-load-compiler 935 ms
[timing] (lib-cache-read (goldfish expander tree-il)) 3 ms
[timing] (lib-import (goldfish expander tree-il)) 14 ms
[timing] (lib-bindings (goldfish expander tree-il)) 1 ms
[timing] (lib-macros (goldfish expander tree-il)) 0 ms
[timing] (lib-restore (goldfish expander tree-il)) 16 ms
[timing] (lib-eval-defs (goldfish expander tree-il)) 9 ms
[timing] (lib-load (goldfish expander tree-il)) 30 ms
[timing] optimize-load-tree-il 30 ms
[timing] optimize-run-passes 2755 ms
[timing] compile-optimize 3722 ms
[timing] compile-cache-write 1112 ms
[timing] user-file 7397 ms
