[timing] install-primitives 0 ms
[timing] load-kernel 31 ms
native cache unavailable: native bootstrap cache not found under /tmp/bench-boot/caches/cold-minimal-2/va39e0349e87d
[timing] load-cached-runtime 8 ms
[timing] cold-source-bootstrap 253 ms
[timing] gfo-seed 468 ms
[timing] load-install-scm 1698 ms
[timing] load-install-boot 9824 ms
[timing] expansion-helpers 8 ms
[timing] native-scheme-surface 1958 ms
[timing] standard-library 568 ms
[timing] post-standard-collection 7 ms
[timing] (lib-cache-read (scheme base)) 0 ms
[timing] (lib-load (scheme base)) 1275 ms
[timing] (lib-cache-read (scheme write)) 0 ms
[timing] (lib-load (scheme write)) 6 ms
[timing] (lib-cache-read (scheme read)) 0 ms
[timing] (lib-load (scheme read)) 4 ms
[timing] (lib-cache-read (scheme file)) 0 ms
[timing] (lib-load (scheme file)) 11 ms
[timing] (lib-cache-read (scheme process-context)) 0 ms
[timing] (lib-load (scheme process-context)) 14 ms
[timing] (lib-cache-read (scheme time)) 0 ms
[timing] (lib-load (scheme time)) 26 ms
[timing] (lib-cache-read (scheme char)) 0 ms
[timing] (lib-cache-read (liii unicode)) 0 ms
[timing] (lib-cache-read (liii base)) 0 ms
[timing] (lib-cache-read (srfi srfi-2)) 0 ms
[timing] (lib-load (srfi srfi-2)) 133 ms
[timing] (lib-cache-read (srfi srfi-8)) 0 ms
[timing] (lib-load (srfi srfi-8)) 36 ms
[timing] (lib-load (liii base)) 314 ms
[timing] (lib-cache-read (liii ascii)) 0 ms
[timing] (lib-cache-read (srfi srfi-175)) 0 ms
[timing] (lib-load (srfi srfi-175)) 570 ms
[timing] (lib-load (liii ascii)) 654 ms
[timing] (lib-cache-read (liii bitwise)) 0 ms
[timing] (lib-cache-read (srfi srfi-151)) 0 ms
[timing] (lib-load (srfi srfi-151)) 403 ms
[timing] (lib-cache-read (liii error)) 0 ms
[timing] (lib-load (liii error)) 44 ms
[timing] (lib-load (liii bitwise)) 528 ms
[timing] (lib-load (liii unicode)) 4681 ms
[timing] (lib-load (scheme char)) 5234 ms
[timing] (lib-cache-read (scheme complex)) 0 ms
[timing] (lib-load (scheme complex)) 20 ms
[timing] (lib-cache-read (scheme cxr)) 0 ms
[timing] (lib-load (scheme cxr)) 11 ms
[timing] (lib-cache-read (scheme eval)) 0 ms
[timing] (lib-load (scheme eval)) 150 ms
[timing] (lib-cache-read (scheme case-lambda)) 0 ms
[timing] (lib-load (scheme case-lambda)) 44 ms
[timing] mode-imports 6932 ms
[timing] load-source-reader 4563 ms
[timing] load-native-writer 35 ms
[timing] boot total 26359 ms
[timing] install-fork-runner 0 ms
[timing] compile-cache-lookup 1 ms
[timing] compile-read-source 0 ms
[timing] compile-expand 3 ms
[timing] (lib-cache-read (goldfish compiler)) 0 ms
[timing] (lib-cache-read (goldfish core ir)) 0 ms
[timing] (lib-load (goldfish core ir)) 1853 ms
[timing] (lib-cache-read (goldfish compiler patterns)) 0 ms
[timing] (lib-cache-read (goldfish match)) 0 ms
[timing] (lib-cache-read (goldfish match expansion)) 0 ms
[timing] (lib-load (goldfish match expansion)) 5435 ms
[timing] (lib-load (goldfish match)) 8080 ms
[timing] (lib-load (goldfish compiler patterns)) 8954 ms
[timing] (lib-cache-read (goldfish compiler passes)) 0 ms
[timing] (lib-load (goldfish compiler passes)) 4970 ms
[timing] (lib-load (goldfish compiler)) 17359 ms
[timing] optimize-load-compiler 17359 ms
[timing] (lib-cache-read (goldfish expander tree-il)) 0 ms
[timing] (lib-load (goldfish expander tree-il)) 2489 ms
[timing] optimize-load-tree-il 2489 ms
[timing] optimize-run-passes 1 ms
[timing] compile-optimize 19851 ms
[timing] compile-cache-write 3 ms
[timing] user-file 19858 ms
