[timing] install-primitives 0 ms
[timing] load-kernel 34 ms
native cache unavailable: native bootstrap cache not found under /tmp/bench-boot/caches/cold-minimal-3/va39e0349e87d
[timing] load-cached-runtime 8 ms
[timing] cold-source-bootstrap 260 ms
[timing] gfo-seed 472 ms
[timing] load-install-scm 1683 ms
[timing] load-install-boot 9939 ms
[timing] expansion-helpers 10 ms
[timing] native-scheme-surface 1946 ms
[timing] standard-library 550 ms
[timing] post-standard-collection 5 ms
[timing] (lib-cache-read (scheme base)) 0 ms
[timing] (lib-load (scheme base)) 1291 ms
[timing] (lib-cache-read (scheme write)) 0 ms
[timing] (lib-load (scheme write)) 5 ms
[timing] (lib-cache-read (scheme read)) 0 ms
[timing] (lib-load (scheme read)) 4 ms
[timing] (lib-cache-read (scheme file)) 0 ms
[timing] (lib-load (scheme file)) 12 ms
[timing] (lib-cache-read (scheme process-context)) 0 ms
[timing] (lib-load (scheme process-context)) 14 ms
[timing] (lib-cache-read (scheme time)) 0 ms
[timing] (lib-load (scheme time)) 26 ms
[timing] (lib-cache-read (scheme char)) 0 ms
[timing] (lib-cache-read (liii unicode)) 0 ms
[timing] (lib-cache-read (liii base)) 0 ms
[timing] (lib-cache-read (srfi srfi-2)) 0 ms
[timing] (lib-load (srfi srfi-2)) 118 ms
[timing] (lib-cache-read (srfi srfi-8)) 0 ms
[timing] (lib-load (srfi srfi-8)) 47 ms
[timing] (lib-load (liii base)) 308 ms
[timing] (lib-cache-read (liii ascii)) 0 ms
[timing] (lib-cache-read (srfi srfi-175)) 0 ms
[timing] (lib-load (srfi srfi-175)) 581 ms
[timing] (lib-load (liii ascii)) 655 ms
[timing] (lib-cache-read (liii bitwise)) 0 ms
[timing] (lib-cache-read (srfi srfi-151)) 0 ms
[timing] (lib-load (srfi srfi-151)) 414 ms
[timing] (lib-cache-read (liii error)) 0 ms
[timing] (lib-load (liii error)) 57 ms
[timing] (lib-load (liii bitwise)) 557 ms
[timing] (lib-load (liii unicode)) 4664 ms
[timing] (lib-load (scheme char)) 5219 ms
[timing] (lib-cache-read (scheme complex)) 0 ms
[timing] (lib-load (scheme complex)) 20 ms
[timing] (lib-cache-read (scheme cxr)) 0 ms
[timing] (lib-load (scheme cxr)) 11 ms
[timing] (lib-cache-read (scheme eval)) 0 ms
[timing] (lib-load (scheme eval)) 155 ms
[timing] (lib-cache-read (scheme case-lambda)) 0 ms
[timing] (lib-load (scheme case-lambda)) 44 ms
[timing] mode-imports 6940 ms
[timing] load-source-reader 4387 ms
[timing] load-native-writer 35 ms
[timing] boot total 26275 ms
[timing] install-fork-runner 0 ms
[timing] compile-cache-lookup 1 ms
[timing] compile-read-source 0 ms
[timing] compile-expand 3 ms
[timing] (lib-cache-read (goldfish compiler)) 0 ms
[timing] (lib-cache-read (goldfish core ir)) 0 ms
[timing] (lib-load (goldfish core ir)) 1829 ms
[timing] (lib-cache-read (goldfish compiler patterns)) 0 ms
[timing] (lib-cache-read (goldfish match)) 1 ms
[timing] (lib-cache-read (goldfish match expansion)) 0 ms
[timing] (lib-load (goldfish match expansion)) 5450 ms
[timing] (lib-load (goldfish match)) 8091 ms
[timing] (lib-load (goldfish compiler patterns)) 8941 ms
[timing] (lib-cache-read (goldfish compiler passes)) 0 ms
[timing] (lib-load (goldfish compiler passes)) 4931 ms
[timing] (lib-load (goldfish compiler)) 17278 ms
[timing] optimize-load-compiler 17278 ms
[timing] (lib-cache-read (goldfish expander tree-il)) 0 ms
[timing] (lib-load (goldfish expander tree-il)) 2461 ms
[timing] optimize-load-tree-il 2462 ms
[timing] optimize-run-passes 1 ms
[timing] compile-optimize 19742 ms
[timing] compile-cache-write 2 ms
[timing] user-file 19748 ms
