[timing] install-primitives 0 ms
[timing] load-kernel 34 ms
native cache unavailable: native bootstrap cache not found under /tmp/bench-boot/caches/cold-minimal-1/va39e0349e87d
[timing] load-cached-runtime 8 ms
[timing] cold-source-bootstrap 258 ms
[timing] gfo-seed 497 ms
[timing] load-install-scm 1733 ms
[timing] load-install-boot 10060 ms
[timing] expansion-helpers 7 ms
[timing] native-scheme-surface 2085 ms
[timing] standard-library 578 ms
[timing] post-standard-collection 6 ms
[timing] (lib-cache-read (scheme base)) 0 ms
[timing] (lib-load (scheme base)) 1314 ms
[timing] (lib-cache-read (scheme write)) 0 ms
[timing] (lib-load (scheme write)) 5 ms
[timing] (lib-cache-read (scheme read)) 0 ms
[timing] (lib-load (scheme read)) 5 ms
[timing] (lib-cache-read (scheme file)) 0 ms
[timing] (lib-load (scheme file)) 11 ms
[timing] (lib-cache-read (scheme process-context)) 0 ms
[timing] (lib-load (scheme process-context)) 13 ms
[timing] (lib-cache-read (scheme time)) 0 ms
[timing] (lib-load (scheme time)) 25 ms
[timing] (lib-cache-read (scheme char)) 0 ms
[timing] (lib-cache-read (liii unicode)) 0 ms
[timing] (lib-cache-read (liii base)) 0 ms
[timing] (lib-cache-read (srfi srfi-2)) 0 ms
[timing] (lib-load (srfi srfi-2)) 130 ms
[timing] (lib-cache-read (srfi srfi-8)) 0 ms
[timing] (lib-load (srfi srfi-8)) 37 ms
[timing] (lib-load (liii base)) 312 ms
[timing] (lib-cache-read (liii ascii)) 0 ms
[timing] (lib-cache-read (srfi srfi-175)) 0 ms
[timing] (lib-load (srfi srfi-175)) 569 ms
[timing] (lib-load (liii ascii)) 642 ms
[timing] (lib-cache-read (liii bitwise)) 0 ms
[timing] (lib-cache-read (srfi srfi-151)) 0 ms
[timing] (lib-load (srfi srfi-151)) 413 ms
[timing] (lib-cache-read (liii error)) 0 ms
[timing] (lib-load (liii error)) 46 ms
[timing] (lib-load (liii bitwise)) 545 ms
[timing] (lib-load (liii unicode)) 4766 ms
[timing] (lib-load (scheme char)) 5336 ms
[timing] (lib-cache-read (scheme complex)) 0 ms
[timing] (lib-load (scheme complex)) 22 ms
[timing] (lib-cache-read (scheme cxr)) 0 ms
[timing] (lib-load (scheme cxr)) 13 ms
[timing] (lib-cache-read (scheme eval)) 0 ms
[timing] (lib-load (scheme eval)) 152 ms
[timing] (lib-cache-read (scheme case-lambda)) 0 ms
[timing] (lib-load (scheme case-lambda)) 44 ms
[timing] mode-imports 7083 ms
[timing] load-source-reader 4508 ms
[timing] load-native-writer 35 ms
[timing] boot total 26899 ms
[timing] install-fork-runner 0 ms
[timing] compile-cache-lookup 1 ms
[timing] compile-read-source 0 ms
[timing] compile-expand 2 ms
[timing] (lib-cache-read (goldfish compiler)) 0 ms
[timing] (lib-cache-read (goldfish core ir)) 0 ms
[timing] (lib-load (goldfish core ir)) 1864 ms
[timing] (lib-cache-read (goldfish compiler patterns)) 0 ms
[timing] (lib-cache-read (goldfish match)) 0 ms
[timing] (lib-cache-read (goldfish match expansion)) 0 ms
[timing] (lib-load (goldfish match expansion)) 5564 ms
[timing] (lib-load (goldfish match)) 8207 ms
[timing] (lib-load (goldfish compiler patterns)) 9080 ms
[timing] (lib-cache-read (goldfish compiler passes)) 0 ms
[timing] (lib-load (goldfish compiler passes)) 4867 ms
[timing] (lib-load (goldfish compiler)) 17447 ms
[timing] optimize-load-compiler 17447 ms
[timing] (lib-cache-read (goldfish expander tree-il)) 0 ms
[timing] (lib-load (goldfish expander tree-il)) 2471 ms
[timing] optimize-load-tree-il 2471 ms
[timing] optimize-run-passes 1 ms
[timing] compile-optimize 19921 ms
[timing] compile-cache-write 2 ms
[timing] user-file 19926 ms
