[timing] install-primitives 0 ms
[timing] load-kernel 31 ms
native cache unavailable: native bootstrap cache not found under /tmp/bench-boot/caches/cold-small-real-1/va39e0349e87d
[timing] load-cached-runtime 8 ms
[timing] cold-source-bootstrap 265 ms
[timing] gfo-seed 473 ms
[timing] load-install-scm 1704 ms
[timing] load-install-boot 10007 ms
[timing] expansion-helpers 11 ms
[timing] native-scheme-surface 2117 ms
[timing] standard-library 539 ms
[timing] post-standard-collection 7 ms
[timing] (lib-cache-read (scheme base)) 0 ms
[timing] (lib-load (scheme base)) 1314 ms
[timing] (lib-cache-read (scheme write)) 0 ms
[timing] (lib-load (scheme write)) 7 ms
[timing] (lib-cache-read (scheme read)) 0 ms
[timing] (lib-load (scheme read)) 4 ms
[timing] (lib-cache-read (scheme file)) 0 ms
[timing] (lib-load (scheme file)) 19 ms
[timing] (lib-cache-read (scheme process-context)) 0 ms
[timing] (lib-load (scheme process-context)) 14 ms
[timing] (lib-cache-read (scheme time)) 0 ms
[timing] (lib-load (scheme time)) 27 ms
[timing] (lib-cache-read (scheme char)) 0 ms
[timing] (lib-cache-read (liii unicode)) 0 ms
[timing] (lib-cache-read (liii base)) 0 ms
[timing] (lib-cache-read (srfi srfi-2)) 0 ms
[timing] (lib-load (srfi srfi-2)) 134 ms
[timing] (lib-cache-read (srfi srfi-8)) 0 ms
[timing] (lib-load (srfi srfi-8)) 38 ms
[timing] (lib-load (liii base)) 331 ms
[timing] (lib-cache-read (liii ascii)) 0 ms
[timing] (lib-cache-read (srfi srfi-175)) 0 ms
[timing] (lib-load (srfi srfi-175)) 600 ms
[timing] (lib-load (liii ascii)) 674 ms
[timing] (lib-cache-read (liii bitwise)) 0 ms
[timing] (lib-cache-read (srfi srfi-151)) 0 ms
[timing] (lib-load (srfi srfi-151)) 426 ms
[timing] (lib-cache-read (liii error)) 0 ms
[timing] (lib-load (liii error)) 46 ms
[timing] (lib-load (liii bitwise)) 558 ms
[timing] (lib-load (liii unicode)) 4833 ms
[timing] (lib-load (scheme char)) 5387 ms
[timing] (lib-cache-read (scheme complex)) 0 ms
[timing] (lib-load (scheme complex)) 21 ms
[timing] (lib-cache-read (scheme cxr)) 0 ms
[timing] (lib-load (scheme cxr)) 11 ms
[timing] (lib-cache-read (scheme eval)) 0 ms
[timing] (lib-load (scheme eval)) 142 ms
[timing] (lib-cache-read (scheme case-lambda)) 0 ms
[timing] (lib-load (scheme case-lambda)) 43 ms
[timing] mode-imports 7136 ms
[timing] load-source-reader 4937 ms
[timing] load-native-writer 38 ms
[timing] boot total 27280 ms
[timing] install-fork-runner 0 ms
[timing] compile-cache-lookup 1 ms
[timing] compile-read-source 2 ms
[timing] compile-expand 164 ms
[timing] (lib-cache-read (goldfish compiler)) 0 ms
[timing] (lib-cache-read (goldfish core ir)) 1 ms
[timing] (lib-load (goldfish core ir)) 1930 ms
[timing] (lib-cache-read (goldfish compiler patterns)) 1 ms
[timing] (lib-cache-read (goldfish match)) 1 ms
[timing] (lib-cache-read (goldfish match expansion)) 0 ms
[timing] (lib-load (goldfish match expansion)) 5603 ms
[timing] (lib-load (goldfish match)) 8282 ms
[timing] (lib-load (goldfish compiler patterns)) 9154 ms
[timing] (lib-cache-read (goldfish compiler passes)) 0 ms
[timing] (lib-load (goldfish compiler passes)) 4939 ms
[timing] (lib-load (goldfish compiler)) 17653 ms
[timing] optimize-load-compiler 17653 ms
[timing] (lib-cache-read (goldfish expander tree-il)) 0 ms
[timing] (lib-load (goldfish expander tree-il)) 2467 ms
[timing] optimize-load-tree-il 2467 ms
[timing] optimize-run-passes 230 ms
[timing] compile-optimize 20352 ms
[timing] compile-cache-write 405 ms
[timing] user-file 20936 ms
