[timing] install-primitives 0 ms
[timing] load-kernel 33 ms
native cache unavailable: native bootstrap cache not found under /tmp/bench-boot/caches/cold-small-real-2/va39e0349e87d
[timing] load-cached-runtime 8 ms
[timing] cold-source-bootstrap 251 ms
[timing] gfo-seed 465 ms
[timing] load-install-scm 1694 ms
[timing] load-install-boot 10071 ms
[timing] expansion-helpers 6 ms
[timing] native-scheme-surface 1966 ms
[timing] standard-library 545 ms
[timing] post-standard-collection 6 ms
[timing] (lib-cache-read (scheme base)) 0 ms
[timing] (lib-load (scheme base)) 1284 ms
[timing] (lib-cache-read (scheme write)) 0 ms
[timing] (lib-load (scheme write)) 7 ms
[timing] (lib-cache-read (scheme read)) 0 ms
[timing] (lib-load (scheme read)) 5 ms
[timing] (lib-cache-read (scheme file)) 0 ms
[timing] (lib-load (scheme file)) 12 ms
[timing] (lib-cache-read (scheme process-context)) 0 ms
[timing] (lib-load (scheme process-context)) 14 ms
[timing] (lib-cache-read (scheme time)) 0 ms
[timing] (lib-load (scheme time)) 26 ms
[timing] (lib-cache-read (scheme char)) 0 ms
[timing] (lib-cache-read (liii unicode)) 0 ms
[timing] (lib-cache-read (liii base)) 0 ms
[timing] (lib-cache-read (srfi srfi-2)) 0 ms
[timing] (lib-load (srfi srfi-2)) 122 ms
[timing] (lib-cache-read (srfi srfi-8)) 0 ms
[timing] (lib-load (srfi srfi-8)) 47 ms
[timing] (lib-load (liii base)) 314 ms
[timing] (lib-cache-read (liii ascii)) 0 ms
[timing] (lib-cache-read (srfi srfi-175)) 0 ms
[timing] (lib-load (srfi srfi-175)) 568 ms
[timing] (lib-load (liii ascii)) 640 ms
[timing] (lib-cache-read (liii bitwise)) 0 ms
[timing] (lib-cache-read (srfi srfi-151)) 0 ms
[timing] (lib-load (srfi srfi-151)) 419 ms
[timing] (lib-cache-read (liii error)) 0 ms
[timing] (lib-load (liii error)) 46 ms
[timing] (lib-load (liii bitwise)) 547 ms
[timing] (lib-load (liii unicode)) 4718 ms
[timing] (lib-load (scheme char)) 5288 ms
[timing] (lib-cache-read (scheme complex)) 0 ms
[timing] (lib-load (scheme complex)) 21 ms
[timing] (lib-cache-read (scheme cxr)) 0 ms
[timing] (lib-load (scheme cxr)) 11 ms
[timing] (lib-cache-read (scheme eval)) 0 ms
[timing] (lib-load (scheme eval)) 139 ms
[timing] (lib-cache-read (scheme case-lambda)) 0 ms
[timing] (lib-load (scheme case-lambda)) 41 ms
[timing] mode-imports 6987 ms
[timing] load-source-reader 4568 ms
[timing] load-native-writer 36 ms
[timing] boot total 26642 ms
[timing] install-fork-runner 0 ms
[timing] compile-cache-lookup 1 ms
[timing] compile-read-source 2 ms
[timing] compile-expand 164 ms
[timing] (lib-cache-read (goldfish compiler)) 0 ms
[timing] (lib-cache-read (goldfish core ir)) 0 ms
[timing] (lib-load (goldfish core ir)) 1845 ms
[timing] (lib-cache-read (goldfish compiler patterns)) 0 ms
[timing] (lib-cache-read (goldfish match)) 0 ms
[timing] (lib-cache-read (goldfish match expansion)) 0 ms
[timing] (lib-load (goldfish match expansion)) 5504 ms
[timing] (lib-load (goldfish match)) 8161 ms
[timing] (lib-load (goldfish compiler patterns)) 9035 ms
[timing] (lib-cache-read (goldfish compiler passes)) 0 ms
[timing] (lib-load (goldfish compiler passes)) 4907 ms
[timing] (lib-load (goldfish compiler)) 17398 ms
[timing] optimize-load-compiler 17398 ms
[timing] (lib-cache-read (goldfish expander tree-il)) 0 ms
[timing] (lib-load (goldfish expander tree-il)) 2483 ms
[timing] optimize-load-tree-il 2483 ms
[timing] optimize-run-passes 233 ms
[timing] compile-optimize 20117 ms
[timing] compile-cache-write 417 ms
[timing] user-file 20713 ms
