[timing] install-primitives 0 ms
[timing] load-kernel 32 ms
native cache unavailable: native bootstrap cache not found under /tmp/bench-boot/caches/cold-small-real-3/va39e0349e87d
[timing] load-cached-runtime 8 ms
[timing] cold-source-bootstrap 265 ms
[timing] gfo-seed 481 ms
[timing] load-install-scm 1725 ms
[timing] load-install-boot 9784 ms
[timing] expansion-helpers 8 ms
[timing] native-scheme-surface 2006 ms
[timing] standard-library 552 ms
[timing] post-standard-collection 7 ms
[timing] (lib-cache-read (scheme base)) 0 ms
[timing] (lib-load (scheme base)) 1286 ms
[timing] (lib-cache-read (scheme write)) 0 ms
[timing] (lib-load (scheme write)) 5 ms
[timing] (lib-cache-read (scheme read)) 0 ms
[timing] (lib-load (scheme read)) 4 ms
[timing] (lib-cache-read (scheme file)) 0 ms
[timing] (lib-load (scheme file)) 10 ms
[timing] (lib-cache-read (scheme process-context)) 0 ms
[timing] (lib-load (scheme process-context)) 13 ms
[timing] (lib-cache-read (scheme time)) 0 ms
[timing] (lib-load (scheme time)) 26 ms
[timing] (lib-cache-read (scheme char)) 0 ms
[timing] (lib-cache-read (liii unicode)) 0 ms
[timing] (lib-cache-read (liii base)) 0 ms
[timing] (lib-cache-read (srfi srfi-2)) 0 ms
[timing] (lib-load (srfi srfi-2)) 123 ms
[timing] (lib-cache-read (srfi srfi-8)) 0 ms
[timing] (lib-load (srfi srfi-8)) 50 ms
[timing] (lib-load (liii base)) 322 ms
[timing] (lib-cache-read (liii ascii)) 0 ms
[timing] (lib-cache-read (srfi srfi-175)) 0 ms
[timing] (lib-load (srfi srfi-175)) 591 ms
[timing] (lib-load (liii ascii)) 663 ms
[timing] (lib-cache-read (liii bitwise)) 0 ms
[timing] (lib-cache-read (srfi srfi-151)) 0 ms
[timing] (lib-load (srfi srfi-151)) 417 ms
[timing] (lib-cache-read (liii error)) 0 ms
[timing] (lib-load (liii error)) 47 ms
[timing] (lib-load (liii bitwise)) 549 ms
[timing] (lib-load (liii unicode)) 4790 ms
[timing] (lib-load (scheme char)) 5355 ms
[timing] (lib-cache-read (scheme complex)) 0 ms
[timing] (lib-load (scheme complex)) 21 ms
[timing] (lib-cache-read (scheme cxr)) 0 ms
[timing] (lib-load (scheme cxr)) 12 ms
[timing] (lib-cache-read (scheme eval)) 0 ms
[timing] (lib-load (scheme eval)) 152 ms
[timing] (lib-cache-read (scheme case-lambda)) 0 ms
[timing] (lib-load (scheme case-lambda)) 44 ms
[timing] mode-imports 7068 ms
[timing] load-source-reader 4559 ms
[timing] load-native-writer 36 ms
[timing] boot total 26539 ms
[timing] install-fork-runner 0 ms
[timing] compile-cache-lookup 0 ms
[timing] compile-read-source 3 ms
[timing] compile-expand 162 ms
[timing] (lib-cache-read (goldfish compiler)) 0 ms
[timing] (lib-cache-read (goldfish core ir)) 0 ms
[timing] (lib-load (goldfish core ir)) 1839 ms
[timing] (lib-cache-read (goldfish compiler patterns)) 0 ms
[timing] (lib-cache-read (goldfish match)) 0 ms
[timing] (lib-cache-read (goldfish match expansion)) 0 ms
[timing] (lib-load (goldfish match expansion)) 5466 ms
[timing] (lib-load (goldfish match)) 8138 ms
[timing] (lib-load (goldfish compiler patterns)) 8999 ms
[timing] (lib-cache-read (goldfish compiler passes)) 0 ms
[timing] (lib-load (goldfish compiler passes)) 4903 ms
[timing] (lib-load (goldfish compiler)) 17355 ms
[timing] optimize-load-compiler 17355 ms
[timing] (lib-cache-read (goldfish expander tree-il)) 0 ms
[timing] (lib-load (goldfish expander tree-il)) 2495 ms
[timing] optimize-load-tree-il 2496 ms
[timing] optimize-run-passes 214 ms
[timing] compile-optimize 20066 ms
[timing] compile-cache-write 419 ms
[timing] user-file 20662 ms
