[timing] install-primitives 0 ms
[timing] load-kernel 33 ms
[timing] bundle-parse /tmp/bench-boot/caches/warm-small-real/va39e0349e87d/expander/lib/syntax-runtime.scm-o2.gfo 1 ms
[timing] bundle-defs /tmp/bench-boot/caches/warm-small-real/va39e0349e87d/expander/lib/syntax-runtime.scm-o2.gfo 0 ms
[timing] bundle-meta /tmp/bench-boot/caches/warm-small-real/va39e0349e87d/expander/lib/syntax-runtime.scm-o2.gfo 4 ms
[timing] bundle-alias /tmp/bench-boot/caches/warm-small-real/va39e0349e87d/expander/lib/syntax-runtime.scm-o2.gfo 0 ms
[timing] artifact expander/lib/syntax-runtime.scm-o2.gfo 9 ms
[timing] bundle-parse /tmp/bench-boot/caches/warm-small-real/va39e0349e87d/expander/lib/syntax-case.scm-o2.gfo 1 ms
[timing] bundle-defs /tmp/bench-boot/caches/warm-small-real/va39e0349e87d/expander/lib/syntax-case.scm-o2.gfo 0 ms
[timing] bundle-meta /tmp/bench-boot/caches/warm-small-real/va39e0349e87d/expander/lib/syntax-case.scm-o2.gfo 0 ms
[timing] bundle-alias /tmp/bench-boot/caches/warm-small-real/va39e0349e87d/expander/lib/syntax-case.scm-o2.gfo 0 ms
[timing] artifact expander/lib/syntax-case.scm-o2.gfo 4 ms
[timing] bundle-parse /tmp/bench-boot/caches/warm-small-real/va39e0349e87d/expander/lib/define-record-type.scm-o2.gfo 0 ms
[timing] bundle-defs /tmp/bench-boot/caches/warm-small-real/va39e0349e87d/expander/lib/define-record-type.scm-o2.gfo 0 ms
[timing] bundle-meta /tmp/bench-boot/caches/warm-small-real/va39e0349e87d/expander/lib/define-record-type.scm-o2.gfo 0 ms
[timing] bundle-alias /tmp/bench-boot/caches/warm-small-real/va39e0349e87d/expander/lib/define-record-type.scm-o2.gfo 0 ms
[timing] artifact expander/lib/define-record-type.scm-o2.gfo 1 ms
[timing] bundle-parse /tmp/bench-boot/caches/warm-small-real/va39e0349e87d/expander/lib/core-macros.scm-o2.gfo 3 ms
[timing] bundle-defs /tmp/bench-boot/caches/warm-small-real/va39e0349e87d/expander/lib/core-macros.scm-o2.gfo 0 ms
[timing] bundle-meta /tmp/bench-boot/caches/warm-small-real/va39e0349e87d/expander/lib/core-macros.scm-o2.gfo 0 ms
[timing] bundle-alias /tmp/bench-boot/caches/warm-small-real/va39e0349e87d/expander/lib/core-macros.scm-o2.gfo 0 ms
[timing] artifact expander/lib/core-macros.scm-o2.gfo 8 ms
[timing] bundle-parse /tmp/bench-boot/caches/warm-small-real/va39e0349e87d/expander/lib/cond-expand.scm-o2.gfo 0 ms
[timing] bundle-defs /tmp/bench-boot/caches/warm-small-real/va39e0349e87d/expander/lib/cond-expand.scm-o2.gfo 0 ms
[timing] bundle-meta /tmp/bench-boot/caches/warm-small-real/va39e0349e87d/expander/lib/cond-expand.scm-o2.gfo 0 ms
[timing] bundle-alias /tmp/bench-boot/caches/warm-small-real/va39e0349e87d/expander/lib/cond-expand.scm-o2.gfo 0 ms
[timing] artifact expander/lib/cond-expand.scm-o2.gfo 1 ms
[timing] bundle-parse /tmp/bench-boot/caches/warm-small-real/va39e0349e87d/expander/lib/defmacro.scm-o2.gfo 1 ms
[timing] bundle-defs /tmp/bench-boot/caches/warm-small-real/va39e0349e87d/expander/lib/defmacro.scm-o2.gfo 0 ms
[timing] bundle-meta /tmp/bench-boot/caches/warm-small-real/va39e0349e87d/expander/lib/defmacro.scm-o2.gfo 0 ms
[timing] bundle-alias /tmp/bench-boot/caches/warm-small-real/va39e0349e87d/expander/lib/defmacro.scm-o2.gfo 0 ms
[timing] artifact expander/lib/defmacro.scm-o2.gfo 2 ms
[timing] bundle-parse /tmp/bench-boot/caches/warm-small-real/va39e0349e87d/expander/lib/define-star.scm-o2.gfo 1 ms
[timing] bundle-defs /tmp/bench-boot/caches/warm-small-real/va39e0349e87d/expander/lib/define-star.scm-o2.gfo 0 ms
[timing] bundle-meta /tmp/bench-boot/caches/warm-small-real/va39e0349e87d/expander/lib/define-star.scm-o2.gfo 0 ms
[timing] bundle-alias /tmp/bench-boot/caches/warm-small-real/va39e0349e87d/expander/lib/define-star.scm-o2.gfo 0 ms
[timing] artifact expander/lib/define-star.scm-o2.gfo 2 ms
[timing] bundle-parse /tmp/bench-boot/caches/warm-small-real/va39e0349e87d/expander/lib/module-registry.scm-o2.gfo 1 ms
[timing] bundle-defs /tmp/bench-boot/caches/warm-small-real/va39e0349e87d/expander/lib/module-registry.scm-o2.gfo 0 ms
[timing] bundle-meta /tmp/bench-boot/caches/warm-small-real/va39e0349e87d/expander/lib/module-registry.scm-o2.gfo 1 ms
[timing] bundle-alias /tmp/bench-boot/caches/warm-small-real/va39e0349e87d/expander/lib/module-registry.scm-o2.gfo 0 ms
[timing] artifact expander/lib/module-registry.scm-o2.gfo 4 ms
[timing] bundle-parse /tmp/bench-boot/caches/warm-small-real/va39e0349e87d/expander/lib/module.scm-o2.gfo 5 ms
[timing] bundle-defs /tmp/bench-boot/caches/warm-small-real/va39e0349e87d/expander/lib/module.scm-o2.gfo 0 ms
[timing] bundle-meta /tmp/bench-boot/caches/warm-small-real/va39e0349e87d/expander/lib/module.scm-o2.gfo 7 ms
[timing] bundle-alias /tmp/bench-boot/caches/warm-small-real/va39e0349e87d/expander/lib/module.scm-o2.gfo 0 ms
[timing] artifact expander/lib/module.scm-o2.gfo 20 ms
[timing] bundle-parse /tmp/bench-boot/caches/warm-small-real/va39e0349e87d/expander/lib/standard.scm-o2.gfo 5 ms
[timing] bundle-defs /tmp/bench-boot/caches/warm-small-real/va39e0349e87d/expander/lib/standard.scm-o2.gfo 0 ms
[timing] bundle-meta /tmp/bench-boot/caches/warm-small-real/va39e0349e87d/expander/lib/standard.scm-o2.gfo 1 ms
[timing] bundle-alias /tmp/bench-boot/caches/warm-small-real/va39e0349e87d/expander/lib/standard.scm-o2.gfo 0 ms
[timing] artifact expander/lib/standard.scm-o2.gfo 11 ms
[timing] bundle-parse /tmp/bench-boot/caches/warm-small-real/va39e0349e87d/scheme/case-lambda.scm-o2.gfo 0 ms
[timing] bundle-import /tmp/bench-boot/caches/warm-small-real/va39e0349e87d/scheme/case-lambda.scm-o2.gfo ((scheme case-lambda)) 36 ms
[timing] bundle-meta /tmp/bench-boot/caches/warm-small-real/va39e0349e87d/scheme/case-lambda.scm-o2.gfo ((scheme case-lambda)) 0 ms
[timing] bundle-defs /tmp/bench-boot/caches/warm-small-real/va39e0349e87d/scheme/case-lambda.scm-o2.gfo ((scheme case-lambda)) 0 ms
[timing] bundle-module /tmp/bench-boot/caches/warm-small-real/va39e0349e87d/scheme/case-lambda.scm-o2.gfo ((scheme case-lambda)) 0 ms
[timing] artifact scheme/case-lambda.scm-o2.gfo 37 ms
[timing] load-cached-runtime 150 ms
[timing] gfo-seed 16 ms
[timing] load-install-scm 15 ms
[timing] load-install-boot 35 ms
[timing] expansion-helpers 4 ms
[timing] native-scheme-surface 48 ms
[timing] bundle-parse /tmp/bench-boot/caches/warm-small-real/va39e0349e87d/scheme/base.scm-o2.gfo 6 ms
[timing] bundle-import /tmp/bench-boot/caches/warm-small-real/va39e0349e87d/scheme/base.scm-o2.gfo ((scheme base)) 95 ms
[timing] bundle-meta /tmp/bench-boot/caches/warm-small-real/va39e0349e87d/scheme/base.scm-o2.gfo ((scheme base)) 1 ms
[timing] bundle-defs /tmp/bench-boot/caches/warm-small-real/va39e0349e87d/scheme/base.scm-o2.gfo ((scheme base)) 1 ms
[timing] bundle-module /tmp/bench-boot/caches/warm-small-real/va39e0349e87d/scheme/base.scm-o2.gfo ((scheme base)) 7 ms
[timing] artifact scheme/base.scm-o2.gfo 125 ms
[timing] standard-library 125 ms
[timing] post-standard-collection 5 ms
[timing] (lib-cache-read (scheme write)) 0 ms
[timing] (lib-import (scheme write)) 2 ms
[timing] (lib-bindings (scheme write)) 0 ms
[timing] (lib-macros (scheme write)) 0 ms
[timing] (lib-restore (scheme write)) 2 ms
[timing] (lib-eval-defs (scheme write)) 0 ms
[timing] (lib-load (scheme write)) 3 ms
[timing] (lib-cache-read (scheme read)) 0 ms
[timing] (lib-import (scheme read)) 1 ms
[timing] (lib-bindings (scheme read)) 0 ms
[timing] (lib-macros (scheme read)) 0 ms
[timing] (lib-restore (scheme read)) 2 ms
[timing] (lib-eval-defs (scheme read)) 0 ms
[timing] (lib-load (scheme read)) 2 ms
[timing] (lib-cache-read (scheme file)) 0 ms
[timing] (lib-import (scheme file)) 1 ms
[timing] (lib-bindings (scheme file)) 0 ms
[timing] (lib-macros (scheme file)) 1 ms
[timing] (lib-restore (scheme file)) 3 ms
[timing] (lib-eval-defs (scheme file)) 0 ms
[timing] (lib-load (scheme file)) 4 ms
[timing] (lib-cache-read (scheme process-context)) 0 ms
[timing] (lib-import (scheme process-context)) 1 ms
[timing] (lib-bindings (scheme process-context)) 0 ms
[timing] (lib-macros (scheme process-context)) 0 ms
[timing] (lib-restore (scheme process-context)) 2 ms
[timing] (lib-eval-defs (scheme process-context)) 0 ms
[timing] (lib-load (scheme process-context)) 3 ms
[timing] (lib-cache-read (scheme time)) 0 ms
[timing] (lib-import (scheme time)) 2 ms
[timing] (lib-bindings (scheme time)) 0 ms
[timing] (lib-macros (scheme time)) 4 ms
[timing] (lib-restore (scheme time)) 7 ms
[timing] (lib-eval-defs (scheme time)) 1 ms
[timing] (lib-load (scheme time)) 9 ms
[timing] (lib-cache-read (scheme char)) 11 ms
[timing] (lib-cache-read (liii unicode)) 5 ms
[timing] (lib-cache-read (liii base)) 1 ms
[timing] (lib-cache-read (srfi srfi-2)) 1 ms
[timing] (lib-import (srfi srfi-2)) 2 ms
[timing] (lib-bindings (srfi srfi-2)) 0 ms
[timing] (lib-macros (srfi srfi-2)) 13 ms
[timing] (lib-restore (srfi srfi-2)) 15 ms
[timing] (lib-eval-defs (srfi srfi-2)) 0 ms
[timing] (lib-load (srfi srfi-2)) 17 ms
[timing] (lib-cache-read (srfi srfi-8)) 0 ms
[timing] (lib-import (srfi srfi-8)) 2 ms
[timing] (lib-bindings (srfi srfi-8)) 0 ms
[timing] (lib-macros (srfi srfi-8)) 1 ms
[timing] (lib-restore (srfi srfi-8)) 4 ms
[timing] (lib-eval-defs (srfi srfi-8)) 0 ms
[timing] (lib-load (srfi srfi-8)) 5 ms
[timing] (lib-import (liii base)) 29 ms
[timing] (lib-bindings (liii base)) 0 ms
[timing] (lib-macros (liii base)) 3 ms
[timing] (lib-restore (liii base)) 33 ms
[timing] (lib-eval-defs (liii base)) 1 ms
[timing] (lib-load (liii base)) 36 ms
[timing] (lib-cache-read (liii ascii)) 1 ms
[timing] (lib-cache-read (srfi srfi-175)) 2 ms
[timing] (lib-import (srfi srfi-175)) 1 ms
[timing] (lib-bindings (srfi srfi-175)) 2 ms
[timing] (lib-macros (srfi srfi-175)) 1 ms
[timing] (lib-restore (srfi srfi-175)) 6 ms
[timing] (lib-eval-defs (srfi srfi-175)) 12 ms
[timing] (lib-load (srfi srfi-175)) 21 ms
[timing] (lib-import (liii ascii)) 29 ms
[timing] (lib-bindings (liii ascii)) 0 ms
[timing] (lib-macros (liii ascii)) 3 ms
[timing] (lib-restore (liii ascii)) 33 ms
[timing] (lib-eval-defs (liii ascii)) 5 ms
[timing] (lib-load (liii ascii)) 41 ms
[timing] (lib-cache-read (liii bitwise)) 1 ms
[timing] (lib-cache-read (srfi srfi-151)) 2 ms
[timing] (lib-import (srfi srfi-151)) 20 ms
[timing] (lib-bindings (srfi srfi-151)) 2 ms
[timing] (lib-macros (srfi srfi-151)) 1 ms
[timing] (lib-restore (srfi srfi-151)) 24 ms
[timing] (lib-eval-defs (srfi srfi-151)) 6 ms
[timing] (lib-load (srfi srfi-151)) 33 ms
[timing] (lib-cache-read (liii error)) 0 ms
[timing] (lib-import (liii error)) 2 ms
[timing] (lib-bindings (liii error)) 0 ms
[timing] (lib-macros (liii error)) 0 ms
[timing] (lib-restore (liii error)) 3 ms
[timing] (lib-eval-defs (liii error)) 1 ms
[timing] (lib-load (liii error)) 5 ms
[timing] (lib-import (liii bitwise)) 49 ms
[timing] (lib-bindings (liii bitwise)) 0 ms
[timing] (lib-macros (liii bitwise)) 4 ms
[timing] (lib-restore (liii bitwise)) 55 ms
[timing] (lib-eval-defs (liii bitwise)) 11 ms
[timing] (lib-load (liii bitwise)) 69 ms
[timing] (lib-import (liii unicode)) 194 ms
[timing] (lib-bindings (liii unicode)) 2 ms
[timing] (lib-macros (liii unicode)) 2 ms
[timing] (lib-restore (liii unicode)) 199 ms
[timing] (lib-eval-defs (liii unicode)) 29 ms
[timing] (lib-load (liii unicode)) 234 ms
[timing] (lib-import (scheme char)) 247 ms
[timing] (lib-bindings (scheme char)) 1 ms
[timing] (lib-macros (scheme char)) 0 ms
[timing] (lib-restore (scheme char)) 249 ms
[timing] (lib-eval-defs (scheme char)) 5 ms
[timing] (lib-load (scheme char)) 266 ms
[timing] (lib-cache-read (scheme complex)) 0 ms
[timing] (lib-import (scheme complex)) 8 ms
[timing] (lib-bindings (scheme complex)) 0 ms
[timing] (lib-macros (scheme complex)) 0 ms
[timing] (lib-restore (scheme complex)) 8 ms
[timing] (lib-eval-defs (scheme complex)) 0 ms
[timing] (lib-load (scheme complex)) 9 ms
[timing] (lib-cache-read (scheme cxr)) 0 ms
[timing] (lib-import (scheme cxr)) 2 ms
[timing] (lib-bindings (scheme cxr)) 0 ms
[timing] (lib-macros (scheme cxr)) 0 ms
[timing] (lib-restore (scheme cxr)) 3 ms
[timing] (lib-eval-defs (scheme cxr)) 0 ms
[timing] (lib-load (scheme cxr)) 5 ms
[timing] (lib-cache-read (scheme eval)) 0 ms
[timing] (lib-import (scheme eval)) 3 ms
[timing] (lib-bindings (scheme eval)) 0 ms
[timing] (lib-macros (scheme eval)) 0 ms
[timing] (lib-restore (scheme eval)) 3 ms
[timing] (lib-eval-defs (scheme eval)) 1 ms
[timing] (lib-load (scheme eval)) 6 ms
[timing] mode-imports 404 ms
[timing] load-source-reader 76 ms
[timing] load-native-writer 2 ms
[timing] boot total 918 ms
[timing] install-fork-runner 0 ms
[timing] compile-cache-lookup 38 ms
[timing] compile-cache-hit 0 ms
[timing] user-file 51 ms
