[timing] install-primitives 0 ms
[timing] load-kernel 35 ms
native cache unavailable: native bootstrap cache not found under /tmp/bench-cold-base/caches/cold-minimal-2/v76506ff0517c
[timing] load-cached-runtime 9 ms
[timing] cold-source-bootstrap 274 ms
[timing] gfo-seed 513 ms
[timing] load-install-scm 1879 ms
[timing] load-install-boot 10531 ms
[timing] expansion-helpers 8 ms
[timing] native-scheme-surface 2148 ms
[timing] standard-library 614 ms
[timing] post-standard-collection 6 ms
[timing] (lib-cache-read (scheme base)) 0 ms
[timing] (lib-load (scheme base)) 1506 ms
[timing] (lib-cache-read (scheme write)) 0 ms
[timing] (lib-load (scheme write)) 6 ms
[timing] (lib-cache-read (scheme read)) 0 ms
[timing] (lib-load (scheme read)) 5 ms
[timing] (lib-cache-read (scheme file)) 0 ms
[timing] (lib-load (scheme file)) 13 ms
[timing] (lib-cache-read (scheme process-context)) 0 ms
[timing] (lib-load (scheme process-context)) 14 ms
[timing] (lib-cache-read (scheme time)) 0 ms
[timing] (lib-load (scheme time)) 28 ms
[timing] (lib-cache-read (scheme char)) 0 ms
[timing] (lib-cache-read (liii unicode)) 0 ms
[timing] (lib-cache-read (liii base)) 0 ms
[timing] (lib-cache-read (srfi srfi-2)) 0 ms
[timing] (lib-load (srfi srfi-2)) 129 ms
[timing] (lib-cache-read (srfi srfi-8)) 0 ms
[timing] (lib-load (srfi srfi-8)) 42 ms
[timing] (lib-load (liii base)) 337 ms
[timing] (lib-cache-read (liii ascii)) 0 ms
[timing] (lib-cache-read (srfi srfi-175)) 0 ms
[timing] (lib-load (srfi srfi-175)) 619 ms
[timing] (lib-load (liii ascii)) 698 ms
[timing] (lib-cache-read (liii bitwise)) 0 ms
[timing] (lib-cache-read (srfi srfi-151)) 0 ms
[timing] (lib-load (srfi srfi-151)) 448 ms
[timing] (lib-cache-read (liii error)) 0 ms
[timing] (lib-load (liii error)) 50 ms
[timing] (lib-load (liii bitwise)) 589 ms
[timing] (lib-load (liii unicode)) 5026 ms
[timing] (lib-load (scheme char)) 5630 ms
[timing] (lib-cache-read (scheme complex)) 0 ms
[timing] (lib-load (scheme complex)) 22 ms
[timing] (lib-cache-read (scheme cxr)) 0 ms
[timing] (lib-load (scheme cxr)) 11 ms
[timing] (lib-cache-read (scheme eval)) 0 ms
[timing] (lib-load (scheme eval)) 153 ms
[timing] (lib-cache-read (scheme case-lambda)) 0 ms
[timing] (lib-load (scheme case-lambda)) 56 ms
[timing] mode-imports 7691 ms
[timing] load-source-reader 4864 ms
[timing] load-native-writer 38 ms
[timing] boot total 28617 ms
[timing] install-fork-runner 0 ms
[timing] compile-cache-lookup 1 ms
[timing] compile-read-source 0 ms
[timing] compile-expand 2 ms
[timing] (lib-cache-read (goldfish compiler)) 0 ms
[timing] (lib-cache-read (goldfish core ir)) 0 ms
[timing] (lib-load (goldfish core ir)) 2016 ms
[timing] (lib-cache-read (goldfish compiler patterns)) 0 ms
[timing] (lib-cache-read (goldfish match)) 0 ms
[timing] (lib-cache-read (goldfish match expansion)) 1 ms
[timing] (lib-load (goldfish match expansion)) 5864 ms
[timing] (lib-load (goldfish match)) 8749 ms
[timing] (lib-load (goldfish compiler patterns)) 9662 ms
[timing] (lib-cache-read (goldfish compiler passes)) 0 ms
[timing] (lib-load (goldfish compiler passes)) 5404 ms
[timing] (lib-load (goldfish compiler)) 18785 ms
[timing] optimize-load-compiler 18786 ms
[timing] (lib-cache-read (goldfish expander tree-il)) 0 ms
[timing] (lib-load (goldfish expander tree-il)) 2714 ms
[timing] optimize-load-tree-il 2715 ms
[timing] optimize-run-passes 1 ms
[timing] compile-optimize 21503 ms
[timing] compile-cache-write 2 ms
[timing] user-file 21508 ms
