[timing] install-primitives 0 ms
[timing] load-kernel 32 ms
native cache unavailable: native bootstrap cache not found under /tmp/bench-cold-base/caches/cold-minimal-1/v76506ff0517c
[timing] load-cached-runtime 9 ms
[timing] cold-source-bootstrap 282 ms
[timing] gfo-seed 517 ms
[timing] load-install-scm 1859 ms
[timing] load-install-boot 10847 ms
[timing] expansion-helpers 7 ms
[timing] native-scheme-surface 2175 ms
[timing] standard-library 600 ms
[timing] post-standard-collection 8 ms
[timing] (lib-cache-read (scheme base)) 0 ms
[timing] (lib-load (scheme base)) 1479 ms
[timing] (lib-cache-read (scheme write)) 0 ms
[timing] (lib-load (scheme write)) 6 ms
[timing] (lib-cache-read (scheme read)) 0 ms
[timing] (lib-load (scheme read)) 4 ms
[timing] (lib-cache-read (scheme file)) 0 ms
[timing] (lib-load (scheme file)) 10 ms
[timing] (lib-cache-read (scheme process-context)) 0 ms
[timing] (lib-load (scheme process-context)) 15 ms
[timing] (lib-cache-read (scheme time)) 0 ms
[timing] (lib-load (scheme time)) 26 ms
[timing] (lib-cache-read (scheme char)) 0 ms
[timing] (lib-cache-read (liii unicode)) 0 ms
[timing] (lib-cache-read (liii base)) 0 ms
[timing] (lib-cache-read (srfi srfi-2)) 0 ms
[timing] (lib-load (srfi srfi-2)) 124 ms
[timing] (lib-cache-read (srfi srfi-8)) 0 ms
[timing] (lib-load (srfi srfi-8)) 38 ms
[timing] (lib-load (liii base)) 329 ms
[timing] (lib-cache-read (liii ascii)) 0 ms
[timing] (lib-cache-read (srfi srfi-175)) 0 ms
[timing] (lib-load (srfi srfi-175)) 605 ms
[timing] (lib-load (liii ascii)) 684 ms
[timing] (lib-cache-read (liii bitwise)) 0 ms
[timing] (lib-cache-read (srfi srfi-151)) 0 ms
[timing] (lib-load (srfi srfi-151)) 438 ms
[timing] (lib-cache-read (liii error)) 0 ms
[timing] (lib-load (liii error)) 48 ms
[timing] (lib-load (liii bitwise)) 573 ms
[timing] (lib-load (liii unicode)) 5117 ms
[timing] (lib-load (scheme char)) 5703 ms
[timing] (lib-cache-read (scheme complex)) 0 ms
[timing] (lib-load (scheme complex)) 23 ms
[timing] (lib-cache-read (scheme cxr)) 0 ms
[timing] (lib-load (scheme cxr)) 13 ms
[timing] (lib-cache-read (scheme eval)) 0 ms
[timing] (lib-load (scheme eval)) 162 ms
[timing] (lib-cache-read (scheme case-lambda)) 0 ms
[timing] (lib-load (scheme case-lambda)) 46 ms
[timing] mode-imports 7727 ms
[timing] load-source-reader 4904 ms
[timing] load-native-writer 37 ms
[timing] boot total 29011 ms
[timing] install-fork-runner 0 ms
[timing] compile-cache-lookup 0 ms
[timing] compile-read-source 0 ms
[timing] compile-expand 4 ms
[timing] (lib-cache-read (goldfish compiler)) 0 ms
[timing] (lib-cache-read (goldfish core ir)) 0 ms
[timing] (lib-load (goldfish core ir)) 2011 ms
[timing] (lib-cache-read (goldfish compiler patterns)) 0 ms
[timing] (lib-cache-read (goldfish match)) 0 ms
[timing] (lib-cache-read (goldfish match expansion)) 1 ms
[timing] (lib-load (goldfish match expansion)) 5921 ms
[timing] (lib-load (goldfish match)) 8828 ms
[timing] (lib-load (goldfish compiler patterns)) 9765 ms
[timing] (lib-cache-read (goldfish compiler passes)) 0 ms
[timing] (lib-load (goldfish compiler passes)) 5369 ms
[timing] (lib-load (goldfish compiler)) 18886 ms
[timing] optimize-load-compiler 18886 ms
[timing] (lib-cache-read (goldfish expander tree-il)) 0 ms
[timing] (lib-load (goldfish expander tree-il)) 2767 ms
[timing] optimize-load-tree-il 2767 ms
[timing] optimize-run-passes 1 ms
[timing] compile-optimize 21657 ms
[timing] compile-cache-write 2 ms
[timing] user-file 21664 ms
