[timing] install-primitives 0 ms
[timing] load-kernel 36 ms
native cache unavailable: native bootstrap cache not found under /tmp/bench-cold-base/caches/bootstrap/v76506ff0517c
[timing] load-cached-runtime 10 ms
[timing] cold-source-bootstrap 276 ms
[timing] gfo-seed 503 ms
[timing] load-install-scm 1879 ms
[timing] load-install-boot 10659 ms
[timing] expansion-helpers 7 ms
[timing] native-scheme-surface 2152 ms
[timing] standard-library 607 ms
[timing] post-standard-collection 6 ms
[timing] (lib-cache-read (scheme base)) 0 ms
[timing] (lib-load (scheme base)) 1478 ms
[timing] (lib-cache-read (scheme write)) 0 ms
[timing] (lib-load (scheme write)) 6 ms
[timing] (lib-cache-read (scheme read)) 0 ms
[timing] (lib-load (scheme read)) 5 ms
[timing] (lib-cache-read (scheme file)) 0 ms
[timing] (lib-load (scheme file)) 14 ms
[timing] (lib-cache-read (scheme process-context)) 0 ms
[timing] (lib-load (scheme process-context)) 13 ms
[timing] (lib-cache-read (scheme time)) 0 ms
[timing] (lib-load (scheme time)) 37 ms
[timing] (lib-cache-read (scheme char)) 0 ms
[timing] (lib-cache-read (liii unicode)) 0 ms
[timing] (lib-cache-read (liii base)) 0 ms
[timing] (lib-cache-read (srfi srfi-2)) 0 ms
[timing] (lib-load (srfi srfi-2)) 140 ms
[timing] (lib-cache-read (srfi srfi-8)) 0 ms
[timing] (lib-load (srfi srfi-8)) 39 ms
[timing] (lib-load (liii base)) 331 ms
[timing] (lib-cache-read (liii ascii)) 0 ms
[timing] (lib-cache-read (srfi srfi-175)) 0 ms
[timing] (lib-load (srfi srfi-175)) 607 ms
[timing] (lib-load (liii ascii)) 691 ms
[timing] (lib-cache-read (liii bitwise)) 0 ms
[timing] (lib-cache-read (srfi srfi-151)) 0 ms
[timing] (lib-load (srfi srfi-151)) 457 ms
[timing] (lib-cache-read (liii error)) 0 ms
[timing] (lib-load (liii error)) 50 ms
[timing] (lib-load (liii bitwise)) 598 ms
[timing] (lib-load (liii unicode)) 5089 ms
[timing] (lib-load (scheme char)) 5694 ms
[timing] (lib-cache-read (scheme complex)) 0 ms
[timing] (lib-load (scheme complex)) 25 ms
[timing] (lib-cache-read (scheme cxr)) 0 ms
[timing] (lib-load (scheme cxr)) 13 ms
[timing] (lib-cache-read (scheme eval)) 0 ms
[timing] (lib-load (scheme eval)) 162 ms
[timing] (lib-cache-read (scheme case-lambda)) 0 ms
[timing] (lib-load (scheme case-lambda)) 45 ms
[timing] mode-imports 7743 ms
[timing] load-source-reader 5062 ms
[timing] load-native-writer 40 ms
[timing] boot total 28986 ms
[timing] install-fork-runner 0 ms
[timing] compile-cache-lookup 0 ms
[timing] compile-read-source 1 ms
[timing] compile-expand 2 ms
[timing] (lib-cache-read (goldfish compiler)) 0 ms
[timing] (lib-cache-read (goldfish core ir)) 0 ms
[timing] (lib-load (goldfish core ir)) 2050 ms
[timing] (lib-cache-read (goldfish compiler patterns)) 1 ms
[timing] (lib-cache-read (goldfish match)) 1 ms
[timing] (lib-cache-read (goldfish match expansion)) 0 ms
[timing] (lib-load (goldfish match expansion)) 5994 ms
[timing] (lib-load (goldfish match)) 8874 ms
[timing] (lib-load (goldfish compiler patterns)) 9826 ms
[timing] (lib-cache-read (goldfish compiler passes)) 0 ms
[timing] (lib-load (goldfish compiler passes)) 5421 ms
[timing] (lib-load (goldfish compiler)) 19035 ms
[timing] optimize-load-compiler 19035 ms
[timing] (lib-cache-read (goldfish expander tree-il)) 0 ms
[timing] (lib-load (goldfish expander tree-il)) 2734 ms
[timing] optimize-load-tree-il 2734 ms
[timing] optimize-run-passes 1 ms
[timing] compile-optimize 21772 ms
[timing] compile-cache-write 7 ms
[timing] user-file 21782 ms
