[timing] install-primitives 0 ms
[timing] load-kernel 31 ms
[timing] load-cached-runtime 207 ms
[timing] load-install-scm 2070 ms
[timing] expansion-helpers 5 ms
[timing] native-scheme-surface 76 ms
[timing] standard-library 296 ms
[timing] post-standard-collection 3 ms
[timing] (lib-load (scheme write)) 6 ms
[timing] (lib-load (scheme read)) 5 ms
[timing] (lib-load (scheme file)) 7 ms
[timing] (lib-load (scheme process-context)) 7 ms
[timing] (lib-load (scheme time)) 13 ms
[timing] (lib-load (srfi srfi-2)) 14 ms
[timing] (lib-load (srfi srfi-8)) 12 ms
[timing] (lib-load (liii base)) 43 ms
[timing] (lib-load (srfi srfi-175)) 18 ms
[timing] (lib-load (liii ascii)) 42 ms
[timing] (lib-load (srfi srfi-151)) 35 ms
[timing] (lib-load (liii error)) 9 ms
[timing] (lib-load (liii bitwise)) 71 ms
[timing] (lib-load (liii unicode)) 251 ms
[timing] (lib-load (scheme char)) 288 ms
[timing] (lib-load (scheme complex)) 8 ms
[timing] (lib-load (scheme cxr)) 7 ms
[timing] (lib-load (scheme eval)) 10 ms
[timing] mode-imports 471 ms
[timing] load-source-reader 77 ms
[timing] load-native-writer 2 ms
[timing] boot total 3242 ms
[timing] install-fork-runner 0 ms
[timing] compile-cache-lookup 0 ms
[timing] compile-read-source 164 ms
[timing] compile-expand 8268 ms
[timing] (lib-load (goldfish core ir)) 66 ms
[timing] (lib-load (goldfish match expansion)) 56 ms
[timing] (lib-load (goldfish match)) 119 ms
[timing] (lib-load (goldfish compiler patterns)) 169 ms
[timing] (lib-load (goldfish compiler passes)) 97 ms
[timing] (lib-load (goldfish compiler)) 969 ms
[timing] optimize-load-compiler 969 ms
[timing] (lib-load (goldfish expander tree-il)) 34 ms
[timing] optimize-load-tree-il 34 ms
[timing] optimize-run-passes 9163 ms
[timing] compile-optimize 10168 ms
[timing] compile-cache-write 508 ms
[timing] user-file 20630 ms
