[timing] install-primitives 0 ms
[timing] load-kernel 33 ms
[timing] load-cached-runtime 196 ms
[timing] load-install-scm 2141 ms
[timing] expansion-helpers 4 ms
[timing] native-scheme-surface 57 ms
[timing] standard-library 310 ms
[timing] post-standard-collection 3 ms
[timing] (lib-load (scheme write)) 6 ms
[timing] (lib-load (scheme read)) 5 ms
[timing] (lib-load (scheme file)) 7 ms
[timing] (lib-load (scheme process-context)) 6 ms
[timing] (lib-load (scheme time)) 8 ms
[timing] (lib-load (srfi srfi-2)) 14 ms
[timing] (lib-load (srfi srfi-8)) 7 ms
[timing] (lib-load (liii base)) 36 ms
[timing] (lib-load (srfi srfi-175)) 17 ms
[timing] (lib-load (liii ascii)) 42 ms
[timing] (lib-load (srfi srfi-151)) 34 ms
[timing] (lib-load (liii error)) 8 ms
[timing] (lib-load (liii bitwise)) 74 ms
[timing] (lib-load (liii unicode)) 252 ms
[timing] (lib-load (scheme char)) 284 ms
[timing] (lib-load (scheme complex)) 9 ms
[timing] (lib-load (scheme cxr)) 7 ms
[timing] (lib-load (scheme eval)) 9 ms
[timing] mode-imports 460 ms
[timing] load-source-reader 74 ms
[timing] load-native-writer 1 ms
[timing] boot total 3284 ms
[timing] install-fork-runner 0 ms
[timing] compile-cache-lookup 0 ms
[timing] compile-read-source 175 ms
[timing] compile-expand 8844 ms
[timing] (lib-load (goldfish core ir)) 63 ms
[timing] (lib-load (goldfish match expansion)) 61 ms
[timing] (lib-load (goldfish match)) 136 ms
[timing] (lib-load (goldfish compiler patterns)) 175 ms
[timing] (lib-load (goldfish compiler passes)) 102 ms
[timing] (lib-load (goldfish compiler)) 1021 ms
[timing] optimize-load-compiler 1021 ms
[timing] (lib-load (goldfish expander tree-il)) 32 ms
[timing] optimize-load-tree-il 32 ms
[timing] optimize-run-passes 9503 ms
[timing] compile-optimize 10558 ms
[timing] compile-cache-write 1205 ms
[timing] user-file 22329 ms
