[timing] install-primitives 0 ms
[timing] load-kernel 32 ms
[timing] load-cached-runtime 204 ms
[timing] load-install-scm 2046 ms
[timing] expansion-helpers 4 ms
[timing] native-scheme-surface 50 ms
[timing] standard-library 303 ms
[timing] post-standard-collection 3 ms
[timing] (lib-load (scheme write)) 6 ms
[timing] (lib-load (scheme read)) 5 ms
[timing] (lib-load (scheme file)) 7 ms
[timing] (lib-load (scheme process-context)) 7 ms
[timing] (lib-load (scheme time)) 8 ms
[timing] (lib-load (srfi srfi-2)) 14 ms
[timing] (lib-load (srfi srfi-8)) 11 ms
[timing] (lib-load (liii base)) 39 ms
[timing] (lib-load (srfi srfi-175)) 18 ms
[timing] (lib-load (liii ascii)) 42 ms
[timing] (lib-load (srfi srfi-151)) 35 ms
[timing] (lib-load (liii error)) 8 ms
[timing] (lib-load (liii bitwise)) 70 ms
[timing] (lib-load (liii unicode)) 245 ms
[timing] (lib-load (scheme char)) 282 ms
[timing] (lib-load (scheme complex)) 9 ms
[timing] (lib-load (scheme cxr)) 7 ms
[timing] (lib-load (scheme eval)) 10 ms
[timing] mode-imports 460 ms
[timing] load-source-reader 73 ms
[timing] load-native-writer 2 ms
[timing] boot total 3184 ms
[timing] install-fork-runner 0 ms
[timing] compile-cache-lookup 232 ms
[timing] compile-cache-hit 0 ms
[timing] user-file 1734 ms
