[timing] install-primitives 0 ms
[timing] load-kernel 31 ms
[timing] load-cached-runtime 198 ms
[timing] load-install-scm 2045 ms
[timing] expansion-helpers 4 ms
[timing] native-scheme-surface 52 ms
[timing] standard-library 296 ms
[timing] post-standard-collection 3 ms
[timing] (lib-load (scheme write)) 6 ms
[timing] (lib-load (scheme read)) 5 ms
[timing] (lib-load (scheme file)) 7 ms
[timing] (lib-load (scheme process-context)) 6 ms
[timing] (lib-load (scheme time)) 8 ms
[timing] (lib-load (srfi srfi-2)) 13 ms
[timing] (lib-load (srfi srfi-8)) 11 ms
[timing] (lib-load (liii base)) 39 ms
[timing] (lib-load (srfi srfi-175)) 18 ms
[timing] (lib-load (liii ascii)) 42 ms
[timing] (lib-load (srfi srfi-151)) 33 ms
[timing] (lib-load (liii error)) 8 ms
[timing] (lib-load (liii bitwise)) 69 ms
[timing] (lib-load (liii unicode)) 243 ms
[timing] (lib-load (scheme char)) 279 ms
[timing] (lib-load (scheme complex)) 8 ms
[timing] (lib-load (scheme cxr)) 7 ms
[timing] (lib-load (scheme eval)) 9 ms
[timing] mode-imports 456 ms
[timing] load-source-reader 71 ms
[timing] load-native-writer 2 ms
[timing] boot total 3163 ms
[timing] install-fork-runner 0 ms
[timing] compile-cache-lookup 1 ms
[timing] compile-read-source 167 ms
[timing] compile-expand 8247 ms
[timing] (lib-load (goldfish core ir)) 55 ms
[timing] (lib-load (goldfish match expansion)) 67 ms
[timing] (lib-load (goldfish match)) 131 ms
[timing] (lib-load (goldfish compiler patterns)) 171 ms
[timing] (lib-load (goldfish compiler passes)) 99 ms
[timing] (lib-load (goldfish compiler)) 1059 ms
[timing] optimize-load-compiler 1059 ms
[timing] (lib-load (goldfish expander tree-il)) 31 ms
[timing] optimize-load-tree-il 31 ms
[timing] optimize-run-passes 9169 ms
[timing] compile-optimize 10261 ms
[timing] compile-cache-write 1163 ms
[timing] user-file 21374 ms
