[timing] install-primitives 0 ms
[timing] load-kernel 32 ms
[timing] load-cached-runtime 197 ms
[timing] load-install-scm 2040 ms
[timing] expansion-helpers 4 ms
[timing] native-scheme-surface 52 ms
[timing] standard-library 299 ms
[timing] post-standard-collection 3 ms
[timing] (lib-load (scheme write)) 6 ms
[timing] (lib-load (scheme read)) 5 ms
[timing] (lib-load (scheme file)) 7 ms
[timing] (lib-load (scheme process-context)) 6 ms
[timing] (lib-load (scheme time)) 8 ms
[timing] (lib-load (srfi srfi-2)) 13 ms
[timing] (lib-load (srfi srfi-8)) 11 ms
[timing] (lib-load (liii base)) 40 ms
[timing] (lib-load (srfi srfi-175)) 18 ms
[timing] (lib-load (liii ascii)) 42 ms
[timing] (lib-load (srfi srfi-151)) 34 ms
[timing] (lib-load (liii error)) 8 ms
[timing] (lib-load (liii bitwise)) 70 ms
[timing] (lib-load (liii unicode)) 246 ms
[timing] (lib-load (scheme char)) 283 ms
[timing] (lib-load (scheme complex)) 11 ms
[timing] (lib-load (scheme cxr)) 8 ms
[timing] (lib-load (scheme eval)) 10 ms
[timing] mode-imports 461 ms
[timing] load-source-reader 69 ms
[timing] load-native-writer 2 ms
[timing] boot total 3163 ms
[timing] install-fork-runner 0 ms
[timing] compile-cache-lookup 229 ms
[timing] compile-cache-hit 0 ms
[timing] user-file 1717 ms
