[timing] install-primitives 0 ms
[timing] load-kernel 31 ms
[timing] load-cached-runtime 201 ms
[timing] load-install-scm 2091 ms
[timing] expansion-helpers 4 ms
[timing] native-scheme-surface 49 ms
[timing] standard-library 300 ms
[timing] post-standard-collection 3 ms
[timing] (lib-load (scheme write)) 6 ms
[timing] (lib-load (scheme read)) 5 ms
[timing] (lib-load (scheme file)) 7 ms
[timing] (lib-load (scheme process-context)) 6 ms
[timing] (lib-load (scheme time)) 8 ms
[timing] (lib-load (srfi srfi-2)) 13 ms
[timing] (lib-load (srfi srfi-8)) 12 ms
[timing] (lib-load (liii base)) 40 ms
[timing] (lib-load (srfi srfi-175)) 17 ms
[timing] (lib-load (liii ascii)) 41 ms
[timing] (lib-load (srfi srfi-151)) 33 ms
[timing] (lib-load (liii error)) 8 ms
[timing] (lib-load (liii bitwise)) 69 ms
[timing] (lib-load (liii unicode)) 243 ms
[timing] (lib-load (scheme char)) 279 ms
[timing] (lib-load (scheme complex)) 9 ms
[timing] (lib-load (scheme cxr)) 8 ms
[timing] (lib-load (scheme eval)) 9 ms
[timing] mode-imports 458 ms
[timing] load-source-reader 68 ms
[timing] load-native-writer 2 ms
[timing] boot total 3213 ms
[timing] install-fork-runner 0 ms
[timing] compile-cache-lookup 0 ms
[timing] compile-read-source 164 ms
[timing] compile-expand 8291 ms
[timing] (lib-load (goldfish core ir)) 56 ms
[timing] (lib-load (goldfish match expansion)) 59 ms
[timing] (lib-load (goldfish match)) 133 ms
[timing] (lib-load (goldfish compiler patterns)) 172 ms
[timing] (lib-load (goldfish compiler passes)) 94 ms
[timing] (lib-load (goldfish compiler)) 965 ms
[timing] optimize-load-compiler 965 ms
[timing] (lib-load (goldfish expander tree-il)) 30 ms
[timing] optimize-load-tree-il 31 ms
[timing] optimize-run-passes 9298 ms
[timing] compile-optimize 10296 ms
[timing] compile-cache-write 1167 ms
[timing] user-file 21437 ms
