[timing] install-primitives 0 ms
[timing] load-kernel 31 ms
[timing] load-cached-runtime 226 ms
[timing] load-install-scm 2056 ms
[timing] expansion-helpers 4 ms
[timing] native-scheme-surface 77 ms
[timing] standard-library 305 ms
[timing] post-standard-collection 3 ms
[timing] (lib-load (scheme write)) 6 ms
[timing] (lib-load (scheme read)) 5 ms
[timing] (lib-load (scheme file)) 7 ms
[timing] (lib-load (scheme process-context)) 7 ms
[timing] (lib-load (scheme time)) 21 ms
[timing] (lib-load (srfi srfi-2)) 14 ms
[timing] (lib-load (srfi srfi-8)) 12 ms
[timing] (lib-load (liii base)) 41 ms
[timing] (lib-load (srfi srfi-175)) 19 ms
[timing] (lib-load (liii ascii)) 44 ms
[timing] (lib-load (srfi srfi-151)) 35 ms
[timing] (lib-load (liii error)) 9 ms
[timing] (lib-load (liii bitwise)) 72 ms
[timing] (lib-load (liii unicode)) 250 ms
[timing] (lib-load (scheme char)) 290 ms
[timing] (lib-load (scheme complex)) 9 ms
[timing] (lib-load (scheme cxr)) 8 ms
[timing] (lib-load (scheme eval)) 10 ms
[timing] mode-imports 483 ms
[timing] load-source-reader 75 ms
[timing] load-native-writer 2 ms
[timing] boot total 3267 ms
[timing] install-fork-runner 0 ms
[timing] compile-cache-lookup 1 ms
[timing] compile-read-source 0 ms
[timing] compile-expand 2 ms
[timing] (lib-load (goldfish core ir)) 60 ms
[timing] (lib-load (goldfish match expansion)) 58 ms
[timing] (lib-load (goldfish match)) 125 ms
[timing] (lib-load (goldfish compiler patterns)) 173 ms
[timing] (lib-load (goldfish compiler passes)) 93 ms
[timing] (lib-load (goldfish compiler)) 962 ms
[timing] optimize-load-compiler 962 ms
[timing] (lib-load (goldfish expander tree-il)) 34 ms
[timing] optimize-load-tree-il 34 ms
[timing] optimize-run-passes 2 ms
[timing] compile-optimize 1001 ms
[timing] compile-cache-write 0 ms
[timing] user-file 1003 ms
