[timing] install-primitives 0 ms
[timing] load-kernel 33 ms
[timing] load-cached-runtime 193 ms
[timing] load-install-scm 2053 ms
[timing] expansion-helpers 5 ms
[timing] native-scheme-surface 50 ms
[timing] standard-library 300 ms
[timing] post-standard-collection 3 ms
[timing] (lib-load (scheme write)) 6 ms
[timing] (lib-load (scheme read)) 5 ms
[timing] (lib-load (scheme file)) 7 ms
[timing] (lib-load (scheme process-context)) 7 ms
[timing] (lib-load (scheme time)) 9 ms
[timing] (lib-load (srfi srfi-2)) 14 ms
[timing] (lib-load (srfi srfi-8)) 7 ms
[timing] (lib-load (liii base)) 37 ms
[timing] (lib-load (srfi srfi-175)) 17 ms
[timing] (lib-load (liii ascii)) 42 ms
[timing] (lib-load (srfi srfi-151)) 36 ms
[timing] (lib-load (liii error)) 8 ms
[timing] (lib-load (liii bitwise)) 73 ms
[timing] (lib-load (liii unicode)) 249 ms
[timing] (lib-load (scheme char)) 282 ms
[timing] (lib-load (scheme complex)) 9 ms
[timing] (lib-load (scheme cxr)) 8 ms
[timing] (lib-load (scheme eval)) 9 ms
[timing] mode-imports 466 ms
[timing] load-source-reader 65 ms
[timing] load-native-writer 2 ms
[timing] boot total 3174 ms
[timing] install-fork-runner 0 ms
[timing] compile-cache-lookup 1 ms
[timing] compile-read-source 0 ms
[timing] compile-expand 2 ms
[timing] (lib-load (goldfish core ir)) 63 ms
[timing] (lib-load (goldfish match expansion)) 57 ms
[timing] (lib-load (goldfish match)) 127 ms
[timing] (lib-load (goldfish compiler patterns)) 167 ms
[timing] (lib-load (goldfish compiler passes)) 88 ms
[timing] (lib-load (goldfish compiler)) 935 ms
[timing] optimize-load-compiler 935 ms
[timing] (lib-load (goldfish expander tree-il)) 38 ms
[timing] optimize-load-tree-il 39 ms
[timing] optimize-run-passes 2 ms
[timing] compile-optimize 977 ms
[timing] compile-cache-write 2 ms
[timing] user-file 982 ms
