[timing] install-primitives 0 ms
[timing] load-kernel 34 ms
[timing] load-cached-runtime 203 ms
[timing] load-install-scm 2064 ms
[timing] expansion-helpers 4 ms
[timing] native-scheme-surface 56 ms
[timing] standard-library 299 ms
[timing] post-standard-collection 4 ms
[timing] (lib-load (scheme write)) 6 ms
[timing] (lib-load (scheme read)) 5 ms
[timing] (lib-load (scheme file)) 7 ms
[timing] (lib-load (scheme process-context)) 6 ms
[timing] (lib-load (scheme time)) 12 ms
[timing] (lib-load (srfi srfi-2)) 14 ms
[timing] (lib-load (srfi srfi-8)) 13 ms
[timing] (lib-load (liii base)) 42 ms
[timing] (lib-load (srfi srfi-175)) 18 ms
[timing] (lib-load (liii ascii)) 42 ms
[timing] (lib-load (srfi srfi-151)) 33 ms
[timing] (lib-load (liii error)) 8 ms
[timing] (lib-load (liii bitwise)) 68 ms
[timing] (lib-load (liii unicode)) 246 ms
[timing] (lib-load (scheme char)) 285 ms
[timing] (lib-load (scheme complex)) 9 ms
[timing] (lib-load (scheme cxr)) 8 ms
[timing] (lib-load (scheme eval)) 9 ms
[timing] mode-imports 465 ms
[timing] load-source-reader 73 ms
[timing] load-native-writer 2 ms
[timing] boot total 3207 ms
[timing] install-fork-runner 0 ms
[timing] compile-cache-lookup 1 ms
[timing] compile-read-source 0 ms
[timing] compile-expand 2 ms
[timing] (lib-load (goldfish core ir)) 62 ms
[timing] (lib-load (goldfish match expansion)) 56 ms
[timing] (lib-load (goldfish match)) 123 ms
[timing] (lib-load (goldfish compiler patterns)) 169 ms
[timing] (lib-load (goldfish compiler passes)) 91 ms
[timing] (lib-load (goldfish compiler)) 946 ms
[timing] optimize-load-compiler 947 ms
[timing] (lib-load (goldfish expander tree-il)) 35 ms
[timing] optimize-load-tree-il 35 ms
[timing] optimize-run-passes 2 ms
[timing] compile-optimize 986 ms
[timing] compile-cache-write 0 ms
[timing] user-file 989 ms
