[timing] install-primitives 0 ms
[timing] load-kernel 31 ms
[timing] load-cached-runtime 201 ms
[timing] load-install-scm 2071 ms
[timing] expansion-helpers 4 ms
[timing] native-scheme-surface 50 ms
[timing] standard-library 299 ms
[timing] post-standard-collection 7 ms
[timing] (lib-load (scheme write)) 6 ms
[timing] (lib-load (scheme read)) 5 ms
[timing] (lib-load (scheme file)) 7 ms
[timing] (lib-load (scheme process-context)) 6 ms
[timing] (lib-load (scheme time)) 8 ms
[timing] (lib-load (srfi srfi-2)) 14 ms
[timing] (lib-load (srfi srfi-8)) 11 ms
[timing] (lib-load (liii base)) 40 ms
[timing] (lib-load (srfi srfi-175)) 18 ms
[timing] (lib-load (liii ascii)) 42 ms
[timing] (lib-load (srfi srfi-151)) 33 ms
[timing] (lib-load (liii error)) 8 ms
[timing] (lib-load (liii bitwise)) 69 ms
[timing] (lib-load (liii unicode)) 244 ms
[timing] (lib-load (scheme char)) 280 ms
[timing] (lib-load (scheme complex)) 8 ms
[timing] (lib-load (scheme cxr)) 8 ms
[timing] (lib-load (scheme eval)) 9 ms
[timing] mode-imports 457 ms
[timing] load-source-reader 71 ms
[timing] load-native-writer 2 ms
[timing] boot total 3199 ms
[timing] install-fork-runner 0 ms
[timing] compile-cache-lookup 1 ms
[timing] compile-read-source 0 ms
[timing] compile-expand 2 ms
[timing] (lib-load (goldfish core ir)) 54 ms
[timing] (lib-load (goldfish match expansion)) 57 ms
[timing] (lib-load (goldfish match)) 124 ms
[timing] (lib-load (goldfish compiler patterns)) 169 ms
[timing] (lib-load (goldfish compiler passes)) 87 ms
[timing] (lib-load (goldfish compiler)) 946 ms
[timing] optimize-load-compiler 947 ms
[timing] (lib-load (goldfish expander tree-il)) 31 ms
[timing] optimize-load-tree-il 32 ms
[timing] optimize-run-passes 2 ms
[timing] compile-optimize 982 ms
[timing] compile-cache-write 2 ms
[timing] user-file 987 ms
