[timing] install-primitives 0 ms
[timing] load-kernel 33 ms
native cache unavailable: native bootstrap cache not found under bench/cold-start/phase1-6dd0760c/caches/cold-minimal-1/v7f04346063c4
[timing] load-cached-runtime 7 ms
[timing] cold-source-bootstrap 281 ms
[timing] load-install-scm 10185 ms
[timing] expansion-helpers 6 ms
[timing] native-scheme-surface 2818 ms
[timing] standard-library 842 ms
[timing] post-standard-collection 5 ms
[timing] (lib-load (scheme base)) 1906 ms
[timing] (lib-load (scheme write)) 9 ms
[timing] (lib-load (scheme read)) 7 ms
[timing] (lib-load (scheme file)) 15 ms
[timing] (lib-load (scheme process-context)) 17 ms
[timing] (lib-load (scheme time)) 33 ms
[timing] (lib-load (srfi srfi-2)) 180 ms
[timing] (lib-load (srfi srfi-8)) 53 ms
[timing] (lib-load (liii base)) 408 ms
[timing] (lib-load (srfi srfi-175)) 912 ms
[timing] (lib-load (liii ascii)) 997 ms
[timing] (lib-load (srfi srfi-151)) 663 ms
[timing] (lib-load (liii error)) 61 ms
[timing] (lib-load (liii bitwise)) 820 ms
[timing] (lib-load (liii unicode)) 7023 ms
[timing] (lib-load (scheme char)) 7729 ms
[timing] (lib-load (scheme complex)) 26 ms
[timing] (lib-load (scheme cxr)) 14 ms
[timing] (lib-load (scheme eval)) 199 ms
[timing] (lib-load (scheme case-lambda)) 50 ms
[timing] mode-imports 10251 ms
[timing] load-source-reader 9202 ms
[timing] load-native-writer 41 ms
[timing] boot total 33678 ms
[timing] install-fork-runner 0 ms
[timing] compile-cache-lookup 0 ms
[timing] compile-read-source 2 ms
[timing] compile-expand 2 ms
[timing] (lib-load (goldfish core ir)) 3178 ms
[timing] (lib-load (goldfish match expansion)) 7669 ms
[timing] (lib-load (goldfish match)) 11554 ms
[timing] (lib-load (goldfish compiler patterns)) 12532 ms
[timing] (lib-load (goldfish compiler passes)) 8032 ms
[timing] (lib-load (goldfish compiler)) 25563 ms
[timing] optimize-load-compiler 25563 ms
[timing] (lib-load (goldfish expander tree-il)) 3074 ms
[timing] optimize-load-tree-il 3074 ms
[timing] optimize-run-passes 2 ms
[timing] compile-optimize 28642 ms
[timing] compile-cache-write 2 ms
[timing] user-file 28648 ms
