[timing] install-primitives 0 ms
[timing] load-kernel 32 ms
[timing] load-cached-runtime 197 ms
[timing] load-install-scm 2038 ms
[timing] expansion-helpers 4 ms
[timing] native-scheme-surface 49 ms
[timing] standard-library 299 ms
[timing] post-standard-collection 3 ms
[timing] (lib-load (scheme write)) 6 ms
[timing] (lib-load (scheme read)) 5 ms
[timing] (lib-load (scheme file)) 7 ms
[timing] (lib-load (scheme process-context)) 7 ms
[timing] (lib-load (scheme time)) 8 ms
[timing] (lib-load (srfi srfi-2)) 15 ms
[timing] (lib-load (srfi srfi-8)) 11 ms
[timing] (lib-load (liii base)) 41 ms
[timing] (lib-load (srfi srfi-175)) 17 ms
[timing] (lib-load (liii ascii)) 42 ms
[timing] (lib-load (srfi srfi-151)) 34 ms
[timing] (lib-load (liii error)) 9 ms
[timing] (lib-load (liii bitwise)) 71 ms
[timing] (lib-load (liii unicode)) 245 ms
[timing] (lib-load (scheme char)) 281 ms
[timing] (lib-load (scheme complex)) 9 ms
[timing] (lib-load (scheme cxr)) 7 ms
[timing] (lib-load (scheme eval)) 9 ms
[timing] mode-imports 458 ms
[timing] load-source-reader 69 ms
[timing] load-native-writer 1 ms
[timing] boot total 3156 ms
[timing] install-fork-runner 0 ms
[timing] compile-cache-lookup 0 ms
[timing] compile-read-source 0 ms
[timing] compile-expand 2 ms
[timing] (lib-load (goldfish core ir)) 55 ms
[timing] (lib-load (goldfish match expansion)) 56 ms
[timing] (lib-load (goldfish match)) 123 ms
[timing] (lib-load (goldfish compiler patterns)) 170 ms
[timing] (lib-load (goldfish compiler passes)) 86 ms
[timing] (lib-load (goldfish compiler)) 930 ms
[timing] optimize-load-compiler 930 ms
[timing] (lib-load (goldfish expander tree-il)) 31 ms
[timing] optimize-load-tree-il 32 ms
[timing] optimize-run-passes 2 ms
[timing] compile-optimize 966 ms
[timing] compile-cache-write 2 ms
[timing] user-file 971 ms
