[timing] install-primitives 0 ms
[timing] load-kernel 33 ms
[timing] load-cached-runtime 217 ms
[timing] load-install-scm 2108 ms
[timing] expansion-helpers 5 ms
[timing] native-scheme-surface 51 ms
[timing] standard-library 310 ms
[timing] post-standard-collection 3 ms
[timing] (lib-load (scheme write)) 6 ms
[timing] (lib-load (scheme read)) 5 ms
[timing] (lib-load (scheme file)) 7 ms
[timing] (lib-load (scheme process-context)) 6 ms
[timing] (lib-load (scheme time)) 8 ms
[timing] (lib-load (srfi srfi-2)) 13 ms
[timing] (lib-load (srfi srfi-8)) 12 ms
[timing] (lib-load (liii base)) 40 ms
[timing] (lib-load (srfi srfi-175)) 17 ms
[timing] (lib-load (liii ascii)) 41 ms
[timing] (lib-load (srfi srfi-151)) 34 ms
[timing] (lib-load (liii error)) 8 ms
[timing] (lib-load (liii bitwise)) 71 ms
[timing] (lib-load (liii unicode)) 246 ms
[timing] (lib-load (scheme char)) 285 ms
[timing] (lib-load (scheme complex)) 9 ms
[timing] (lib-load (scheme cxr)) 7 ms
[timing] (lib-load (scheme eval)) 10 ms
[timing] mode-imports 460 ms
[timing] load-source-reader 70 ms
[timing] load-native-writer 2 ms
[timing] boot total 3262 ms
[timing] install-fork-runner 0 ms
[timing] compile-cache-lookup 0 ms
[timing] compile-read-source 3 ms
[timing] compile-expand 180 ms
[timing] (lib-load (goldfish core ir)) 56 ms
[timing] (lib-load (goldfish match expansion)) 59 ms
[timing] (lib-load (goldfish match)) 130 ms
[timing] (lib-load (goldfish compiler patterns)) 171 ms
[timing] (lib-load (goldfish compiler passes)) 86 ms
[timing] (lib-load (goldfish compiler)) 939 ms
[timing] optimize-load-compiler 939 ms
[timing] (lib-load (goldfish expander tree-il)) 31 ms
[timing] optimize-load-tree-il 32 ms
[timing] optimize-run-passes 674 ms
[timing] compile-optimize 1646 ms
[timing] compile-cache-write 460 ms
[timing] user-file 2304 ms
