[timing] install-primitives 0 ms
[timing] load-kernel 33 ms
[timing] load-cached-runtime 204 ms
[timing] load-install-scm 2060 ms
[timing] expansion-helpers 4 ms
[timing] native-scheme-surface 56 ms
[timing] standard-library 314 ms
[timing] post-standard-collection 3 ms
[timing] (lib-load (scheme write)) 6 ms
[timing] (lib-load (scheme read)) 6 ms
[timing] (lib-load (scheme file)) 7 ms
[timing] (lib-load (scheme process-context)) 6 ms
[timing] (lib-load (scheme time)) 13 ms
[timing] (lib-load (srfi srfi-2)) 14 ms
[timing] (lib-load (srfi srfi-8)) 12 ms
[timing] (lib-load (liii base)) 42 ms
[timing] (lib-load (srfi srfi-175)) 18 ms
[timing] (lib-load (liii ascii)) 43 ms
[timing] (lib-load (srfi srfi-151)) 34 ms
[timing] (lib-load (liii error)) 9 ms
[timing] (lib-load (liii bitwise)) 73 ms
[timing] (lib-load (liii unicode)) 253 ms
[timing] (lib-load (scheme char)) 290 ms
[timing] (lib-load (scheme complex)) 8 ms
[timing] (lib-load (scheme cxr)) 8 ms
[timing] (lib-load (scheme eval)) 10 ms
[timing] mode-imports 472 ms
[timing] load-source-reader 73 ms
[timing] load-native-writer 2 ms
[timing] boot total 3224 ms
[timing] install-fork-runner 0 ms
[timing] compile-cache-lookup 0 ms
[timing] compile-read-source 3 ms
[timing] compile-expand 177 ms
[timing] (lib-load (goldfish core ir)) 58 ms
[timing] (lib-load (goldfish match expansion)) 58 ms
[timing] (lib-load (goldfish match)) 124 ms
[timing] (lib-load (goldfish compiler patterns)) 169 ms
[timing] (lib-load (goldfish compiler passes)) 90 ms
[timing] (lib-load (goldfish compiler)) 960 ms
[timing] optimize-load-compiler 960 ms
[timing] (lib-load (goldfish expander tree-il)) 34 ms
[timing] optimize-load-tree-il 34 ms
[timing] optimize-run-passes 658 ms
[timing] compile-optimize 1654 ms
[timing] compile-cache-write 429 ms
[timing] user-file 2277 ms
