[timing] install-primitives 0 ms
[timing] load-kernel 32 ms
[timing] load-cached-runtime 197 ms
[timing] load-install-scm 2093 ms
[timing] expansion-helpers 4 ms
[timing] native-scheme-surface 50 ms
[timing] standard-library 299 ms
[timing] post-standard-collection 3 ms
[timing] (lib-load (scheme write)) 7 ms
[timing] (lib-load (scheme read)) 5 ms
[timing] (lib-load (scheme file)) 7 ms
[timing] (lib-load (scheme process-context)) 7 ms
[timing] (lib-load (scheme time)) 9 ms
[timing] (lib-load (srfi srfi-2)) 13 ms
[timing] (lib-load (srfi srfi-8)) 7 ms
[timing] (lib-load (liii base)) 35 ms
[timing] (lib-load (srfi srfi-175)) 18 ms
[timing] (lib-load (liii ascii)) 43 ms
[timing] (lib-load (srfi srfi-151)) 37 ms
[timing] (lib-load (liii error)) 8 ms
[timing] (lib-load (liii bitwise)) 75 ms
[timing] (lib-load (liii unicode)) 251 ms
[timing] (lib-load (scheme char)) 284 ms
[timing] (lib-load (scheme complex)) 9 ms
[timing] (lib-load (scheme cxr)) 7 ms
[timing] (lib-load (scheme eval)) 9 ms
[timing] mode-imports 470 ms
[timing] load-source-reader 67 ms
[timing] load-native-writer 2 ms
[timing] boot total 3222 ms
[timing] install-fork-runner 0 ms
[timing] compile-cache-lookup 1 ms
[timing] compile-read-source 3 ms
[timing] compile-expand 179 ms
[timing] (lib-load (goldfish core ir)) 56 ms
[timing] (lib-load (goldfish match expansion)) 59 ms
[timing] (lib-load (goldfish match)) 132 ms
[timing] (lib-load (goldfish compiler patterns)) 171 ms
[timing] (lib-load (goldfish compiler passes)) 91 ms
[timing] (lib-load (goldfish compiler)) 933 ms
[timing] optimize-load-compiler 933 ms
[timing] (lib-load (goldfish expander tree-il)) 37 ms
[timing] optimize-load-tree-il 37 ms
[timing] optimize-run-passes 665 ms
[timing] compile-optimize 1638 ms
[timing] compile-cache-write 469 ms
[timing] user-file 2305 ms
