[timing] install-primitives 0 ms
[timing] load-kernel 33 ms
native cache unavailable: native bootstrap cache not found under bench/cold-start/phase1-6dd0760c/caches/cold-small-real-3/v7f04346063c4
[timing] load-cached-runtime 7 ms
[timing] cold-source-bootstrap 278 ms
[timing] load-install-scm 10164 ms
[timing] expansion-helpers 6 ms
[timing] native-scheme-surface 2762 ms
[timing] standard-library 850 ms
[timing] post-standard-collection 4 ms
[timing] (lib-load (scheme base)) 1920 ms
[timing] (lib-load (scheme write)) 10 ms
[timing] (lib-load (scheme read)) 8 ms
[timing] (lib-load (scheme file)) 14 ms
[timing] (lib-load (scheme process-context)) 17 ms
[timing] (lib-load (scheme time)) 34 ms
[timing] (lib-load (srfi srfi-2)) 181 ms
[timing] (lib-load (srfi srfi-8)) 53 ms
[timing] (lib-load (liii base)) 407 ms
[timing] (lib-load (srfi srfi-175)) 886 ms
[timing] (lib-load (liii ascii)) 971 ms
[timing] (lib-load (srfi srfi-151)) 657 ms
[timing] (lib-load (liii error)) 62 ms
[timing] (lib-load (liii bitwise)) 814 ms
[timing] (lib-load (liii unicode)) 7025 ms
[timing] (lib-load (scheme char)) 7743 ms
[timing] (lib-load (scheme complex)) 25 ms
[timing] (lib-load (scheme cxr)) 15 ms
[timing] (lib-load (scheme eval)) 198 ms
[timing] (lib-load (scheme case-lambda)) 52 ms
[timing] mode-imports 10280 ms
[timing] load-source-reader 9158 ms
[timing] load-native-writer 43 ms
[timing] boot total 33590 ms
[timing] install-fork-runner 0 ms
[timing] compile-cache-lookup 1 ms
[timing] compile-read-source 3 ms
[timing] compile-expand 175 ms
[timing] (lib-load (goldfish core ir)) 3184 ms
[timing] (lib-load (goldfish match expansion)) 7824 ms
[timing] (lib-load (goldfish match)) 11789 ms
[timing] (lib-load (goldfish compiler patterns)) 12778 ms
[timing] (lib-load (goldfish compiler passes)) 8193 ms
[timing] (lib-load (goldfish compiler)) 25995 ms
[timing] optimize-load-compiler 25996 ms
[timing] (lib-load (goldfish expander tree-il)) 3139 ms
[timing] optimize-load-tree-il 3139 ms
[timing] optimize-run-passes 657 ms
[timing] compile-optimize 29794 ms
[timing] compile-cache-write 454 ms
[timing] user-file 30442 ms
