[timing] install-primitives 0 ms
[timing] load-kernel 31 ms
[timing] load-cached-runtime 201 ms
[timing] load-install-scm 2105 ms
[timing] expansion-helpers 4 ms
[timing] native-scheme-surface 50 ms
[timing] standard-library 302 ms
[timing] post-standard-collection 3 ms
[timing] (lib-load (scheme write)) 6 ms
[timing] (lib-load (scheme read)) 6 ms
[timing] (lib-load (scheme file)) 8 ms
[timing] (lib-load (scheme process-context)) 7 ms
[timing] (lib-load (scheme time)) 9 ms
[timing] (lib-load (srfi srfi-2)) 13 ms
[timing] (lib-load (srfi srfi-8)) 11 ms
[timing] (lib-load (liii base)) 40 ms
[timing] (lib-load (srfi srfi-175)) 17 ms
[timing] (lib-load (liii ascii)) 41 ms
[timing] (lib-load (srfi srfi-151)) 34 ms
[timing] (lib-load (liii error)) 8 ms
[timing] (lib-load (liii bitwise)) 70 ms
[timing] (lib-load (liii unicode)) 246 ms
[timing] (lib-load (scheme char)) 282 ms
[timing] (lib-load (scheme complex)) 8 ms
[timing] (lib-load (scheme cxr)) 7 ms
[timing] (lib-load (scheme eval)) 9 ms
[timing] mode-imports 463 ms
[timing] load-source-reader 68 ms
[timing] load-native-writer 2 ms
[timing] boot total 3234 ms
[timing] install-fork-runner 0 ms
[timing] compile-cache-lookup 38 ms
[timing] compile-cache-hit 0 ms
[timing] user-file 52 ms
