[timing] install-primitives 0 ms
[timing] load-kernel 32 ms
[timing] load-cached-runtime 208 ms
[timing] load-install-scm 2055 ms
[timing] expansion-helpers 4 ms
[timing] native-scheme-surface 78 ms
[timing] standard-library 298 ms
[timing] post-standard-collection 3 ms
[timing] (lib-load (scheme write)) 6 ms
[timing] (lib-load (scheme read)) 5 ms
[timing] (lib-load (scheme file)) 7 ms
[timing] (lib-load (scheme process-context)) 7 ms
[timing] (lib-load (scheme time)) 12 ms
[timing] (lib-load (srfi srfi-2)) 13 ms
[timing] (lib-load (srfi srfi-8)) 12 ms
[timing] (lib-load (liii base)) 43 ms
[timing] (lib-load (srfi srfi-175)) 19 ms
[timing] (lib-load (liii ascii)) 43 ms
[timing] (lib-load (srfi srfi-151)) 33 ms
[timing] (lib-load (liii error)) 8 ms
[timing] (lib-load (liii bitwise)) 70 ms
[timing] (lib-load (liii unicode)) 250 ms
[timing] (lib-load (scheme char)) 288 ms
[timing] (lib-load (scheme complex)) 9 ms
[timing] (lib-load (scheme cxr)) 7 ms
[timing] (lib-load (scheme eval)) 9 ms
[timing] mode-imports 470 ms
[timing] load-source-reader 76 ms
[timing] load-native-writer 2 ms
[timing] boot total 3231 ms
[timing] install-fork-runner 0 ms
[timing] compile-cache-lookup 0 ms
[timing] compile-read-source 3 ms
[timing] compile-expand 186 ms
[timing] (lib-load (goldfish core ir)) 58 ms
[timing] (lib-load (goldfish match expansion)) 57 ms
[timing] (lib-load (goldfish match)) 124 ms
[timing] (lib-load (goldfish compiler patterns)) 171 ms
[timing] (lib-load (goldfish compiler passes)) 89 ms
[timing] (lib-load (goldfish compiler)) 954 ms
[timing] optimize-load-compiler 954 ms
[timing] (lib-load (goldfish expander tree-il)) 36 ms
[timing] optimize-load-tree-il 36 ms
[timing] optimize-run-passes 652 ms
[timing] compile-optimize 1644 ms
[timing] compile-cache-write 426 ms
[timing] user-file 2274 ms
