[timing] install-primitives 0 ms
[timing] load-kernel 31 ms
native cache unavailable: native bootstrap cache not found under bench/cold-start/phase1-6dd0760c/caches/cold-small-real-2/v7f04346063c4
[timing] load-cached-runtime 7 ms
[timing] cold-source-bootstrap 268 ms
[timing] load-install-scm 10115 ms
[timing] expansion-helpers 6 ms
[timing] native-scheme-surface 2781 ms
[timing] standard-library 835 ms
[timing] post-standard-collection 5 ms
[timing] (lib-load (scheme base)) 1928 ms
[timing] (lib-load (scheme write)) 9 ms
[timing] (lib-load (scheme read)) 8 ms
[timing] (lib-load (scheme file)) 14 ms
[timing] (lib-load (scheme process-context)) 17 ms
[timing] (lib-load (scheme time)) 34 ms
[timing] (lib-load (srfi srfi-2)) 167 ms
[timing] (lib-load (srfi srfi-8)) 63 ms
[timing] (lib-load (liii base)) 402 ms
[timing] (lib-load (srfi srfi-175)) 890 ms
[timing] (lib-load (liii ascii)) 978 ms
[timing] (lib-load (srfi srfi-151)) 658 ms
[timing] (lib-load (liii error)) 60 ms
[timing] (lib-load (liii bitwise)) 812 ms
[timing] (lib-load (liii unicode)) 7072 ms
[timing] (lib-load (scheme char)) 7790 ms
[timing] (lib-load (scheme complex)) 25 ms
[timing] (lib-load (scheme cxr)) 15 ms
[timing] (lib-load (scheme eval)) 195 ms
[timing] (lib-load (scheme case-lambda)) 53 ms
[timing] mode-imports 10331 ms
[timing] load-source-reader 9372 ms
[timing] load-native-writer 43 ms
[timing] boot total 33800 ms
[timing] install-fork-runner 0 ms
[timing] compile-cache-lookup 0 ms
[timing] compile-read-source 3 ms
[timing] compile-expand 174 ms
[timing] (lib-load (goldfish core ir)) 3244 ms
[timing] (lib-load (goldfish match expansion)) 7587 ms
[timing] (lib-load (goldfish match)) 11419 ms
[timing] (lib-load (goldfish compiler patterns)) 12409 ms
[timing] (lib-load (goldfish compiler passes)) 8065 ms
[timing] (lib-load (goldfish compiler)) 25540 ms
[timing] optimize-load-compiler 25540 ms
[timing] (lib-load (goldfish expander tree-il)) 3022 ms
[timing] optimize-load-tree-il 3023 ms
[timing] optimize-run-passes 661 ms
[timing] compile-optimize 29225 ms
[timing] compile-cache-write 447 ms
[timing] user-file 29865 ms
