[timing] install-primitives 0 ms
[timing] load-kernel 34 ms
native cache unavailable: native bootstrap cache not found under bench/cold-start/phase1-6dd0760c/caches/cold-small-real-1/v7f04346063c4
[timing] load-cached-runtime 8 ms
[timing] cold-source-bootstrap 271 ms
[timing] load-install-scm 10129 ms
[timing] expansion-helpers 6 ms
[timing] native-scheme-surface 2782 ms
[timing] standard-library 848 ms
[timing] post-standard-collection 4 ms
[timing] (lib-load (scheme base)) 1971 ms
[timing] (lib-load (scheme write)) 9 ms
[timing] (lib-load (scheme read)) 7 ms
[timing] (lib-load (scheme file)) 14 ms
[timing] (lib-load (scheme process-context)) 17 ms
[timing] (lib-load (scheme time)) 34 ms
[timing] (lib-load (srfi srfi-2)) 177 ms
[timing] (lib-load (srfi srfi-8)) 53 ms
[timing] (lib-load (liii base)) 410 ms
[timing] (lib-load (srfi srfi-175)) 917 ms
[timing] (lib-load (liii ascii)) 1001 ms
[timing] (lib-load (srfi srfi-151)) 660 ms
[timing] (lib-load (liii error)) 60 ms
[timing] (lib-load (liii bitwise)) 815 ms
[timing] (lib-load (liii unicode)) 7177 ms
[timing] (lib-load (scheme char)) 7902 ms
[timing] (lib-load (scheme complex)) 25 ms
[timing] (lib-load (scheme cxr)) 15 ms
[timing] (lib-load (scheme eval)) 197 ms
[timing] (lib-load (scheme case-lambda)) 55 ms
[timing] mode-imports 10490 ms
[timing] load-source-reader 9329 ms
[timing] load-native-writer 42 ms
[timing] boot total 33949 ms
[timing] install-fork-runner 0 ms
[timing] compile-cache-lookup 1 ms
[timing] compile-read-source 3 ms
[timing] compile-expand 176 ms
[timing] (lib-load (goldfish core ir)) 3191 ms
[timing] (lib-load (goldfish match expansion)) 7743 ms
[timing] (lib-load (goldfish match)) 11641 ms
[timing] (lib-load (goldfish compiler patterns)) 12609 ms
[timing] (lib-load (goldfish compiler passes)) 8116 ms
[timing] (lib-load (goldfish compiler)) 25757 ms
[timing] optimize-load-compiler 25757 ms
[timing] (lib-load (goldfish expander tree-il)) 3089 ms
[timing] optimize-load-tree-il 3090 ms
[timing] optimize-run-passes 670 ms
[timing] compile-optimize 29518 ms
[timing] compile-cache-write 446 ms
[timing] user-file 30159 ms
