[timing] install-primitives 0 ms
[timing] load-kernel 36 ms
[timing] load-cached-runtime 195 ms
[timing] load-install-scm 2060 ms
[timing] expansion-helpers 4 ms
[timing] native-scheme-surface 49 ms
[timing] standard-library 296 ms
[timing] post-standard-collection 3 ms
[timing] (lib-load (scheme write)) 6 ms
[timing] (lib-load (scheme read)) 5 ms
[timing] (lib-load (scheme file)) 6 ms
[timing] (lib-load (scheme process-context)) 6 ms
[timing] (lib-load (scheme time)) 9 ms
[timing] (lib-load (srfi srfi-2)) 14 ms
[timing] (lib-load (srfi srfi-8)) 8 ms
[timing] (lib-load (liii base)) 37 ms
[timing] (lib-load (srfi srfi-175)) 17 ms
[timing] (lib-load (liii ascii)) 41 ms
[timing] (lib-load (srfi srfi-151)) 32 ms
[timing] (lib-load (liii error)) 8 ms
[timing] (lib-load (liii bitwise)) 72 ms
[timing] (lib-load (liii unicode)) 247 ms
[timing] (lib-load (scheme char)) 282 ms
[timing] (lib-load (scheme complex)) 9 ms
[timing] (lib-load (scheme cxr)) 8 ms
[timing] (lib-load (scheme eval)) 10 ms
[timing] mode-imports 457 ms
[timing] load-source-reader 69 ms
[timing] load-native-writer 2 ms
[timing] boot total 3175 ms
[timing] install-fork-runner 0 ms
[timing] compile-cache-lookup 38 ms
[timing] compile-cache-hit 0 ms
[timing] user-file 52 ms
