[timing] install-primitives 0 ms
[timing] load-kernel 35 ms
[timing] load-cached-runtime 200 ms
[timing] load-install-scm 2033 ms
[timing] expansion-helpers 4 ms
[timing] native-scheme-surface 49 ms
[timing] standard-library 299 ms
[timing] post-standard-collection 3 ms
[timing] (lib-load (scheme write)) 6 ms
[timing] (lib-load (scheme read)) 6 ms
[timing] (lib-load (scheme file)) 7 ms
[timing] (lib-load (scheme process-context)) 7 ms
[timing] (lib-load (scheme time)) 9 ms
[timing] (lib-load (srfi srfi-2)) 14 ms
[timing] (lib-load (srfi srfi-8)) 12 ms
[timing] (lib-load (liii base)) 42 ms
[timing] (lib-load (srfi srfi-175)) 18 ms
[timing] (lib-load (liii ascii)) 44 ms
[timing] (lib-load (srfi srfi-151)) 33 ms
[timing] (lib-load (liii error)) 9 ms
[timing] (lib-load (liii bitwise)) 71 ms
[timing] (lib-load (liii unicode)) 251 ms
[timing] (lib-load (scheme char)) 292 ms
[timing] (lib-load (scheme complex)) 9 ms
[timing] (lib-load (scheme cxr)) 7 ms
[timing] (lib-load (scheme eval)) 9 ms
[timing] mode-imports 471 ms
[timing] load-source-reader 69 ms
[timing] load-native-writer 2 ms
[timing] boot total 3171 ms
[timing] install-fork-runner 0 ms
[timing] compile-cache-lookup 234 ms
[timing] compile-cache-hit 0 ms
[timing] user-file 1771 ms
