[timing] install-primitives 0 ms
[timing] load-kernel 35 ms
[timing] load-cached-runtime 201 ms
[timing] load-install-scm 2100 ms
[timing] expansion-helpers 4 ms
[timing] native-scheme-surface 56 ms
[timing] standard-library 297 ms
[timing] post-standard-collection 2 ms
[timing] (lib-load (scheme write)) 6 ms
[timing] (lib-load (scheme read)) 5 ms
[timing] (lib-load (scheme file)) 7 ms
[timing] (lib-load (scheme process-context)) 6 ms
[timing] (lib-load (scheme time)) 8 ms
[timing] (lib-load (srfi srfi-2)) 13 ms
[timing] (lib-load (srfi srfi-8)) 10 ms
[timing] (lib-load (liii base)) 38 ms
[timing] (lib-load (srfi srfi-175)) 18 ms
[timing] (lib-load (liii ascii)) 43 ms
[timing] (lib-load (srfi srfi-151)) 38 ms
[timing] (lib-load (liii error)) 8 ms
[timing] (lib-load (liii bitwise)) 74 ms
[timing] (lib-load (liii unicode)) 251 ms
[timing] (lib-load (scheme char)) 284 ms
[timing] (lib-load (scheme complex)) 8 ms
[timing] (lib-load (scheme cxr)) 7 ms
[timing] (lib-load (scheme eval)) 10 ms
[timing] mode-imports 461 ms
[timing] load-source-reader 64 ms
[timing] load-native-writer 2 ms
[timing] boot total 3226 ms
[timing] install-fork-runner 0 ms
[timing] compile-cache-lookup 1 ms
[timing] compile-cache-hit 0 ms
[timing] user-file 1 ms
