[timing] install-primitives 0 ms
[timing] load-kernel 29 ms
[timing] load-cached-runtime 191 ms
[timing] gfo-seed 18 ms
[timing] load-install-scm 13 ms
[timing] load-install-boot 99 ms
[timing] expansion-helpers 3 ms
[timing] native-scheme-surface 57 ms
[timing] standard-library 280 ms
[timing] post-standard-collection 3 ms
[timing] (lib-load (scheme write)) 3 ms
[timing] (lib-load (scheme read)) 5 ms
[timing] (lib-load (scheme file)) 4 ms
[timing] (lib-load (scheme process-context)) 4 ms
[timing] (lib-load (scheme time)) 9 ms
[timing] (lib-load (srfi srfi-2)) 10 ms
[timing] (lib-load (srfi srfi-8)) 3 ms
[timing] (lib-load (liii base)) 24 ms
[timing] (lib-load (srfi srfi-175)) 20 ms
[timing] (lib-load (liii ascii)) 41 ms
[timing] (lib-load (srfi srfi-151)) 23 ms
[timing] (lib-load (liii error)) 8 ms
[timing] (lib-load (liii bitwise)) 53 ms
[timing] (lib-load (liii unicode)) 211 ms
[timing] (lib-load (scheme char)) 239 ms
[timing] (lib-load (scheme complex)) 4 ms
[timing] (lib-load (scheme cxr)) 3 ms
[timing] (lib-load (scheme eval)) 5 ms
[timing] mode-imports 386 ms
[timing] load-source-reader 76 ms
[timing] load-native-writer 1 ms
[timing] boot total 1161 ms
[timing] install-fork-runner 0 ms
[timing] compile-cache-lookup 1 ms
[timing] compile-read-source 146 ms
[timing] compile-expand 1879 ms
[timing] (lib-load (goldfish core ir)) 60 ms
[timing] (lib-load (goldfish match expansion)) 60 ms
[timing] (lib-load (goldfish match)) 116 ms
[timing] (lib-load (goldfish compiler patterns)) 149 ms
[timing] (lib-load (goldfish compiler passes)) 92 ms
[timing] (lib-load (goldfish compiler)) 872 ms
[timing] optimize-load-compiler 872 ms
[timing] (lib-load (goldfish expander tree-il)) 31 ms
[timing] optimize-load-tree-il 31 ms
[timing] optimize-run-passes 2676 ms
[timing] compile-optimize 3581 ms
[timing] compile-cache-write 517 ms
[timing] user-file 6374 ms
