[timing] install-primitives 0 ms
[timing] load-kernel 31 ms
native cache unavailable: native bootstrap cache not found under /tmp/bench-final/caches/cold-large-scheme-2/v9147a5b88ea6
[timing] load-cached-runtime 7 ms
[timing] cold-source-bootstrap 236 ms
[timing] gfo-seed 424 ms
[timing] load-install-scm 1530 ms
[timing] load-install-boot 8848 ms
[timing] expansion-helpers 6 ms
[timing] native-scheme-surface 1880 ms
[timing] standard-library 542 ms
[timing] post-standard-collection 5 ms
[timing] (lib-load (scheme base)) 1301 ms
[timing] (lib-load (scheme write)) 5 ms
[timing] (lib-load (scheme read)) 4 ms
[timing] (lib-load (scheme file)) 10 ms
[timing] (lib-load (scheme process-context)) 11 ms
[timing] (lib-load (scheme time)) 31 ms
[timing] (lib-load (srfi srfi-2)) 124 ms
[timing] (lib-load (srfi srfi-8)) 36 ms
[timing] (lib-load (liii base)) 304 ms
[timing] (lib-load (srfi srfi-175)) 554 ms
[timing] (lib-load (liii ascii)) 626 ms
[timing] (lib-load (srfi srfi-151)) 404 ms
[timing] (lib-load (liii error)) 43 ms
[timing] (lib-load (liii bitwise)) 529 ms
[timing] (lib-load (liii unicode)) 4456 ms
[timing] (lib-load (scheme char)) 4973 ms
[timing] (lib-load (scheme complex)) 25 ms
[timing] (lib-load (scheme cxr)) 9 ms
[timing] (lib-load (scheme eval)) 130 ms
[timing] (lib-load (scheme case-lambda)) 38 ms
[timing] mode-imports 6760 ms
[timing] load-source-reader 4217 ms
[timing] load-native-writer 34 ms
[timing] boot total 24527 ms
[timing] install-fork-runner 0 ms
[timing] compile-cache-lookup 0 ms
[timing] compile-read-source 142 ms
[timing] compile-expand 1788 ms
[timing] (lib-load (goldfish core ir)) 1792 ms
[timing] (lib-load (goldfish match expansion)) 5045 ms
[timing] (lib-load (goldfish match)) 7635 ms
[timing] (lib-load (goldfish compiler patterns)) 8506 ms
[timing] (lib-load (goldfish compiler passes)) 4817 ms
[timing] (lib-load (goldfish compiler)) 16702 ms
[timing] optimize-load-compiler 16702 ms
[timing] (lib-load (goldfish expander tree-il)) 2326 ms
[timing] optimize-load-tree-il 2327 ms
[timing] optimize-run-passes 2625 ms
[timing] compile-optimize 21656 ms
[timing] compile-cache-write 1025 ms
[timing] user-file 24853 ms
