[timing] install-primitives 0 ms
[timing] load-kernel 33 ms
[timing] load-cached-runtime 189 ms
[timing] gfo-seed 12 ms
[timing] load-install-scm 14 ms
[timing] load-install-boot 103 ms
[timing] expansion-helpers 3 ms
[timing] native-scheme-surface 50 ms
[timing] standard-library 269 ms
[timing] post-standard-collection 2 ms
[timing] (lib-load (scheme write)) 2 ms
[timing] (lib-load (scheme read)) 4 ms
[timing] (lib-load (scheme file)) 3 ms
[timing] (lib-load (scheme process-context)) 3 ms
[timing] (lib-load (scheme time)) 4 ms
[timing] (lib-load (srfi srfi-2)) 10 ms
[timing] (lib-load (srfi srfi-8)) 4 ms
[timing] (lib-load (liii base)) 25 ms
[timing] (lib-load (srfi srfi-175)) 18 ms
[timing] (lib-load (liii ascii)) 37 ms
[timing] (lib-load (srfi srfi-151)) 24 ms
[timing] (lib-load (liii error)) 7 ms
[timing] (lib-load (liii bitwise)) 54 ms
[timing] (lib-load (liii unicode)) 208 ms
[timing] (lib-load (scheme char)) 234 ms
[timing] (lib-load (scheme complex)) 4 ms
[timing] (lib-load (scheme cxr)) 3 ms
[timing] (lib-load (scheme eval)) 5 ms
[timing] mode-imports 367 ms
[timing] load-source-reader 69 ms
[timing] load-native-writer 1 ms
[timing] boot total 1118 ms
[timing] install-fork-runner 0 ms
[timing] compile-cache-lookup 1 ms
[timing] compile-read-source 146 ms
[timing] compile-expand 1849 ms
[timing] (lib-load (goldfish core ir)) 57 ms
[timing] (lib-load (goldfish match expansion)) 59 ms
[timing] (lib-load (goldfish match)) 114 ms
[timing] (lib-load (goldfish compiler patterns)) 146 ms
[timing] (lib-load (goldfish compiler passes)) 86 ms
[timing] (lib-load (goldfish compiler)) 849 ms
[timing] optimize-load-compiler 849 ms
[timing] (lib-load (goldfish expander tree-il)) 24 ms
[timing] optimize-load-tree-il 24 ms
[timing] optimize-run-passes 2655 ms
[timing] compile-optimize 3530 ms
[timing] compile-cache-write 1013 ms
[timing] user-file 6793 ms
