[timing] install-primitives 0 ms
[timing] load-kernel 29 ms
[timing] load-cached-runtime 189 ms
[timing] gfo-seed 12 ms
[timing] load-install-scm 13 ms
[timing] load-install-boot 102 ms
[timing] expansion-helpers 3 ms
[timing] native-scheme-surface 47 ms
[timing] standard-library 272 ms
[timing] post-standard-collection 2 ms
[timing] (lib-load (scheme write)) 2 ms
[timing] (lib-load (scheme read)) 5 ms
[timing] (lib-load (scheme file)) 3 ms
[timing] (lib-load (scheme process-context)) 3 ms
[timing] (lib-load (scheme time)) 5 ms
[timing] (lib-load (srfi srfi-2)) 9 ms
[timing] (lib-load (srfi srfi-8)) 3 ms
[timing] (lib-load (liii base)) 23 ms
[timing] (lib-load (srfi srfi-175)) 19 ms
[timing] (lib-load (liii ascii)) 39 ms
[timing] (lib-load (srfi srfi-151)) 24 ms
[timing] (lib-load (liii error)) 8 ms
[timing] (lib-load (liii bitwise)) 55 ms
[timing] (lib-load (liii unicode)) 204 ms
[timing] (lib-load (scheme char)) 231 ms
[timing] (lib-load (scheme complex)) 4 ms
[timing] (lib-load (scheme cxr)) 3 ms
[timing] (lib-load (scheme eval)) 4 ms
[timing] mode-imports 365 ms
[timing] load-source-reader 72 ms
[timing] load-native-writer 1 ms
[timing] boot total 1113 ms
[timing] install-fork-runner 0 ms
[timing] compile-cache-lookup 0 ms
[timing] compile-read-source 137 ms
[timing] compile-expand 1778 ms
[timing] (lib-load (goldfish core ir)) 56 ms
[timing] (lib-load (goldfish match expansion)) 53 ms
[timing] (lib-load (goldfish match)) 118 ms
[timing] (lib-load (goldfish compiler patterns)) 150 ms
[timing] (lib-load (goldfish compiler passes)) 77 ms
[timing] (lib-load (goldfish compiler)) 799 ms
[timing] optimize-load-compiler 799 ms
[timing] (lib-load (goldfish expander tree-il)) 34 ms
[timing] optimize-load-tree-il 34 ms
[timing] optimize-run-passes 2596 ms
[timing] compile-optimize 3431 ms
[timing] compile-cache-write 1022 ms
[timing] user-file 6606 ms
