[timing] install-primitives 0 ms
[timing] load-kernel 31 ms
[timing] load-cached-runtime 200 ms
[timing] gfo-seed 18 ms
[timing] load-install-scm 14 ms
[timing] load-install-boot 104 ms
[timing] expansion-helpers 3 ms
[timing] native-scheme-surface 50 ms
[timing] standard-library 285 ms
[timing] post-standard-collection 2 ms
[timing] (lib-load (scheme write)) 3 ms
[timing] (lib-load (scheme read)) 4 ms
[timing] (lib-load (scheme file)) 3 ms
[timing] (lib-load (scheme process-context)) 3 ms
[timing] (lib-load (scheme time)) 9 ms
[timing] (lib-load (srfi srfi-2)) 10 ms
[timing] (lib-load (srfi srfi-8)) 4 ms
[timing] (lib-load (liii base)) 25 ms
[timing] (lib-load (srfi srfi-175)) 18 ms
[timing] (lib-load (liii ascii)) 38 ms
[timing] (lib-load (srfi srfi-151)) 25 ms
[timing] (lib-load (liii error)) 8 ms
[timing] (lib-load (liii bitwise)) 55 ms
[timing] (lib-load (liii unicode)) 209 ms
[timing] (lib-load (scheme char)) 237 ms
[timing] (lib-load (scheme complex)) 4 ms
[timing] (lib-load (scheme cxr)) 3 ms
[timing] (lib-load (scheme eval)) 4 ms
[timing] mode-imports 373 ms
[timing] load-source-reader 72 ms
[timing] load-native-writer 1 ms
[timing] boot total 1160 ms
[timing] install-fork-runner 0 ms
[timing] compile-cache-lookup 4 ms
[timing] compile-read-source 154 ms
[timing] compile-expand 1912 ms
[timing] (lib-load (goldfish core ir)) 60 ms
[timing] (lib-load (goldfish match expansion)) 61 ms
[timing] (lib-load (goldfish match)) 118 ms
[timing] (lib-load (goldfish compiler patterns)) 152 ms
[timing] (lib-load (goldfish compiler passes)) 95 ms
[timing] (lib-load (goldfish compiler)) 883 ms
[timing] optimize-load-compiler 883 ms
[timing] (lib-load (goldfish expander tree-il)) 30 ms
[timing] optimize-load-tree-il 31 ms
[timing] optimize-run-passes 2729 ms
[timing] compile-optimize 3644 ms
[timing] compile-cache-write 509 ms
[timing] user-file 6476 ms
