[timing] install-primitives 0 ms
[timing] load-kernel 31 ms
[timing] load-cached-runtime 191 ms
[timing] gfo-seed 16 ms
[timing] load-install-scm 15 ms
[timing] load-install-boot 104 ms
[timing] expansion-helpers 3 ms
[timing] native-scheme-surface 58 ms
[timing] standard-library 271 ms
[timing] post-standard-collection 2 ms
[timing] (lib-load (scheme write)) 3 ms
[timing] (lib-load (scheme read)) 5 ms
[timing] (lib-load (scheme file)) 4 ms
[timing] (lib-load (scheme process-context)) 3 ms
[timing] (lib-load (scheme time)) 9 ms
[timing] (lib-load (srfi srfi-2)) 11 ms
[timing] (lib-load (srfi srfi-8)) 4 ms
[timing] (lib-load (liii base)) 25 ms
[timing] (lib-load (srfi srfi-175)) 18 ms
[timing] (lib-load (liii ascii)) 37 ms
[timing] (lib-load (srfi srfi-151)) 26 ms
[timing] (lib-load (liii error)) 8 ms
[timing] (lib-load (liii bitwise)) 58 ms
[timing] (lib-load (liii unicode)) 209 ms
[timing] (lib-load (scheme char)) 237 ms
[timing] (lib-load (scheme complex)) 4 ms
[timing] (lib-load (scheme cxr)) 4 ms
[timing] (lib-load (scheme eval)) 5 ms
[timing] mode-imports 373 ms
[timing] load-source-reader 73 ms
[timing] load-native-writer 1 ms
[timing] boot total 1144 ms
[timing] install-fork-runner 0 ms
[timing] compile-cache-lookup 0 ms
[timing] compile-read-source 145 ms
[timing] compile-expand 1836 ms
[timing] (lib-load (goldfish core ir)) 62 ms
[timing] (lib-load (goldfish match expansion)) 64 ms
[timing] (lib-load (goldfish match)) 121 ms
[timing] (lib-load (goldfish compiler patterns)) 182 ms
[timing] (lib-load (goldfish compiler passes)) 94 ms
[timing] (lib-load (goldfish compiler)) 903 ms
[timing] optimize-load-compiler 904 ms
[timing] (lib-load (goldfish expander tree-il)) 29 ms
[timing] optimize-load-tree-il 29 ms
[timing] optimize-run-passes 2673 ms
[timing] compile-optimize 3607 ms
[timing] compile-cache-write 512 ms
[timing] user-file 6352 ms
