[timing] install-primitives 0 ms
[timing] load-kernel 30 ms
native cache unavailable: native bootstrap cache not found under /tmp/bench-final/caches/cold-large-scheme-1/v9147a5b88ea6
[timing] load-cached-runtime 7 ms
[timing] cold-source-bootstrap 255 ms
[timing] gfo-seed 441 ms
[timing] load-install-scm 1561 ms
[timing] load-install-boot 8865 ms
[timing] expansion-helpers 6 ms
[timing] native-scheme-surface 1849 ms
[timing] standard-library 548 ms
[timing] post-standard-collection 5 ms
[timing] (lib-load (scheme base)) 1292 ms
[timing] (lib-load (scheme write)) 5 ms
[timing] (lib-load (scheme read)) 3 ms
[timing] (lib-load (scheme file)) 9 ms
[timing] (lib-load (scheme process-context)) 11 ms
[timing] (lib-load (scheme time)) 31 ms
[timing] (lib-load (srfi srfi-2)) 129 ms
[timing] (lib-load (srfi srfi-8)) 36 ms
[timing] (lib-load (liii base)) 312 ms
[timing] (lib-load (srfi srfi-175)) 547 ms
[timing] (lib-load (liii ascii)) 619 ms
[timing] (lib-load (srfi srfi-151)) 396 ms
[timing] (lib-load (liii error)) 43 ms
[timing] (lib-load (liii bitwise)) 520 ms
[timing] (lib-load (liii unicode)) 4467 ms
[timing] (lib-load (scheme char)) 4986 ms
[timing] (lib-load (scheme complex)) 27 ms
[timing] (lib-load (scheme cxr)) 10 ms
[timing] (lib-load (scheme eval)) 132 ms
[timing] (lib-load (scheme case-lambda)) 39 ms
[timing] mode-imports 6766 ms
[timing] load-source-reader 4164 ms
[timing] load-native-writer 34 ms
[timing] boot total 24536 ms
[timing] install-fork-runner 0 ms
[timing] compile-cache-lookup 1 ms
[timing] compile-read-source 142 ms
[timing] compile-expand 1820 ms
[timing] (lib-load (goldfish core ir)) 1826 ms
[timing] (lib-load (goldfish match expansion)) 5242 ms
[timing] (lib-load (goldfish match)) 7881 ms
[timing] (lib-load (goldfish compiler patterns)) 8760 ms
[timing] (lib-load (goldfish compiler passes)) 4844 ms
[timing] (lib-load (goldfish compiler)) 17017 ms
[timing] optimize-load-compiler 17017 ms
[timing] (lib-load (goldfish expander tree-il)) 2354 ms
[timing] optimize-load-tree-il 2354 ms
[timing] optimize-run-passes 2621 ms
[timing] compile-optimize 21993 ms
[timing] compile-cache-write 1031 ms
[timing] user-file 25233 ms
