[timing] install-primitives 0 ms
[timing] load-kernel 30 ms
native cache unavailable: native bootstrap cache not found under /tmp/bench-final/caches/cold-large-scheme-3/v9147a5b88ea6
[timing] load-cached-runtime 7 ms
[timing] cold-source-bootstrap 242 ms
[timing] gfo-seed 429 ms
[timing] load-install-scm 1561 ms
[timing] load-install-boot 8678 ms
[timing] expansion-helpers 5 ms
[timing] native-scheme-surface 1802 ms
[timing] standard-library 526 ms
[timing] post-standard-collection 4 ms
[timing] (lib-load (scheme base)) 1311 ms
[timing] (lib-load (scheme write)) 5 ms
[timing] (lib-load (scheme read)) 4 ms
[timing] (lib-load (scheme file)) 10 ms
[timing] (lib-load (scheme process-context)) 12 ms
[timing] (lib-load (scheme time)) 34 ms
[timing] (lib-load (srfi srfi-2)) 132 ms
[timing] (lib-load (srfi srfi-8)) 38 ms
[timing] (lib-load (liii base)) 324 ms
[timing] (lib-load (srfi srfi-175)) 582 ms
[timing] (lib-load (liii ascii)) 658 ms
[timing] (lib-load (srfi srfi-151)) 422 ms
[timing] (lib-load (liii error)) 48 ms
[timing] (lib-load (liii bitwise)) 557 ms
[timing] (lib-load (liii unicode)) 4638 ms
[timing] (lib-load (scheme char)) 5166 ms
[timing] (lib-load (scheme complex)) 27 ms
[timing] (lib-load (scheme cxr)) 10 ms
[timing] (lib-load (scheme eval)) 134 ms
[timing] (lib-load (scheme case-lambda)) 39 ms
[timing] mode-imports 6977 ms
[timing] load-source-reader 4150 ms
[timing] load-native-writer 34 ms
[timing] boot total 24451 ms
[timing] install-fork-runner 0 ms
[timing] compile-cache-lookup 1 ms
[timing] compile-read-source 140 ms
[timing] compile-expand 1876 ms
[timing] (lib-load (goldfish core ir)) 1851 ms
[timing] (lib-load (goldfish match expansion)) 5201 ms
[timing] (lib-load (goldfish match)) 7790 ms
[timing] (lib-load (goldfish compiler patterns)) 8661 ms
[timing] (lib-load (goldfish compiler passes)) 4804 ms
[timing] (lib-load (goldfish compiler)) 16907 ms
[timing] optimize-load-compiler 16907 ms
[timing] (lib-load (goldfish expander tree-il)) 2291 ms
[timing] optimize-load-tree-il 2291 ms
[timing] optimize-run-passes 2578 ms
[timing] compile-optimize 21776 ms
[timing] compile-cache-write 1037 ms
[timing] user-file 25072 ms
