[timing] install-primitives 0 ms
[timing] load-kernel 33 ms
[timing] load-cached-runtime 187 ms
[timing] gfo-seed 13 ms
[timing] load-install-scm 15 ms
[timing] load-install-boot 113 ms
[timing] expansion-helpers 3 ms
[timing] native-scheme-surface 53 ms
[timing] standard-library 281 ms
[timing] post-standard-collection 2 ms
[timing] (lib-load (scheme write)) 2 ms
[timing] (lib-load (scheme read)) 4 ms
[timing] (lib-load (scheme file)) 4 ms
[timing] (lib-load (scheme process-context)) 3 ms
[timing] (lib-load (scheme time)) 5 ms
[timing] (lib-load (srfi srfi-2)) 10 ms
[timing] (lib-load (srfi srfi-8)) 4 ms
[timing] (lib-load (liii base)) 25 ms
[timing] (lib-load (srfi srfi-175)) 18 ms
[timing] (lib-load (liii ascii)) 37 ms
[timing] (lib-load (srfi srfi-151)) 25 ms
[timing] (lib-load (liii error)) 8 ms
[timing] (lib-load (liii bitwise)) 56 ms
[timing] (lib-load (liii unicode)) 209 ms
[timing] (lib-load (scheme char)) 236 ms
[timing] (lib-load (scheme complex)) 4 ms
[timing] (lib-load (scheme cxr)) 3 ms
[timing] (lib-load (scheme eval)) 5 ms
[timing] mode-imports 372 ms
[timing] load-source-reader 70 ms
[timing] load-native-writer 1 ms
[timing] boot total 1149 ms
[timing] install-fork-runner 0 ms
[timing] compile-cache-lookup 232 ms
[timing] compile-cache-hit 0 ms
[timing] user-file 494 ms
