[timing] install-primitives 0 ms
[timing] load-kernel 33 ms
native cache unavailable: native bootstrap cache not found under /tmp/bench-final/caches/cold-minimal-1/v9147a5b88ea6
[timing] load-cached-runtime 8 ms
[timing] cold-source-bootstrap 257 ms
[timing] gfo-seed 452 ms
[timing] load-install-scm 1645 ms
[timing] load-install-boot 9485 ms
[timing] expansion-helpers 7 ms
[timing] native-scheme-surface 2061 ms
[timing] standard-library 590 ms
[timing] post-standard-collection 5 ms
[timing] (lib-load (scheme base)) 1423 ms
[timing] (lib-load (scheme write)) 6 ms
[timing] (lib-load (scheme read)) 4 ms
[timing] (lib-load (scheme file)) 11 ms
[timing] (lib-load (scheme process-context)) 20 ms
[timing] (lib-load (scheme time)) 26 ms
[timing] (lib-load (srfi srfi-2)) 130 ms
[timing] (lib-load (srfi srfi-8)) 40 ms
[timing] (lib-load (liii base)) 333 ms
[timing] (lib-load (srfi srfi-175)) 595 ms
[timing] (lib-load (liii ascii)) 672 ms
[timing] (lib-load (srfi srfi-151)) 429 ms
[timing] (lib-load (liii error)) 46 ms
[timing] (lib-load (liii bitwise)) 573 ms
[timing] (lib-load (liii unicode)) 4900 ms
[timing] (lib-load (scheme char)) 5464 ms
[timing] (lib-load (scheme complex)) 20 ms
[timing] (lib-load (scheme cxr)) 11 ms
[timing] (lib-load (scheme eval)) 140 ms
[timing] (lib-load (scheme case-lambda)) 42 ms
[timing] mode-imports 7402 ms
[timing] load-source-reader 4376 ms
[timing] load-native-writer 34 ms
[timing] boot total 26361 ms
[timing] install-fork-runner 0 ms
[timing] compile-cache-lookup 1 ms
[timing] compile-read-source 0 ms
[timing] compile-expand 2 ms
[timing] (lib-load (goldfish core ir)) 1786 ms
[timing] (lib-load (goldfish match expansion)) 5150 ms
[timing] (lib-load (goldfish match)) 7690 ms
[timing] (lib-load (goldfish compiler patterns)) 8538 ms
[timing] (lib-load (goldfish compiler passes)) 4656 ms
[timing] (lib-load (goldfish compiler)) 16533 ms
[timing] optimize-load-compiler 16533 ms
[timing] (lib-load (goldfish expander tree-il)) 2324 ms
[timing] optimize-load-tree-il 2324 ms
[timing] optimize-run-passes 1 ms
[timing] compile-optimize 18859 ms
[timing] compile-cache-write 2 ms
[timing] user-file 18864 ms
