[timing] install-primitives 0 ms
[timing] load-kernel 31 ms
[timing] load-cached-runtime 199 ms
[timing] gfo-seed 18 ms
[timing] load-install-scm 14 ms
[timing] load-install-boot 105 ms
[timing] expansion-helpers 3 ms
[timing] native-scheme-surface 57 ms
[timing] standard-library 276 ms
[timing] post-standard-collection 2 ms
[timing] (lib-load (scheme write)) 2 ms
[timing] (lib-load (scheme read)) 4 ms
[timing] (lib-load (scheme file)) 4 ms
[timing] (lib-load (scheme process-context)) 3 ms
[timing] (lib-load (scheme time)) 10 ms
[timing] (lib-load (srfi srfi-2)) 10 ms
[timing] (lib-load (srfi srfi-8)) 3 ms
[timing] (lib-load (liii base)) 27 ms
[timing] (lib-load (srfi srfi-175)) 19 ms
[timing] (lib-load (liii ascii)) 40 ms
[timing] (lib-load (srfi srfi-151)) 25 ms
[timing] (lib-load (liii error)) 9 ms
[timing] (lib-load (liii bitwise)) 59 ms
[timing] (lib-load (liii unicode)) 219 ms
[timing] (lib-load (scheme char)) 246 ms
[timing] (lib-load (scheme complex)) 4 ms
[timing] (lib-load (scheme cxr)) 4 ms
[timing] (lib-load (scheme eval)) 5 ms
[timing] mode-imports 387 ms
[timing] load-source-reader 75 ms
[timing] load-native-writer 1 ms
[timing] boot total 1175 ms
[timing] install-fork-runner 0 ms
[timing] compile-cache-lookup 0 ms
[timing] compile-read-source 0 ms
[timing] compile-expand 2 ms
[timing] (lib-load (goldfish core ir)) 52 ms
[timing] (lib-load (goldfish match expansion)) 52 ms
[timing] (lib-load (goldfish match)) 113 ms
[timing] (lib-load (goldfish compiler patterns)) 151 ms
[timing] (lib-load (goldfish compiler passes)) 89 ms
[timing] (lib-load (goldfish compiler)) 856 ms
[timing] optimize-load-compiler 857 ms
[timing] (lib-load (goldfish expander tree-il)) 30 ms
[timing] optimize-load-tree-il 30 ms
[timing] optimize-run-passes 1 ms
[timing] compile-optimize 889 ms
[timing] compile-cache-write 0 ms
[timing] user-file 891 ms
