[timing] install-primitives 0 ms
[timing] load-kernel 32 ms
[timing] load-cached-runtime 196 ms
[timing] gfo-seed 18 ms
[timing] load-install-scm 15 ms
[timing] load-install-boot 106 ms
[timing] expansion-helpers 3 ms
[timing] native-scheme-surface 59 ms
[timing] standard-library 277 ms
[timing] post-standard-collection 2 ms
[timing] (lib-load (scheme write)) 2 ms
[timing] (lib-load (scheme read)) 2 ms
[timing] (lib-load (scheme file)) 3 ms
[timing] (lib-load (scheme process-context)) 6 ms
[timing] (lib-load (scheme time)) 5 ms
[timing] (lib-load (srfi srfi-2)) 10 ms
[timing] (lib-load (srfi srfi-8)) 7 ms
[timing] (lib-load (liii base)) 28 ms
[timing] (lib-load (srfi srfi-175)) 14 ms
[timing] (lib-load (liii ascii)) 37 ms
[timing] (lib-load (srfi srfi-151)) 25 ms
[timing] (lib-load (liii error)) 9 ms
[timing] (lib-load (liii bitwise)) 57 ms
[timing] (lib-load (liii unicode)) 212 ms
[timing] (lib-load (scheme char)) 240 ms
[timing] (lib-load (scheme complex)) 7 ms
[timing] (lib-load (scheme cxr)) 4 ms
[timing] (lib-load (scheme eval)) 5 ms
[timing] mode-imports 378 ms
[timing] load-source-reader 78 ms
[timing] load-native-writer 1 ms
[timing] boot total 1171 ms
[timing] install-fork-runner 0 ms
[timing] compile-cache-lookup 1 ms
[timing] compile-read-source 0 ms
[timing] compile-expand 2 ms
[timing] (lib-load (goldfish core ir)) 61 ms
[timing] (lib-load (goldfish match expansion)) 53 ms
[timing] (lib-load (goldfish match)) 121 ms
[timing] (lib-load (goldfish compiler patterns)) 153 ms
[timing] (lib-load (goldfish compiler passes)) 86 ms
[timing] (lib-load (goldfish compiler)) 842 ms
[timing] optimize-load-compiler 842 ms
[timing] (lib-load (goldfish expander tree-il)) 25 ms
[timing] optimize-load-tree-il 26 ms
[timing] optimize-run-passes 1 ms
[timing] compile-optimize 869 ms
[timing] compile-cache-write 0 ms
[timing] user-file 872 ms
