[timing] install-primitives 0 ms
[timing] load-kernel 31 ms
[timing] load-cached-runtime 215 ms
[timing] gfo-seed 13 ms
[timing] load-install-scm 17 ms
[timing] load-install-boot 104 ms
[timing] expansion-helpers 3 ms
[timing] native-scheme-surface 58 ms
[timing] standard-library 275 ms
[timing] post-standard-collection 3 ms
[timing] (lib-load (scheme write)) 2 ms
[timing] (lib-load (scheme read)) 2 ms
[timing] (lib-load (scheme file)) 4 ms
[timing] (lib-load (scheme process-context)) 6 ms
[timing] (lib-load (scheme time)) 6 ms
[timing] (lib-load (srfi srfi-2)) 10 ms
[timing] (lib-load (srfi srfi-8)) 7 ms
[timing] (lib-load (liii base)) 28 ms
[timing] (lib-load (srfi srfi-175)) 14 ms
[timing] (lib-load (liii ascii)) 37 ms
[timing] (lib-load (srfi srfi-151)) 25 ms
[timing] (lib-load (liii error)) 8 ms
[timing] (lib-load (liii bitwise)) 56 ms
[timing] (lib-load (liii unicode)) 208 ms
[timing] (lib-load (scheme char)) 235 ms
[timing] (lib-load (scheme complex)) 7 ms
[timing] (lib-load (scheme cxr)) 3 ms
[timing] (lib-load (scheme eval)) 4 ms
[timing] mode-imports 373 ms
[timing] load-source-reader 157 ms
[timing] load-native-writer 1 ms
[timing] boot total 1255 ms
[timing] install-fork-runner 0 ms
[timing] compile-cache-lookup 1 ms
[timing] compile-read-source 0 ms
[timing] compile-expand 2 ms
[timing] (lib-load (goldfish core ir)) 54 ms
[timing] (lib-load (goldfish match expansion)) 54 ms
[timing] (lib-load (goldfish match)) 116 ms
[timing] (lib-load (goldfish compiler patterns)) 153 ms
[timing] (lib-load (goldfish compiler passes)) 86 ms
[timing] (lib-load (goldfish compiler)) 844 ms
[timing] optimize-load-compiler 844 ms
[timing] (lib-load (goldfish expander tree-il)) 30 ms
[timing] optimize-load-tree-il 31 ms
[timing] optimize-run-passes 1 ms
[timing] compile-optimize 876 ms
[timing] compile-cache-write 1 ms
[timing] user-file 879 ms
