[timing] install-primitives 0 ms
[timing] load-kernel 29 ms
[timing] load-cached-runtime 183 ms
[timing] gfo-seed 13 ms
[timing] load-install-scm 13 ms
[timing] load-install-boot 100 ms
[timing] expansion-helpers 3 ms
[timing] native-scheme-surface 50 ms
[timing] standard-library 272 ms
[timing] post-standard-collection 2 ms
[timing] (lib-load (scheme write)) 2 ms
[timing] (lib-load (scheme read)) 4 ms
[timing] (lib-load (scheme file)) 3 ms
[timing] (lib-load (scheme process-context)) 3 ms
[timing] (lib-load (scheme time)) 4 ms
[timing] (lib-load (srfi srfi-2)) 10 ms
[timing] (lib-load (srfi srfi-8)) 3 ms
[timing] (lib-load (liii base)) 27 ms
[timing] (lib-load (srfi srfi-175)) 14 ms
[timing] (lib-load (liii ascii)) 36 ms
[timing] (lib-load (srfi srfi-151)) 26 ms
[timing] (lib-load (liii error)) 4 ms
[timing] (lib-load (liii bitwise)) 53 ms
[timing] (lib-load (liii unicode)) 214 ms
[timing] (lib-load (scheme char)) 242 ms
[timing] (lib-load (scheme complex)) 4 ms
[timing] (lib-load (scheme cxr)) 4 ms
[timing] (lib-load (scheme eval)) 6 ms
[timing] mode-imports 388 ms
[timing] load-source-reader 64 ms
[timing] load-native-writer 1 ms
[timing] boot total 1125 ms
[timing] install-fork-runner 0 ms
[timing] compile-cache-lookup 1 ms
[timing] compile-read-source 0 ms
[timing] compile-expand 6 ms
[timing] (lib-load (goldfish core ir)) 52 ms
[timing] (lib-load (goldfish match expansion)) 51 ms
[timing] (lib-load (goldfish match)) 116 ms
[timing] (lib-load (goldfish compiler patterns)) 146 ms
[timing] (lib-load (goldfish compiler passes)) 82 ms
[timing] (lib-load (goldfish compiler)) 829 ms
[timing] optimize-load-compiler 829 ms
[timing] (lib-load (goldfish expander tree-il)) 27 ms
[timing] optimize-load-tree-il 27 ms
[timing] optimize-run-passes 1 ms
[timing] compile-optimize 858 ms
[timing] compile-cache-write 2 ms
[timing] user-file 867 ms
