[timing] install-primitives 0 ms
[timing] load-kernel 31 ms
[timing] load-cached-runtime 183 ms
[timing] gfo-seed 12 ms
[timing] load-install-scm 13 ms
[timing] load-install-boot 103 ms
[timing] expansion-helpers 3 ms
[timing] native-scheme-surface 47 ms
[timing] standard-library 276 ms
[timing] post-standard-collection 2 ms
[timing] (lib-load (scheme write)) 2 ms
[timing] (lib-load (scheme read)) 4 ms
[timing] (lib-load (scheme file)) 3 ms
[timing] (lib-load (scheme process-context)) 3 ms
[timing] (lib-load (scheme time)) 4 ms
[timing] (lib-load (srfi srfi-2)) 9 ms
[timing] (lib-load (srfi srfi-8)) 4 ms
[timing] (lib-load (liii base)) 24 ms
[timing] (lib-load (srfi srfi-175)) 18 ms
[timing] (lib-load (liii ascii)) 38 ms
[timing] (lib-load (srfi srfi-151)) 24 ms
[timing] (lib-load (liii error)) 8 ms
[timing] (lib-load (liii bitwise)) 56 ms
[timing] (lib-load (liii unicode)) 209 ms
[timing] (lib-load (scheme char)) 236 ms
[timing] (lib-load (scheme complex)) 4 ms
[timing] (lib-load (scheme cxr)) 3 ms
[timing] (lib-load (scheme eval)) 5 ms
[timing] mode-imports 374 ms
[timing] load-source-reader 66 ms
[timing] load-native-writer 1 ms
[timing] boot total 1118 ms
[timing] install-fork-runner 0 ms
[timing] compile-cache-lookup 0 ms
[timing] compile-read-source 0 ms
[timing] compile-expand 6 ms
[timing] (lib-load (goldfish core ir)) 51 ms
[timing] (lib-load (goldfish match expansion)) 58 ms
[timing] (lib-load (goldfish match)) 113 ms
[timing] (lib-load (goldfish compiler patterns)) 145 ms
[timing] (lib-load (goldfish compiler passes)) 84 ms
[timing] (lib-load (goldfish compiler)) 841 ms
[timing] optimize-load-compiler 841 ms
[timing] (lib-load (goldfish expander tree-il)) 25 ms
[timing] optimize-load-tree-il 25 ms
[timing] optimize-run-passes 1 ms
[timing] compile-optimize 868 ms
[timing] compile-cache-write 2 ms
[timing] user-file 876 ms
