[timing] install-primitives 0 ms
[timing] load-kernel 32 ms
native cache unavailable: native bootstrap cache not found under /tmp/bench-final/caches/cold-minimal-2/v9147a5b88ea6
[timing] load-cached-runtime 7 ms
[timing] cold-source-bootstrap 236 ms
[timing] gfo-seed 424 ms
[timing] load-install-scm 1552 ms
[timing] load-install-boot 8767 ms
[timing] expansion-helpers 6 ms
[timing] native-scheme-surface 1850 ms
[timing] standard-library 545 ms
[timing] post-standard-collection 5 ms
[timing] (lib-load (scheme base)) 1295 ms
[timing] (lib-load (scheme write)) 5 ms
[timing] (lib-load (scheme read)) 4 ms
[timing] (lib-load (scheme file)) 10 ms
[timing] (lib-load (scheme process-context)) 12 ms
[timing] (lib-load (scheme time)) 26 ms
[timing] (lib-load (srfi srfi-2)) 115 ms
[timing] (lib-load (srfi srfi-8)) 36 ms
[timing] (lib-load (liii base)) 296 ms
[timing] (lib-load (srfi srfi-175)) 556 ms
[timing] (lib-load (liii ascii)) 629 ms
[timing] (lib-load (srfi srfi-151)) 396 ms
[timing] (lib-load (liii error)) 44 ms
[timing] (lib-load (liii bitwise)) 521 ms
[timing] (lib-load (liii unicode)) 4431 ms
[timing] (lib-load (scheme char)) 4956 ms
[timing] (lib-load (scheme complex)) 19 ms
[timing] (lib-load (scheme cxr)) 10 ms
[timing] (lib-load (scheme eval)) 139 ms
[timing] (lib-load (scheme case-lambda)) 39 ms
[timing] mode-imports 6750 ms
[timing] load-source-reader 4184 ms
[timing] load-native-writer 35 ms
[timing] boot total 24399 ms
[timing] install-fork-runner 0 ms
[timing] compile-cache-lookup 0 ms
[timing] compile-read-source 0 ms
[timing] compile-expand 2 ms
[timing] (lib-load (goldfish core ir)) 1760 ms
[timing] (lib-load (goldfish match expansion)) 5065 ms
[timing] (lib-load (goldfish match)) 7577 ms
[timing] (lib-load (goldfish compiler patterns)) 8405 ms
[timing] (lib-load (goldfish compiler passes)) 4700 ms
[timing] (lib-load (goldfish compiler)) 16406 ms
[timing] optimize-load-compiler 16406 ms
[timing] (lib-load (goldfish expander tree-il)) 2283 ms
[timing] optimize-load-tree-il 2283 ms
[timing] optimize-run-passes 1 ms
[timing] compile-optimize 18691 ms
[timing] compile-cache-write 2 ms
[timing] user-file 18696 ms
