[timing] install-primitives 0 ms
[timing] load-kernel 29 ms
[timing] load-cached-runtime 185 ms
[timing] gfo-seed 12 ms
[timing] load-install-scm 14 ms
[timing] load-install-boot 106 ms
[timing] expansion-helpers 3 ms
[timing] native-scheme-surface 47 ms
[timing] standard-library 270 ms
[timing] post-standard-collection 2 ms
[timing] (lib-load (scheme write)) 2 ms
[timing] (lib-load (scheme read)) 4 ms
[timing] (lib-load (scheme file)) 3 ms
[timing] (lib-load (scheme process-context)) 3 ms
[timing] (lib-load (scheme time)) 5 ms
[timing] (lib-load (srfi srfi-2)) 9 ms
[timing] (lib-load (srfi srfi-8)) 3 ms
[timing] (lib-load (liii base)) 23 ms
[timing] (lib-load (srfi srfi-175)) 19 ms
[timing] (lib-load (liii ascii)) 38 ms
[timing] (lib-load (srfi srfi-151)) 23 ms
[timing] (lib-load (liii error)) 8 ms
[timing] (lib-load (liii bitwise)) 55 ms
[timing] (lib-load (liii unicode)) 202 ms
[timing] (lib-load (scheme char)) 230 ms
[timing] (lib-load (scheme complex)) 4 ms
[timing] (lib-load (scheme cxr)) 3 ms
[timing] (lib-load (scheme eval)) 4 ms
[timing] mode-imports 362 ms
[timing] load-source-reader 67 ms
[timing] load-native-writer 1 ms
[timing] boot total 1103 ms
[timing] install-fork-runner 0 ms
[timing] compile-cache-lookup 0 ms
[timing] compile-cache-hit 1 ms
[timing] user-file 0 ms
