[timing] install-primitives 0 ms
[timing] load-kernel 33 ms
[timing] load-cached-runtime 187 ms
[timing] gfo-seed 11 ms
[timing] load-install-scm 15 ms
[timing] load-install-boot 99 ms
[timing] expansion-helpers 2 ms
[timing] native-scheme-surface 51 ms
[timing] standard-library 271 ms
[timing] post-standard-collection 2 ms
[timing] (lib-load (scheme write)) 2 ms
[timing] (lib-load (scheme read)) 2 ms
[timing] (lib-load (scheme file)) 3 ms
[timing] (lib-load (scheme process-context)) 5 ms
[timing] (lib-load (scheme time)) 4 ms
[timing] (lib-load (srfi srfi-2)) 9 ms
[timing] (lib-load (srfi srfi-8)) 7 ms
[timing] (lib-load (liii base)) 26 ms
[timing] (lib-load (srfi srfi-175)) 14 ms
[timing] (lib-load (liii ascii)) 37 ms
[timing] (lib-load (srfi srfi-151)) 24 ms
[timing] (lib-load (liii error)) 4 ms
[timing] (lib-load (liii bitwise)) 53 ms
[timing] (lib-load (liii unicode)) 205 ms
[timing] (lib-load (scheme char)) 231 ms
[timing] (lib-load (scheme complex)) 7 ms
[timing] (lib-load (scheme cxr)) 4 ms
[timing] (lib-load (scheme eval)) 5 ms
[timing] mode-imports 368 ms
[timing] load-source-reader 70 ms
[timing] load-native-writer 2 ms
[timing] boot total 1116 ms
[timing] install-fork-runner 0 ms
[timing] compile-cache-lookup 0 ms
[timing] compile-cache-hit 0 ms
[timing] user-file 1 ms
