[timing] install-primitives 0 ms
[timing] load-kernel 37 ms
native cache unavailable: native bootstrap cache not found under /tmp/bench-final/caches/bootstrap/v9147a5b88ea6
[timing] load-cached-runtime 15 ms
[timing] cold-source-bootstrap 266 ms
[timing] gfo-seed 461 ms
[timing] load-install-scm 1716 ms
[timing] load-install-boot 9405 ms
[timing] expansion-helpers 6 ms
[timing] native-scheme-surface 1939 ms
[timing] standard-library 565 ms
[timing] post-standard-collection 5 ms
[timing] (lib-load (scheme base)) 1432 ms
[timing] (lib-load (scheme write)) 6 ms
[timing] (lib-load (scheme read)) 4 ms
[timing] (lib-load (scheme file)) 11 ms
[timing] (lib-load (scheme process-context)) 12 ms
[timing] (lib-load (scheme time)) 27 ms
[timing] (lib-load (srfi srfi-2)) 142 ms
[timing] (lib-load (srfi srfi-8)) 48 ms
[timing] (lib-load (liii base)) 361 ms
[timing] (lib-load (srfi srfi-175)) 641 ms
[timing] (lib-load (liii ascii)) 723 ms
[timing] (lib-load (srfi srfi-151)) 449 ms
[timing] (lib-load (liii error)) 47 ms
[timing] (lib-load (liii bitwise)) 590 ms
[timing] (lib-load (liii unicode)) 4956 ms
[timing] (lib-load (scheme char)) 5520 ms
[timing] (lib-load (scheme complex)) 20 ms
[timing] (lib-load (scheme cxr)) 11 ms
[timing] (lib-load (scheme eval)) 151 ms
[timing] (lib-load (scheme case-lambda)) 44 ms
[timing] mode-imports 7486 ms
[timing] load-source-reader 4354 ms
[timing] load-native-writer 35 ms
[timing] boot total 26297 ms
[timing] install-fork-runner 0 ms
[timing] compile-cache-lookup 1 ms
[timing] compile-read-source 0 ms
[timing] compile-expand 2 ms
[timing] (lib-load (goldfish core ir)) 1877 ms
[timing] (lib-load (goldfish match expansion)) 5368 ms
[timing] (lib-load (goldfish match)) 8089 ms
[timing] (lib-load (goldfish compiler patterns)) 8979 ms
[timing] (lib-load (goldfish compiler passes)) 5009 ms
[timing] (lib-load (goldfish compiler)) 17493 ms
[timing] optimize-load-compiler 17493 ms
[timing] (lib-load (goldfish expander tree-il)) 2415 ms
[timing] optimize-load-tree-il 2416 ms
[timing] optimize-run-passes 1 ms
[timing] compile-optimize 19911 ms
[timing] compile-cache-write 2 ms
[timing] user-file 19916 ms
