[timing] install-primitives 0 ms
[timing] load-kernel 31 ms
[timing] load-cached-runtime 202 ms
[timing] gfo-seed 16 ms
[timing] load-install-scm 16 ms
[timing] load-install-boot 105 ms
[timing] expansion-helpers 3 ms
[timing] native-scheme-surface 60 ms
[timing] standard-library 262 ms
[timing] post-standard-collection 2 ms
[timing] (lib-load (scheme write)) 2 ms
[timing] (lib-load (scheme read)) 2 ms
[timing] (lib-load (scheme file)) 3 ms
[timing] (lib-load (scheme process-context)) 2 ms
[timing] (lib-load (scheme time)) 12 ms
[timing] (lib-load (srfi srfi-2)) 10 ms
[timing] (lib-load (srfi srfi-8)) 3 ms
[timing] (lib-load (liii base)) 24 ms
[timing] (lib-load (srfi srfi-175)) 17 ms
[timing] (lib-load (liii ascii)) 35 ms
[timing] (lib-load (srfi srfi-151)) 25 ms
[timing] (lib-load (liii error)) 4 ms
[timing] (lib-load (liii bitwise)) 52 ms
[timing] (lib-load (liii unicode)) 202 ms
[timing] (lib-load (scheme char)) 229 ms
[timing] (lib-load (scheme complex)) 4 ms
[timing] (lib-load (scheme cxr)) 7 ms
[timing] (lib-load (scheme eval)) 5 ms
[timing] mode-imports 370 ms
[timing] load-source-reader 70 ms
[timing] load-native-writer 2 ms
[timing] boot total 1144 ms
[timing] install-fork-runner 0 ms
[timing] compile-cache-lookup 0 ms
[timing] compile-read-source 3 ms
[timing] compile-expand 156 ms
[timing] (lib-load (goldfish core ir)) 54 ms
[timing] (lib-load (goldfish match expansion)) 61 ms
[timing] (lib-load (goldfish match)) 116 ms
[timing] (lib-load (goldfish compiler patterns)) 150 ms
[timing] (lib-load (goldfish compiler passes)) 89 ms
[timing] (lib-load (goldfish compiler)) 815 ms
[timing] optimize-load-compiler 815 ms
[timing] (lib-load (goldfish expander tree-il)) 26 ms
[timing] optimize-load-tree-il 26 ms
[timing] optimize-run-passes 208 ms
[timing] compile-optimize 1051 ms
[timing] compile-cache-write 363 ms
[timing] user-file 1585 ms
