[timing] install-primitives 0 ms
[timing] load-kernel 31 ms
[timing] load-cached-runtime 185 ms
[timing] gfo-seed 11 ms
[timing] load-install-scm 15 ms
[timing] load-install-boot 100 ms
[timing] expansion-helpers 3 ms
[timing] native-scheme-surface 53 ms
[timing] standard-library 271 ms
[timing] post-standard-collection 2 ms
[timing] (lib-load (scheme write)) 2 ms
[timing] (lib-load (scheme read)) 2 ms
[timing] (lib-load (scheme file)) 3 ms
[timing] (lib-load (scheme process-context)) 3 ms
[timing] (lib-load (scheme time)) 4 ms
[timing] (lib-load (srfi srfi-2)) 11 ms
[timing] (lib-load (srfi srfi-8)) 4 ms
[timing] (lib-load (liii base)) 26 ms
[timing] (lib-load (srfi srfi-175)) 14 ms
[timing] (lib-load (liii ascii)) 33 ms
[timing] (lib-load (srfi srfi-151)) 27 ms
[timing] (lib-load (liii error)) 4 ms
[timing] (lib-load (liii bitwise)) 54 ms
[timing] (lib-load (liii unicode)) 209 ms
[timing] (lib-load (scheme char)) 241 ms
[timing] (lib-load (scheme complex)) 4 ms
[timing] (lib-load (scheme cxr)) 4 ms
[timing] (lib-load (scheme eval)) 4 ms
[timing] mode-imports 377 ms
[timing] load-source-reader 69 ms
[timing] load-native-writer 1 ms
[timing] boot total 1122 ms
[timing] install-fork-runner 0 ms
[timing] compile-cache-lookup 0 ms
[timing] compile-read-source 2 ms
[timing] compile-expand 163 ms
[timing] (lib-load (goldfish core ir)) 53 ms
[timing] (lib-load (goldfish match expansion)) 53 ms
[timing] (lib-load (goldfish match)) 116 ms
[timing] (lib-load (goldfish compiler patterns)) 153 ms
[timing] (lib-load (goldfish compiler passes)) 83 ms
[timing] (lib-load (goldfish compiler)) 821 ms
[timing] optimize-load-compiler 821 ms
[timing] (lib-load (goldfish expander tree-il)) 25 ms
[timing] optimize-load-tree-il 25 ms
[timing] optimize-run-passes 215 ms
[timing] compile-optimize 1063 ms
[timing] compile-cache-write 399 ms
[timing] user-file 1644 ms
