[timing] install-primitives 0 ms
[timing] load-kernel 30 ms
[timing] load-cached-runtime 188 ms
[timing] gfo-seed 11 ms
[timing] load-install-scm 16 ms
[timing] load-install-boot 100 ms
[timing] expansion-helpers 3 ms
[timing] native-scheme-surface 52 ms
[timing] standard-library 270 ms
[timing] post-standard-collection 2 ms
[timing] (lib-load (scheme write)) 2 ms
[timing] (lib-load (scheme read)) 2 ms
[timing] (lib-load (scheme file)) 3 ms
[timing] (lib-load (scheme process-context)) 3 ms
[timing] (lib-load (scheme time)) 4 ms
[timing] (lib-load (srfi srfi-2)) 10 ms
[timing] (lib-load (srfi srfi-8)) 4 ms
[timing] (lib-load (liii base)) 24 ms
[timing] (lib-load (srfi srfi-175)) 14 ms
[timing] (lib-load (liii ascii)) 35 ms
[timing] (lib-load (srfi srfi-151)) 27 ms
[timing] (lib-load (liii error)) 4 ms
[timing] (lib-load (liii bitwise)) 54 ms
[timing] (lib-load (liii unicode)) 212 ms
[timing] (lib-load (scheme char)) 241 ms
[timing] (lib-load (scheme complex)) 4 ms
[timing] (lib-load (scheme cxr)) 3 ms
[timing] (lib-load (scheme eval)) 5 ms
[timing] mode-imports 379 ms
[timing] load-source-reader 67 ms
[timing] load-native-writer 1 ms
[timing] boot total 1125 ms
[timing] install-fork-runner 0 ms
[timing] compile-cache-lookup 33 ms
[timing] compile-cache-hit 0 ms
[timing] user-file 45 ms
