[timing] install-primitives 0 ms
[timing] load-kernel 30 ms
[timing] load-cached-runtime 185 ms
[timing] gfo-seed 13 ms
[timing] load-install-scm 14 ms
[timing] load-install-boot 101 ms
[timing] expansion-helpers 3 ms
[timing] native-scheme-surface 49 ms
[timing] standard-library 270 ms
[timing] post-standard-collection 2 ms
[timing] (lib-load (scheme write)) 3 ms
[timing] (lib-load (scheme read)) 4 ms
[timing] (lib-load (scheme file)) 4 ms
[timing] (lib-load (scheme process-context)) 3 ms
[timing] (lib-load (scheme time)) 4 ms
[timing] (lib-load (srfi srfi-2)) 11 ms
[timing] (lib-load (srfi srfi-8)) 4 ms
[timing] (lib-load (liii base)) 26 ms
[timing] (lib-load (srfi srfi-175)) 17 ms
[timing] (lib-load (liii ascii)) 36 ms
[timing] (lib-load (srfi srfi-151)) 25 ms
[timing] (lib-load (liii error)) 7 ms
[timing] (lib-load (liii bitwise)) 54 ms
[timing] (lib-load (liii unicode)) 205 ms
[timing] (lib-load (scheme char)) 231 ms
[timing] (lib-load (scheme complex)) 4 ms
[timing] (lib-load (scheme cxr)) 3 ms
[timing] (lib-load (scheme eval)) 4 ms
[timing] mode-imports 365 ms
[timing] load-source-reader 67 ms
[timing] load-native-writer 1 ms
[timing] boot total 1106 ms
[timing] install-fork-runner 0 ms
[timing] compile-cache-lookup 0 ms
[timing] compile-read-source 6 ms
[timing] compile-expand 163 ms
[timing] (lib-load (goldfish core ir)) 52 ms
[timing] (lib-load (goldfish match expansion)) 53 ms
[timing] (lib-load (goldfish match)) 118 ms
[timing] (lib-load (goldfish compiler patterns)) 148 ms
[timing] (lib-load (goldfish compiler passes)) 82 ms
[timing] (lib-load (goldfish compiler)) 842 ms
[timing] optimize-load-compiler 842 ms
[timing] (lib-load (goldfish expander tree-il)) 24 ms
[timing] optimize-load-tree-il 25 ms
[timing] optimize-run-passes 216 ms
[timing] compile-optimize 1084 ms
[timing] compile-cache-write 404 ms
[timing] user-file 1670 ms
