[timing] install-primitives 0 ms
[timing] load-kernel 33 ms
[timing] load-cached-runtime 194 ms
[timing] gfo-seed 15 ms
[timing] load-install-scm 16 ms
[timing] load-install-boot 103 ms
[timing] expansion-helpers 3 ms
[timing] native-scheme-surface 50 ms
[timing] standard-library 277 ms
[timing] post-standard-collection 2 ms
[timing] (lib-load (scheme write)) 2 ms
[timing] (lib-load (scheme read)) 4 ms
[timing] (lib-load (scheme file)) 3 ms
[timing] (lib-load (scheme process-context)) 3 ms
[timing] (lib-load (scheme time)) 9 ms
[timing] (lib-load (srfi srfi-2)) 9 ms
[timing] (lib-load (srfi srfi-8)) 4 ms
[timing] (lib-load (liii base)) 24 ms
[timing] (lib-load (srfi srfi-175)) 19 ms
[timing] (lib-load (liii ascii)) 39 ms
[timing] (lib-load (srfi srfi-151)) 24 ms
[timing] (lib-load (liii error)) 9 ms
[timing] (lib-load (liii bitwise)) 56 ms
[timing] (lib-load (liii unicode)) 208 ms
[timing] (lib-load (scheme char)) 236 ms
[timing] (lib-load (scheme complex)) 4 ms
[timing] (lib-load (scheme cxr)) 3 ms
[timing] (lib-load (scheme eval)) 4 ms
[timing] mode-imports 373 ms
[timing] load-source-reader 75 ms
[timing] load-native-writer 1 ms
[timing] boot total 1147 ms
[timing] install-fork-runner 0 ms
[timing] compile-cache-lookup 0 ms
[timing] compile-read-source 6 ms
[timing] compile-expand 161 ms
[timing] (lib-load (goldfish core ir)) 51 ms
[timing] (lib-load (goldfish match expansion)) 52 ms
[timing] (lib-load (goldfish match)) 117 ms
[timing] (lib-load (goldfish compiler patterns)) 148 ms
[timing] (lib-load (goldfish compiler passes)) 87 ms
[timing] (lib-load (goldfish compiler)) 846 ms
[timing] optimize-load-compiler 846 ms
[timing] (lib-load (goldfish expander tree-il)) 31 ms
[timing] optimize-load-tree-il 31 ms
[timing] optimize-run-passes 217 ms
[timing] compile-optimize 1096 ms
[timing] compile-cache-write 393 ms
[timing] user-file 1668 ms
