[timing] install-primitives 0 ms
[timing] load-kernel 32 ms
[timing] load-cached-runtime 188 ms
[timing] gfo-seed 13 ms
[timing] load-install-scm 14 ms
[timing] load-install-boot 101 ms
[timing] expansion-helpers 3 ms
[timing] native-scheme-surface 51 ms
[timing] standard-library 269 ms
[timing] post-standard-collection 2 ms
[timing] (lib-load (scheme write)) 3 ms
[timing] (lib-load (scheme read)) 4 ms
[timing] (lib-load (scheme file)) 3 ms
[timing] (lib-load (scheme process-context)) 3 ms
[timing] (lib-load (scheme time)) 5 ms
[timing] (lib-load (srfi srfi-2)) 9 ms
[timing] (lib-load (srfi srfi-8)) 4 ms
[timing] (lib-load (liii base)) 23 ms
[timing] (lib-load (srfi srfi-175)) 17 ms
[timing] (lib-load (liii ascii)) 37 ms
[timing] (lib-load (srfi srfi-151)) 24 ms
[timing] (lib-load (liii error)) 8 ms
[timing] (lib-load (liii bitwise)) 54 ms
[timing] (lib-load (liii unicode)) 203 ms
[timing] (lib-load (scheme char)) 230 ms
[timing] (lib-load (scheme complex)) 4 ms
[timing] (lib-load (scheme cxr)) 4 ms
[timing] (lib-load (scheme eval)) 5 ms
[timing] mode-imports 365 ms
[timing] load-source-reader 70 ms
[timing] load-native-writer 1 ms
[timing] boot total 1116 ms
[timing] install-fork-runner 0 ms
[timing] compile-cache-lookup 35 ms
[timing] compile-cache-hit 0 ms
[timing] user-file 48 ms
