[timing] install-primitives 0 ms
[timing] load-kernel 56 ms
[timing] load-cached-runtime 325 ms
[timing] load-install-scm 2465 ms
[timing] expansion-helpers 7 ms
[timing] native-scheme-surface 2988 ms
[timing] standard-library 539 ms
[timing] load-source-reader 10214 ms
[timing] boot total 16597 ms
	Command being timed: "./bin/gf -m r7rs -e (+ 20 22)"
	User time (seconds): 16.48
	System time (seconds): 0.03
	Percent of CPU this job got: 99%
	Elapsed (wall clock) time (h:mm:ss or m:ss): 0:16.62
	Average shared text size (kbytes): 0
	Average unshared data size (kbytes): 0
	Average stack size (kbytes): 0
	Average total size (kbytes): 0
	Maximum resident set size (kbytes): 48560
	Average resident set size (kbytes): 0
	Major (requiring I/O) page faults: 4
	Minor (reclaiming a frame) page faults: 5426
	Voluntary context switches: 69
	Involuntary context switches: 2672
	Swaps: 0
	File system inputs: 7544
	File system outputs: 16
	Socket messages sent: 0
	Socket messages received: 0
	Signals delivered: 0
	Page size (bytes): 4096
	Exit status: 0
