[timing] install-primitives 0 ms
[timing] load-kernel 32 ms
[timing] load-cached-runtime 199 ms
[timing] gfo-seed 19 ms
[timing] load-install-scm 14 ms
[timing] load-install-boot 107 ms
[timing] expansion-helpers 3 ms
[timing] native-scheme-surface 50 ms
[timing] standard-library 269 ms
[timing] post-standard-collection 2 ms
[timing] (lib-load (scheme write)) 2 ms
[timing] (lib-load (scheme read)) 2 ms
[timing] (lib-load (scheme file)) 3 ms
[timing] (lib-load (scheme process-context)) 3 ms
[timing] (lib-load (scheme time)) 9 ms
[timing] (lib-load (srfi srfi-2)) 10 ms
[timing] (lib-load (srfi srfi-8)) 4 ms
[timing] (lib-load (liii base)) 25 ms
[timing] (lib-load (srfi srfi-175)) 20 ms
[timing] (lib-load (liii ascii)) 39 ms
[timing] (lib-load (srfi srfi-151)) 25 ms
[timing] (lib-load (liii error)) 8 ms
[timing] (lib-load (liii bitwise)) 57 ms
[timing] (lib-load (liii unicode)) 214 ms
[timing] (lib-load (scheme char)) 241 ms
[timing] (lib-load (scheme complex)) 4 ms
[timing] (lib-load (scheme cxr)) 3 ms
[timing] (lib-load (scheme eval)) 5 ms
[timing] mode-imports 377 ms
[timing] load-source-reader 74 ms
[timing] load-native-writer 1 ms
[timing] boot total 1152 ms
[timing] install-fork-runner 0 ms
[timing] compile-cache-lookup 1 ms
[timing] compile-read-source 159 ms
[timing] compile-expand 1874 ms
[timing] (lib-load (goldfish core ir)) 53 ms
[timing] (lib-load (goldfish match expansion)) 66 ms
[timing] (lib-load (goldfish match)) 121 ms
[timing] (lib-load (goldfish compiler patterns)) 156 ms
[timing] (lib-load (goldfish compiler passes)) 91 ms
[timing] (lib-load (goldfish compiler)) 848 ms
[timing] optimize-load-compiler 849 ms
[timing] (lib-load (goldfish expander tree-il)) 30 ms
[timing] optimize-load-tree-il 30 ms
[timing] optimize-run-passes 2645 ms
[timing] compile-optimize 3525 ms
[timing] compile-cache-write 502 ms
[timing] user-file 6316 ms
