[timing] install-primitives 0 ms
[timing] load-kernel 29 ms
[timing] load-cached-runtime 189 ms
[timing] gfo-seed 14 ms
[timing] load-install-scm 15 ms
[timing] load-install-boot 100 ms
[timing] expansion-helpers 3 ms
[timing] native-scheme-surface 49 ms
[timing] standard-library 267 ms
[timing] post-standard-collection 2 ms
[timing] (lib-load (scheme write)) 2 ms
[timing] (lib-load (scheme read)) 2 ms
[timing] (lib-load (scheme file)) 4 ms
[timing] (lib-load (scheme process-context)) 3 ms
[timing] (lib-load (scheme time)) 5 ms
[timing] (lib-load (srfi srfi-2)) 10 ms
[timing] (lib-load (srfi srfi-8)) 4 ms
[timing] (lib-load (liii base)) 24 ms
[timing] (lib-load (srfi srfi-175)) 17 ms
[timing] (lib-load (liii ascii)) 36 ms
[timing] (lib-load (srfi srfi-151)) 25 ms
[timing] (lib-load (liii error)) 8 ms
[timing] (lib-load (liii bitwise)) 55 ms
[timing] (lib-load (liii unicode)) 205 ms
[timing] (lib-load (scheme char)) 232 ms
[timing] (lib-load (scheme complex)) 4 ms
[timing] (lib-load (scheme cxr)) 3 ms
[timing] (lib-load (scheme eval)) 4 ms
[timing] mode-imports 362 ms
[timing] load-source-reader 69 ms
[timing] load-native-writer 1 ms
[timing] boot total 1104 ms
[timing] install-fork-runner 0 ms
[timing] compile-cache-lookup 222 ms
[timing] compile-cache-hit 0 ms
[timing] user-file 477 ms
