[timing] install-primitives 0 ms
[timing] load-kernel 29 ms
[timing] load-cached-runtime 198 ms
[timing] gfo-seed 22 ms
[timing] load-install-scm 14 ms
[timing] load-install-boot 107 ms
[timing] expansion-helpers 3 ms
[timing] native-scheme-surface 58 ms
[timing] standard-library 265 ms
[timing] post-standard-collection 6 ms
[timing] (lib-load (scheme write)) 3 ms
[timing] (lib-load (scheme read)) 2 ms
[timing] (lib-load (scheme file)) 4 ms
[timing] (lib-load (scheme process-context)) 4 ms
[timing] (lib-load (scheme time)) 9 ms
[timing] (lib-load (srfi srfi-2)) 10 ms
[timing] (lib-load (srfi srfi-8)) 4 ms
[timing] (lib-load (liii base)) 26 ms
[timing] (lib-load (srfi srfi-175)) 22 ms
[timing] (lib-load (liii ascii)) 45 ms
[timing] (lib-load (srfi srfi-151)) 25 ms
[timing] (lib-load (liii error)) 8 ms
[timing] (lib-load (liii bitwise)) 56 ms
[timing] (lib-load (liii unicode)) 225 ms
[timing] (lib-load (scheme char)) 251 ms
[timing] (lib-load (scheme complex)) 4 ms
[timing] (lib-load (scheme cxr)) 3 ms
[timing] (lib-load (scheme eval)) 5 ms
[timing] mode-imports 396 ms
[timing] load-source-reader 71 ms
[timing] load-native-writer 2 ms
[timing] boot total 1176 ms
[timing] install-fork-runner 0 ms
[timing] compile-cache-lookup 1 ms
[timing] compile-read-source 150 ms
[timing] compile-expand 1885 ms
[timing] (lib-load (goldfish core ir)) 59 ms
[timing] (lib-load (goldfish match expansion)) 61 ms
[timing] (lib-load (goldfish match)) 114 ms
[timing] (lib-load (goldfish compiler patterns)) 151 ms
[timing] (lib-load (goldfish compiler passes)) 97 ms
[timing] (lib-load (goldfish compiler)) 907 ms
[timing] optimize-load-compiler 907 ms
[timing] (lib-load (goldfish expander tree-il)) 31 ms
[timing] optimize-load-tree-il 31 ms
[timing] optimize-run-passes 2656 ms
[timing] compile-optimize 3596 ms
[timing] compile-cache-write 465 ms
[timing] user-file 6341 ms
