[timing] install-primitives 0 ms
[timing] load-kernel 31 ms
[timing] load-cached-runtime 203 ms
[timing] gfo-seed 19 ms
[timing] load-install-scm 17 ms
[timing] load-install-boot 110 ms
[timing] expansion-helpers 3 ms
[timing] native-scheme-surface 49 ms
[timing] standard-library 273 ms
[timing] post-standard-collection 2 ms
[timing] (lib-load (scheme write)) 2 ms
[timing] (lib-load (scheme read)) 2 ms
[timing] (lib-load (scheme file)) 3 ms
[timing] (lib-load (scheme process-context)) 3 ms
[timing] (lib-load (scheme time)) 5 ms
[timing] (lib-load (srfi srfi-2)) 10 ms
[timing] (lib-load (srfi srfi-8)) 4 ms
[timing] (lib-load (liii base)) 25 ms
[timing] (lib-load (srfi srfi-175)) 18 ms
[timing] (lib-load (liii ascii)) 38 ms
[timing] (lib-load (srfi srfi-151)) 24 ms
[timing] (lib-load (liii error)) 8 ms
[timing] (lib-load (liii bitwise)) 54 ms
[timing] (lib-load (liii unicode)) 206 ms
[timing] (lib-load (scheme char)) 234 ms
[timing] (lib-load (scheme complex)) 4 ms
[timing] (lib-load (scheme cxr)) 3 ms
[timing] (lib-load (scheme eval)) 4 ms
[timing] mode-imports 367 ms
[timing] load-source-reader 80 ms
[timing] load-native-writer 2 ms
[timing] boot total 1160 ms
[timing] install-fork-runner 0 ms
[timing] compile-cache-lookup 0 ms
[timing] compile-read-source 146 ms
[timing] compile-expand 1891 ms
[timing] (lib-load (goldfish core ir)) 54 ms
[timing] (lib-load (goldfish match expansion)) 60 ms
[timing] (lib-load (goldfish match)) 115 ms
[timing] (lib-load (goldfish compiler patterns)) 147 ms
[timing] (lib-load (goldfish compiler passes)) 96 ms
[timing] (lib-load (goldfish compiler)) 878 ms
[timing] optimize-load-compiler 878 ms
[timing] (lib-load (goldfish expander tree-il)) 30 ms
[timing] optimize-load-tree-il 31 ms
[timing] optimize-run-passes 2634 ms
[timing] compile-optimize 3544 ms
[timing] compile-cache-write 488 ms
[timing] user-file 6326 ms
