[timing] install-primitives 0 ms
[timing] load-kernel 31 ms
native cache unavailable: native bootstrap cache not found under /tmp/bench-leverc/caches/cold-large-scheme-2/v1b47d165380b
[timing] load-cached-runtime 9 ms
[timing] cold-source-bootstrap 226 ms
[timing] gfo-seed 402 ms
[timing] load-install-scm 1560 ms
[timing] load-install-boot 9170 ms
[timing] expansion-helpers 8 ms
[timing] native-scheme-surface 1927 ms
[timing] standard-library 514 ms
[timing] post-standard-collection 5 ms
[timing] (lib-load (scheme base)) 1317 ms
[timing] (lib-load (scheme write)) 5 ms
[timing] (lib-load (scheme read)) 4 ms
[timing] (lib-load (scheme file)) 10 ms
[timing] (lib-load (scheme process-context)) 12 ms
[timing] (lib-load (scheme time)) 25 ms
[timing] (lib-load (srfi srfi-2)) 122 ms
[timing] (lib-load (srfi srfi-8)) 36 ms
[timing] (lib-load (liii base)) 310 ms
[timing] (lib-load (srfi srfi-175)) 577 ms
[timing] (lib-load (liii ascii)) 652 ms
[timing] (lib-load (srfi srfi-151)) 388 ms
[timing] (lib-load (liii error)) 51 ms
[timing] (lib-load (liii bitwise)) 518 ms
[timing] (lib-load (liii unicode)) 4825 ms
[timing] (lib-load (scheme char)) 5399 ms
[timing] (lib-load (scheme complex)) 23 ms
[timing] (lib-load (scheme cxr)) 12 ms
[timing] (lib-load (scheme eval)) 165 ms
[timing] (lib-load (scheme case-lambda)) 46 ms
[timing] mode-imports 7240 ms
[timing] load-source-reader 4662 ms
[timing] load-native-writer 35 ms
[timing] boot total 25796 ms
[timing] install-fork-runner 0 ms
[timing] compile-cache-lookup 0 ms
[timing] compile-read-source 142 ms
[timing] compile-expand 1921 ms
[timing] (lib-load (goldfish core ir)) 1930 ms
[timing] (lib-load (goldfish match expansion)) 5640 ms
[timing] (lib-load (goldfish match)) 8430 ms
[timing] (lib-load (goldfish compiler patterns)) 9289 ms
[timing] (lib-load (goldfish compiler passes)) 4879 ms
[timing] (lib-load (goldfish compiler)) 17662 ms
[timing] optimize-load-compiler 17663 ms
[timing] (lib-load (goldfish expander tree-il)) 2314 ms
[timing] optimize-load-tree-il 2315 ms
[timing] optimize-run-passes 2538 ms
[timing] compile-optimize 22517 ms
[timing] compile-cache-write 989 ms
[timing] user-file 25813 ms
