[timing] install-primitives 0 ms
[timing] load-kernel 31 ms
[timing] load-cached-runtime 185 ms
[timing] gfo-seed 16 ms
[timing] load-install-scm 15 ms
[timing] load-install-boot 102 ms
[timing] expansion-helpers 4 ms
[timing] native-scheme-surface 62 ms
[timing] standard-library 264 ms
[timing] post-standard-collection 2 ms
[timing] (lib-load (scheme write)) 2 ms
[timing] (lib-load (scheme read)) 1 ms
[timing] (lib-load (scheme file)) 3 ms
[timing] (lib-load (scheme process-context)) 3 ms
[timing] (lib-load (scheme time)) 9 ms
[timing] (lib-load (srfi srfi-2)) 9 ms
[timing] (lib-load (srfi srfi-8)) 3 ms
[timing] (lib-load (liii base)) 23 ms
[timing] (lib-load (srfi srfi-175)) 19 ms
[timing] (lib-load (liii ascii)) 39 ms
[timing] (lib-load (srfi srfi-151)) 22 ms
[timing] (lib-load (liii error)) 8 ms
[timing] (lib-load (liii bitwise)) 52 ms
[timing] (lib-load (liii unicode)) 201 ms
[timing] (lib-load (scheme char)) 227 ms
[timing] (lib-load (scheme complex)) 3 ms
[timing] (lib-load (scheme cxr)) 4 ms
[timing] (lib-load (scheme eval)) 5 ms
[timing] mode-imports 359 ms
[timing] load-source-reader 73 ms
[timing] load-native-writer 1 ms
[timing] boot total 1120 ms
[timing] install-fork-runner 0 ms
[timing] compile-cache-lookup 0 ms
[timing] compile-read-source 0 ms
[timing] compile-expand 2 ms
[timing] (lib-load (goldfish core ir)) 54 ms
[timing] (lib-load (goldfish match expansion)) 51 ms
[timing] (lib-load (goldfish match)) 115 ms
[timing] (lib-load (goldfish compiler patterns)) 151 ms
[timing] (lib-load (goldfish compiler passes)) 87 ms
[timing] (lib-load (goldfish compiler)) 863 ms
[timing] optimize-load-compiler 863 ms
[timing] (lib-load (goldfish expander tree-il)) 30 ms
[timing] optimize-load-tree-il 30 ms
[timing] optimize-run-passes 1 ms
[timing] compile-optimize 895 ms
[timing] compile-cache-write 1 ms
[timing] user-file 898 ms
