[timing] install-primitives 0 ms
[timing] load-kernel 31 ms
[timing] load-cached-runtime 191 ms
[timing] gfo-seed 13 ms
[timing] load-install-scm 14 ms
[timing] load-install-boot 99 ms
[timing] expansion-helpers 3 ms
[timing] native-scheme-surface 49 ms
[timing] standard-library 265 ms
[timing] post-standard-collection 2 ms
[timing] (lib-load (scheme write)) 2 ms
[timing] (lib-load (scheme read)) 2 ms
[timing] (lib-load (scheme file)) 3 ms
[timing] (lib-load (scheme process-context)) 3 ms
[timing] (lib-load (scheme time)) 4 ms
[timing] (lib-load (srfi srfi-2)) 9 ms
[timing] (lib-load (srfi srfi-8)) 3 ms
[timing] (lib-load (liii base)) 23 ms
[timing] (lib-load (srfi srfi-175)) 17 ms
[timing] (lib-load (liii ascii)) 36 ms
[timing] (lib-load (srfi srfi-151)) 23 ms
[timing] (lib-load (liii error)) 8 ms
[timing] (lib-load (liii bitwise)) 52 ms
[timing] (lib-load (liii unicode)) 202 ms
[timing] (lib-load (scheme char)) 227 ms
[timing] (lib-load (scheme complex)) 4 ms
[timing] (lib-load (scheme cxr)) 3 ms
[timing] (lib-load (scheme eval)) 5 ms
[timing] mode-imports 357 ms
[timing] load-source-reader 66 ms
[timing] load-native-writer 1 ms
[timing] boot total 1098 ms
[timing] install-fork-runner 0 ms
[timing] compile-cache-lookup 0 ms
[timing] compile-cache-hit 1 ms
[timing] user-file 0 ms
