[timing] install-primitives 0 ms
[timing] load-kernel 29 ms
[timing] load-cached-runtime 191 ms
[timing] gfo-seed 20 ms
[timing] load-install-scm 15 ms
[timing] load-install-boot 100 ms
[timing] expansion-helpers 3 ms
[timing] native-scheme-surface 55 ms
[timing] standard-library 258 ms
[timing] post-standard-collection 1 ms
[timing] (lib-load (scheme write)) 2 ms
[timing] (lib-load (scheme read)) 5 ms
[timing] (lib-load (scheme file)) 3 ms
[timing] (lib-load (scheme process-context)) 3 ms
[timing] (lib-load (scheme time)) 4 ms
[timing] (lib-load (srfi srfi-2)) 10 ms
[timing] (lib-load (srfi srfi-8)) 4 ms
[timing] (lib-load (liii base)) 24 ms
[timing] (lib-load (srfi srfi-175)) 14 ms
[timing] (lib-load (liii ascii)) 38 ms
[timing] (lib-load (srfi srfi-151)) 27 ms
[timing] (lib-load (liii error)) 6 ms
[timing] (lib-load (liii bitwise)) 56 ms
[timing] (lib-load (liii unicode)) 210 ms
[timing] (lib-load (scheme char)) 236 ms
[timing] (lib-load (scheme complex)) 7 ms
[timing] (lib-load (scheme cxr)) 3 ms
[timing] (lib-load (scheme eval)) 4 ms
[timing] mode-imports 366 ms
[timing] load-source-reader 72 ms
[timing] load-native-writer 1 ms
[timing] boot total 1117 ms
[timing] install-fork-runner 0 ms
[timing] compile-cache-lookup 0 ms
[timing] compile-read-source 0 ms
[timing] compile-expand 2 ms
[timing] (lib-load (goldfish core ir)) 55 ms
[timing] (lib-load (goldfish match expansion)) 55 ms
[timing] (lib-load (goldfish match)) 108 ms
[timing] (lib-load (goldfish compiler patterns)) 144 ms
[timing] (lib-load (goldfish compiler passes)) 88 ms
[timing] (lib-load (goldfish compiler)) 809 ms
[timing] optimize-load-compiler 809 ms
[timing] (lib-load (goldfish expander tree-il)) 24 ms
[timing] optimize-load-tree-il 24 ms
[timing] optimize-run-passes 1 ms
[timing] compile-optimize 835 ms
[timing] compile-cache-write 0 ms
[timing] user-file 837 ms
