[timing] install-primitives 0 ms
[timing] load-kernel 29 ms
native cache unavailable: native bootstrap cache not found under /tmp/bench-leverc/caches/cold-minimal-3/v1b47d165380b
[timing] load-cached-runtime 7 ms
[timing] cold-source-bootstrap 226 ms
[timing] gfo-seed 405 ms
[timing] load-install-scm 1496 ms
[timing] load-install-boot 8477 ms
[timing] expansion-helpers 6 ms
[timing] native-scheme-surface 1752 ms
[timing] standard-library 505 ms
[timing] post-standard-collection 5 ms
[timing] (lib-load (scheme base)) 1234 ms
[timing] (lib-load (scheme write)) 5 ms
[timing] (lib-load (scheme read)) 3 ms
[timing] (lib-load (scheme file)) 9 ms
[timing] (lib-load (scheme process-context)) 11 ms
[timing] (lib-load (scheme time)) 24 ms
[timing] (lib-load (srfi srfi-2)) 108 ms
[timing] (lib-load (srfi srfi-8)) 34 ms
[timing] (lib-load (liii base)) 283 ms
[timing] (lib-load (srfi srfi-175)) 524 ms
[timing] (lib-load (liii ascii)) 591 ms
[timing] (lib-load (srfi srfi-151)) 369 ms
[timing] (lib-load (liii error)) 50 ms
[timing] (lib-load (liii bitwise)) 495 ms
[timing] (lib-load (liii unicode)) 4188 ms
[timing] (lib-load (scheme char)) 4681 ms
[timing] (lib-load (scheme complex)) 18 ms
[timing] (lib-load (scheme cxr)) 10 ms
[timing] (lib-load (scheme eval)) 130 ms
[timing] (lib-load (scheme case-lambda)) 38 ms
[timing] mode-imports 6372 ms
[timing] load-source-reader 3849 ms
[timing] load-native-writer 31 ms
[timing] boot total 23167 ms
[timing] install-fork-runner 0 ms
[timing] compile-cache-lookup 1 ms
[timing] compile-read-source 0 ms
[timing] compile-expand 2 ms
[timing] (lib-load (goldfish core ir)) 1672 ms
[timing] (lib-load (goldfish match expansion)) 4766 ms
[timing] (lib-load (goldfish match)) 7191 ms
[timing] (lib-load (goldfish compiler patterns)) 7976 ms
[timing] (lib-load (goldfish compiler passes)) 4462 ms
[timing] (lib-load (goldfish compiler)) 15566 ms
[timing] optimize-load-compiler 15566 ms
[timing] (lib-load (goldfish expander tree-il)) 2200 ms
[timing] optimize-load-tree-il 2200 ms
[timing] optimize-run-passes 1 ms
[timing] compile-optimize 17768 ms
[timing] compile-cache-write 2 ms
[timing] user-file 17773 ms
