[timing] install-primitives 0 ms
[timing] load-kernel 32 ms
[timing] load-cached-runtime 187 ms
[timing] gfo-seed 14 ms
[timing] load-install-scm 16 ms
[timing] load-install-boot 107 ms
[timing] expansion-helpers 4 ms
[timing] native-scheme-surface 51 ms
[timing] standard-library 265 ms
[timing] post-standard-collection 2 ms
[timing] (lib-load (scheme write)) 2 ms
[timing] (lib-load (scheme read)) 2 ms
[timing] (lib-load (scheme file)) 3 ms
[timing] (lib-load (scheme process-context)) 3 ms
[timing] (lib-load (scheme time)) 4 ms
[timing] (lib-load (srfi srfi-2)) 9 ms
[timing] (lib-load (srfi srfi-8)) 3 ms
[timing] (lib-load (liii base)) 22 ms
[timing] (lib-load (srfi srfi-175)) 18 ms
[timing] (lib-load (liii ascii)) 38 ms
[timing] (lib-load (srfi srfi-151)) 22 ms
[timing] (lib-load (liii error)) 7 ms
[timing] (lib-load (liii bitwise)) 50 ms
[timing] (lib-load (liii unicode)) 198 ms
[timing] (lib-load (scheme char)) 223 ms
[timing] (lib-load (scheme complex)) 4 ms
[timing] (lib-load (scheme cxr)) 3 ms
[timing] (lib-load (scheme eval)) 5 ms
[timing] mode-imports 352 ms
[timing] load-source-reader 68 ms
[timing] load-native-writer 2 ms
[timing] boot total 1105 ms
[timing] install-fork-runner 0 ms
[timing] compile-cache-lookup 1 ms
[timing] compile-read-source 0 ms
[timing] compile-expand 2 ms
[timing] (lib-load (goldfish core ir)) 45 ms
[timing] (lib-load (goldfish match expansion)) 52 ms
[timing] (lib-load (goldfish match)) 110 ms
[timing] (lib-load (goldfish compiler patterns)) 141 ms
[timing] (lib-load (goldfish compiler passes)) 81 ms
[timing] (lib-load (goldfish compiler)) 832 ms
[timing] optimize-load-compiler 832 ms
[timing] (lib-load (goldfish expander tree-il)) 24 ms
[timing] optimize-load-tree-il 25 ms
[timing] optimize-run-passes 1 ms
[timing] compile-optimize 858 ms
[timing] compile-cache-write 2 ms
[timing] user-file 863 ms
