[timing] install-primitives 0 ms
[timing] load-kernel 29 ms
[timing] load-cached-runtime 190 ms
[timing] gfo-seed 13 ms
[timing] load-install-scm 14 ms
[timing] load-install-boot 106 ms
[timing] expansion-helpers 4 ms
[timing] native-scheme-surface 52 ms
[timing] standard-library 255 ms
[timing] post-standard-collection 2 ms
[timing] (lib-load (scheme write)) 2 ms
[timing] (lib-load (scheme read)) 2 ms
[timing] (lib-load (scheme file)) 3 ms
[timing] (lib-load (scheme process-context)) 3 ms
[timing] (lib-load (scheme time)) 4 ms
[timing] (lib-load (srfi srfi-2)) 10 ms
[timing] (lib-load (srfi srfi-8)) 4 ms
[timing] (lib-load (liii base)) 25 ms
[timing] (lib-load (srfi srfi-175)) 18 ms
[timing] (lib-load (liii ascii)) 36 ms
[timing] (lib-load (srfi srfi-151)) 22 ms
[timing] (lib-load (liii error)) 8 ms
[timing] (lib-load (liii bitwise)) 52 ms
[timing] (lib-load (liii unicode)) 196 ms
[timing] (lib-load (scheme char)) 221 ms
[timing] (lib-load (scheme complex)) 4 ms
[timing] (lib-load (scheme cxr)) 3 ms
[timing] (lib-load (scheme eval)) 4 ms
[timing] mode-imports 349 ms
[timing] load-source-reader 66 ms
[timing] load-native-writer 1 ms
[timing] boot total 1086 ms
[timing] install-fork-runner 0 ms
[timing] compile-cache-lookup 0 ms
[timing] compile-read-source 1 ms
[timing] compile-expand 1 ms
[timing] (lib-load (goldfish core ir)) 53 ms
[timing] (lib-load (goldfish match expansion)) 49 ms
[timing] (lib-load (goldfish match)) 110 ms
[timing] (lib-load (goldfish compiler patterns)) 140 ms
[timing] (lib-load (goldfish compiler passes)) 82 ms
[timing] (lib-load (goldfish compiler)) 820 ms
[timing] optimize-load-compiler 820 ms
[timing] (lib-load (goldfish expander tree-il)) 24 ms
[timing] optimize-load-tree-il 24 ms
[timing] optimize-run-passes 1 ms
[timing] compile-optimize 846 ms
[timing] compile-cache-write 1 ms
[timing] user-file 849 ms
