[timing] install-primitives 0 ms
[timing] load-kernel 29 ms
[timing] load-cached-runtime 192 ms
[timing] gfo-seed 19 ms
[timing] load-install-scm 14 ms
[timing] load-install-boot 108 ms
[timing] expansion-helpers 3 ms
[timing] native-scheme-surface 55 ms
[timing] standard-library 262 ms
[timing] post-standard-collection 2 ms
[timing] (lib-load (scheme write)) 2 ms
[timing] (lib-load (scheme read)) 1 ms
[timing] (lib-load (scheme file)) 3 ms
[timing] (lib-load (scheme process-context)) 3 ms
[timing] (lib-load (scheme time)) 12 ms
[timing] (lib-load (srfi srfi-2)) 9 ms
[timing] (lib-load (srfi srfi-8)) 3 ms
[timing] (lib-load (liii base)) 22 ms
[timing] (lib-load (srfi srfi-175)) 17 ms
[timing] (lib-load (liii ascii)) 37 ms
[timing] (lib-load (srfi srfi-151)) 23 ms
[timing] (lib-load (liii error)) 8 ms
[timing] (lib-load (liii bitwise)) 51 ms
[timing] (lib-load (liii unicode)) 202 ms
[timing] (lib-load (scheme char)) 227 ms
[timing] (lib-load (scheme complex)) 3 ms
[timing] (lib-load (scheme cxr)) 3 ms
[timing] (lib-load (scheme eval)) 5 ms
[timing] mode-imports 365 ms
[timing] load-source-reader 76 ms
[timing] load-native-writer 1 ms
[timing] boot total 1133 ms
[timing] install-fork-runner 0 ms
[timing] compile-cache-lookup 0 ms
[timing] compile-read-source 0 ms
[timing] compile-expand 2 ms
[timing] (lib-load (goldfish core ir)) 54 ms
[timing] (lib-load (goldfish match expansion)) 57 ms
[timing] (lib-load (goldfish match)) 112 ms
[timing] (lib-load (goldfish compiler patterns)) 144 ms
[timing] (lib-load (goldfish compiler passes)) 86 ms
[timing] (lib-load (goldfish compiler)) 843 ms
[timing] optimize-load-compiler 843 ms
[timing] (lib-load (goldfish expander tree-il)) 28 ms
[timing] optimize-load-tree-il 28 ms
[timing] optimize-run-passes 1 ms
[timing] compile-optimize 873 ms
[timing] compile-cache-write 1 ms
[timing] user-file 876 ms
