[timing] install-primitives 0 ms
[timing] load-kernel 32 ms
native cache unavailable: native bootstrap cache not found under /tmp/bench-leverc/caches/bootstrap/v1b47d165380b
[timing] load-cached-runtime 14 ms
[timing] cold-source-bootstrap 230 ms
[timing] gfo-seed 405 ms
[timing] load-install-scm 1451 ms
[timing] load-install-boot 8348 ms
[timing] expansion-helpers 6 ms
[timing] native-scheme-surface 1692 ms
[timing] standard-library 506 ms
[timing] post-standard-collection 5 ms
[timing] (lib-load (scheme base)) 1217 ms
[timing] (lib-load (scheme write)) 5 ms
[timing] (lib-load (scheme read)) 4 ms
[timing] (lib-load (scheme file)) 8 ms
[timing] (lib-load (scheme process-context)) 10 ms
[timing] (lib-load (scheme time)) 23 ms
[timing] (lib-load (srfi srfi-2)) 109 ms
[timing] (lib-load (srfi srfi-8)) 35 ms
[timing] (lib-load (liii base)) 282 ms
[timing] (lib-load (srfi srfi-175)) 495 ms
[timing] (lib-load (liii ascii)) 562 ms
[timing] (lib-load (srfi srfi-151)) 375 ms
[timing] (lib-load (liii error)) 40 ms
[timing] (lib-load (liii bitwise)) 490 ms
[timing] (lib-load (liii unicode)) 4124 ms
[timing] (lib-load (scheme char)) 4620 ms
[timing] (lib-load (scheme complex)) 18 ms
[timing] (lib-load (scheme cxr)) 9 ms
[timing] (lib-load (scheme eval)) 131 ms
[timing] (lib-load (scheme case-lambda)) 37 ms
[timing] mode-imports 6291 ms
[timing] load-source-reader 3913 ms
[timing] load-native-writer 31 ms
[timing] boot total 22931 ms
[timing] install-fork-runner 0 ms
[timing] compile-cache-lookup 1 ms
[timing] compile-read-source 0 ms
[timing] compile-expand 2 ms
[timing] (lib-load (goldfish core ir)) 1642 ms
[timing] (lib-load (goldfish match expansion)) 4676 ms
[timing] (lib-load (goldfish match)) 6994 ms
[timing] (lib-load (goldfish compiler patterns)) 7757 ms
[timing] (lib-load (goldfish compiler passes)) 4287 ms
[timing] (lib-load (goldfish compiler)) 15119 ms
[timing] optimize-load-compiler 15119 ms
[timing] (lib-load (goldfish expander tree-il)) 2127 ms
[timing] optimize-load-tree-il 2128 ms
[timing] optimize-run-passes 1 ms
[timing] compile-optimize 17249 ms
[timing] compile-cache-write 1 ms
[timing] user-file 17253 ms
