[timing] install-primitives 0 ms
[timing] load-kernel 32 ms
[timing] load-cached-runtime 210 ms
[timing] gfo-seed 20 ms
[timing] load-install-scm 17 ms
[timing] load-install-boot 108 ms
[timing] expansion-helpers 5 ms
[timing] native-scheme-surface 59 ms
[timing] standard-library 274 ms
[timing] post-standard-collection 3 ms
[timing] (lib-load (scheme write)) 3 ms
[timing] (lib-load (scheme read)) 2 ms
[timing] (lib-load (scheme file)) 3 ms
[timing] (lib-load (scheme process-context)) 3 ms
[timing] (lib-load (scheme time)) 10 ms
[timing] (lib-load (srfi srfi-2)) 15 ms
[timing] (lib-load (srfi srfi-8)) 5 ms
[timing] (lib-load (liii base)) 34 ms
[timing] (lib-load (srfi srfi-175)) 23 ms
[timing] (lib-load (liii ascii)) 45 ms
[timing] (lib-load (srfi srfi-151)) 27 ms
[timing] (lib-load (liii error)) 15 ms
[timing] (lib-load (liii bitwise)) 66 ms
[timing] (lib-load (liii unicode)) 245 ms
[timing] (lib-load (scheme char)) 273 ms
[timing] (lib-load (scheme complex)) 4 ms
[timing] (lib-load (scheme cxr)) 3 ms
[timing] (lib-load (scheme eval)) 5 ms
[timing] mode-imports 412 ms
[timing] load-source-reader 76 ms
[timing] load-native-writer 2 ms
[timing] boot total 1223 ms
[timing] install-fork-runner 0 ms
[timing] compile-cache-lookup 1 ms
[timing] compile-read-source 7 ms
[timing] compile-expand 173 ms
[timing] (lib-load (goldfish core ir)) 65 ms
[timing] (lib-load (goldfish match expansion)) 51 ms
[timing] (lib-load (goldfish match)) 123 ms
[timing] (lib-load (goldfish compiler patterns)) 156 ms
[timing] (lib-load (goldfish compiler passes)) 90 ms
[timing] (lib-load (goldfish compiler)) 939 ms
[timing] optimize-load-compiler 939 ms
[timing] (lib-load (goldfish expander tree-il)) 29 ms
[timing] optimize-load-tree-il 30 ms
[timing] optimize-run-passes 209 ms
[timing] compile-optimize 1179 ms
[timing] compile-cache-write 403 ms
[timing] user-file 1775 ms
