[timing] install-primitives 0 ms
[timing] load-kernel 34 ms
[timing] load-cached-runtime 202 ms
[timing] gfo-seed 16 ms
[timing] load-install-scm 16 ms
[timing] load-install-boot 110 ms
[timing] expansion-helpers 3 ms
[timing] native-scheme-surface 57 ms
[timing] standard-library 278 ms
[timing] post-standard-collection 2 ms
[timing] (lib-load (scheme write)) 2 ms
[timing] (lib-load (scheme read)) 2 ms
[timing] (lib-load (scheme file)) 3 ms
[timing] (lib-load (scheme process-context)) 3 ms
[timing] (lib-load (scheme time)) 10 ms
[timing] (lib-load (srfi srfi-2)) 10 ms
[timing] (lib-load (srfi srfi-8)) 4 ms
[timing] (lib-load (liii base)) 25 ms
[timing] (lib-load (srfi srfi-175)) 19 ms
[timing] (lib-load (liii ascii)) 40 ms
[timing] (lib-load (srfi srfi-151)) 23 ms
[timing] (lib-load (liii error)) 12 ms
[timing] (lib-load (liii bitwise)) 58 ms
[timing] (lib-load (liii unicode)) 215 ms
[timing] (lib-load (scheme char)) 241 ms
[timing] (lib-load (scheme complex)) 4 ms
[timing] (lib-load (scheme cxr)) 4 ms
[timing] (lib-load (scheme eval)) 5 ms
[timing] mode-imports 377 ms
[timing] load-source-reader 78 ms
[timing] load-native-writer 2 ms
[timing] boot total 1180 ms
[timing] install-fork-runner 0 ms
[timing] compile-cache-lookup 1 ms
[timing] compile-read-source 7 ms
[timing] compile-expand 167 ms
[timing] (lib-load (goldfish core ir)) 52 ms
[timing] (lib-load (goldfish match expansion)) 62 ms
[timing] (lib-load (goldfish match)) 128 ms
[timing] (lib-load (goldfish compiler patterns)) 164 ms
[timing] (lib-load (goldfish compiler passes)) 85 ms
[timing] (lib-load (goldfish compiler)) 945 ms
[timing] optimize-load-compiler 945 ms
[timing] (lib-load (goldfish expander tree-il)) 33 ms
[timing] optimize-load-tree-il 33 ms
[timing] optimize-run-passes 223 ms
[timing] compile-optimize 1202 ms
[timing] compile-cache-write 422 ms
[timing] user-file 1811 ms
