[timing] install-primitives 0 ms
[timing] load-kernel 30 ms
[timing] load-cached-runtime 198 ms
[timing] gfo-seed 12 ms
[timing] load-install-scm 16 ms
[timing] load-install-boot 102 ms
[timing] expansion-helpers 3 ms
[timing] native-scheme-surface 52 ms
[timing] standard-library 267 ms
[timing] post-standard-collection 2 ms
[timing] (lib-load (scheme write)) 3 ms
[timing] (lib-load (scheme read)) 2 ms
[timing] (lib-load (scheme file)) 6 ms
[timing] (lib-load (scheme process-context)) 3 ms
[timing] (lib-load (scheme time)) 4 ms
[timing] (lib-load (srfi srfi-2)) 11 ms
[timing] (lib-load (srfi srfi-8)) 4 ms
[timing] (lib-load (liii base)) 26 ms
[timing] (lib-load (srfi srfi-175)) 17 ms
[timing] (lib-load (liii ascii)) 36 ms
[timing] (lib-load (srfi srfi-151)) 26 ms
[timing] (lib-load (liii error)) 5 ms
[timing] (lib-load (liii bitwise)) 59 ms
[timing] (lib-load (liii unicode)) 209 ms
[timing] (lib-load (scheme char)) 237 ms
[timing] (lib-load (scheme complex)) 4 ms
[timing] (lib-load (scheme cxr)) 3 ms
[timing] (lib-load (scheme eval)) 5 ms
[timing] mode-imports 369 ms
[timing] load-source-reader 68 ms
[timing] load-native-writer 1 ms
[timing] boot total 1126 ms
[timing] install-fork-runner 0 ms
[timing] compile-cache-lookup 0 ms
[timing] compile-read-source 2 ms
[timing] compile-expand 156 ms
[timing] (lib-load (goldfish core ir)) 57 ms
[timing] (lib-load (goldfish match expansion)) 54 ms
[timing] (lib-load (goldfish match)) 117 ms
[timing] (lib-load (goldfish compiler patterns)) 147 ms
[timing] (lib-load (goldfish compiler passes)) 89 ms
[timing] (lib-load (goldfish compiler)) 845 ms
[timing] optimize-load-compiler 845 ms
[timing] (lib-load (goldfish expander tree-il)) 23 ms
[timing] optimize-load-tree-il 23 ms
[timing] optimize-run-passes 217 ms
[timing] compile-optimize 1087 ms
[timing] compile-cache-write 406 ms
[timing] user-file 1662 ms
