[timing] install-primitives 0 ms
[timing] load-kernel 30 ms
native cache unavailable: native bootstrap cache not found under /tmp/bench-leverc/caches/cold-small-real-3/v1b47d165380b
[timing] load-cached-runtime 8 ms
[timing] cold-source-bootstrap 237 ms
[timing] gfo-seed 430 ms
[timing] load-install-scm 1568 ms
[timing] load-install-boot 8875 ms
[timing] expansion-helpers 10 ms
[timing] native-scheme-surface 1811 ms
[timing] standard-library 521 ms
[timing] post-standard-collection 7 ms
[timing] (lib-load (scheme base)) 1298 ms
[timing] (lib-load (scheme write)) 7 ms
[timing] (lib-load (scheme read)) 4 ms
[timing] (lib-load (scheme file)) 11 ms
[timing] (lib-load (scheme process-context)) 13 ms
[timing] (lib-load (scheme time)) 25 ms
[timing] (lib-load (srfi srfi-2)) 121 ms
[timing] (lib-load (srfi srfi-8)) 37 ms
[timing] (lib-load (liii base)) 313 ms
[timing] (lib-load (srfi srfi-175)) 568 ms
[timing] (lib-load (liii ascii)) 644 ms
[timing] (lib-load (srfi srfi-151)) 743 ms
[timing] (lib-load (liii error)) 90 ms
[timing] (lib-load (liii bitwise)) 1004 ms
[timing] (lib-load (liii unicode)) 8451 ms
[timing] (lib-load (scheme char)) 9122 ms
[timing] (lib-load (scheme complex)) 24 ms
[timing] (lib-load (scheme cxr)) 13 ms
[timing] (lib-load (scheme eval)) 177 ms
[timing] (lib-load (scheme case-lambda)) 49 ms
[timing] mode-imports 10962 ms
[timing] load-source-reader 4322 ms
[timing] load-native-writer 34 ms
[timing] boot total 28823 ms
[timing] install-fork-runner 0 ms
[timing] compile-cache-lookup 0 ms
[timing] compile-read-source 2 ms
[timing] compile-expand 166 ms
[timing] (lib-load (goldfish core ir)) 1814 ms
[timing] (lib-load (goldfish match expansion)) 5121 ms
[timing] (lib-load (goldfish match)) 7662 ms
[timing] (lib-load (goldfish compiler patterns)) 8502 ms
[timing] (lib-load (goldfish compiler passes)) 4659 ms
[timing] (lib-load (goldfish compiler)) 16526 ms
[timing] optimize-load-compiler 16526 ms
[timing] (lib-load (goldfish expander tree-il)) 2290 ms
[timing] optimize-load-tree-il 2290 ms
[timing] optimize-run-passes 204 ms
[timing] compile-optimize 19022 ms
[timing] compile-cache-write 388 ms
[timing] user-file 19590 ms
