[timing] install-primitives 0 ms
[timing] load-kernel 32 ms
[timing] load-cached-runtime 196 ms
[timing] gfo-seed 14 ms
[timing] load-install-scm 14 ms
[timing] load-install-boot 104 ms
[timing] expansion-helpers 5 ms
[timing] native-scheme-surface 51 ms
[timing] standard-library 275 ms
[timing] post-standard-collection 2 ms
[timing] (lib-load (scheme write)) 2 ms
[timing] (lib-load (scheme read)) 2 ms
[timing] (lib-load (scheme file)) 4 ms
[timing] (lib-load (scheme process-context)) 3 ms
[timing] (lib-load (scheme time)) 4 ms
[timing] (lib-load (srfi srfi-2)) 10 ms
[timing] (lib-load (srfi srfi-8)) 3 ms
[timing] (lib-load (liii base)) 23 ms
[timing] (lib-load (srfi srfi-175)) 18 ms
[timing] (lib-load (liii ascii)) 38 ms
[timing] (lib-load (srfi srfi-151)) 23 ms
[timing] (lib-load (liii error)) 8 ms
[timing] (lib-load (liii bitwise)) 55 ms
[timing] (lib-load (liii unicode)) 207 ms
[timing] (lib-load (scheme char)) 233 ms
[timing] (lib-load (scheme complex)) 4 ms
[timing] (lib-load (scheme cxr)) 3 ms
[timing] (lib-load (scheme eval)) 5 ms
[timing] mode-imports 369 ms
[timing] load-source-reader 70 ms
[timing] load-native-writer 1 ms
[timing] boot total 1140 ms
[timing] install-fork-runner 0 ms
[timing] compile-cache-lookup 34 ms
[timing] compile-cache-hit 0 ms
[timing] user-file 46 ms
