[timing] install-primitives 0 ms
[timing] load-kernel 33 ms
[timing] load-cached-runtime 230 ms
[timing] gfo-seed 25 ms
[timing] load-install-scm 18 ms
[timing] load-install-boot 120 ms
[timing] expansion-helpers 4 ms
[timing] native-scheme-surface 64 ms
[timing] standard-library 298 ms
[timing] post-standard-collection 3 ms
[timing] (lib-load (scheme write)) 3 ms
[timing] (lib-load (scheme read)) 2 ms
[timing] (lib-load (scheme file)) 4 ms
[timing] (lib-load (scheme process-context)) 4 ms
[timing] (lib-load (scheme time)) 5 ms
[timing] (lib-load (srfi srfi-2)) 12 ms
[timing] (lib-load (srfi srfi-8)) 4 ms
[timing] (lib-load (liii base)) 29 ms
[timing] (lib-load (srfi srfi-175)) 20 ms
[timing] (lib-load (liii ascii)) 41 ms
[timing] (lib-load (srfi srfi-151)) 25 ms
[timing] (lib-load (liii error)) 9 ms
[timing] (lib-load (liii bitwise)) 58 ms
[timing] (lib-load (liii unicode)) 236 ms
[timing] (lib-load (scheme char)) 266 ms
[timing] (lib-load (scheme complex)) 8 ms
[timing] (lib-load (scheme cxr)) 4 ms
[timing] (lib-load (scheme eval)) 6 ms
[timing] mode-imports 411 ms
[timing] load-source-reader 76 ms
[timing] load-native-writer 2 ms
[timing] boot total 1287 ms
[timing] install-fork-runner 0 ms
[timing] compile-cache-lookup 0 ms
[timing] compile-read-source 9 ms
[timing] compile-expand 171 ms
[timing] (lib-load (goldfish core ir)) 55 ms
[timing] (lib-load (goldfish match expansion)) 59 ms
[timing] (lib-load (goldfish match)) 126 ms
[timing] (lib-load (goldfish compiler patterns)) 161 ms
[timing] (lib-load (goldfish compiler passes)) 95 ms
[timing] (lib-load (goldfish compiler)) 925 ms
[timing] optimize-load-compiler 925 ms
[timing] (lib-load (goldfish expander tree-il)) 29 ms
[timing] optimize-load-tree-il 29 ms
[timing] optimize-run-passes 209 ms
[timing] compile-optimize 1165 ms
[timing] compile-cache-write 393 ms
[timing] user-file 1750 ms
