[timing] install-primitives 0 ms
[timing] load-kernel 30 ms
native cache unavailable: native bootstrap cache not found under /tmp/bench-leverc/caches/cold-small-real-1/v1b47d165380b
[timing] load-cached-runtime 8 ms
[timing] cold-source-bootstrap 239 ms
[timing] gfo-seed 477 ms
[timing] load-install-scm 1591 ms
[timing] load-install-boot 8631 ms
[timing] expansion-helpers 7 ms
[timing] native-scheme-surface 1740 ms
[timing] standard-library 508 ms
[timing] post-standard-collection 6 ms
[timing] (lib-load (scheme base)) 1255 ms
[timing] (lib-load (scheme write)) 5 ms
[timing] (lib-load (scheme read)) 4 ms
[timing] (lib-load (scheme file)) 10 ms
[timing] (lib-load (scheme process-context)) 11 ms
[timing] (lib-load (scheme time)) 24 ms
[timing] (lib-load (srfi srfi-2)) 110 ms
[timing] (lib-load (srfi srfi-8)) 35 ms
[timing] (lib-load (liii base)) 289 ms
[timing] (lib-load (srfi srfi-175)) 521 ms
[timing] (lib-load (liii ascii)) 591 ms
[timing] (lib-load (srfi srfi-151)) 381 ms
[timing] (lib-load (liii error)) 42 ms
[timing] (lib-load (liii bitwise)) 503 ms
[timing] (lib-load (liii unicode)) 4268 ms
[timing] (lib-load (scheme char)) 4767 ms
[timing] (lib-load (scheme complex)) 19 ms
[timing] (lib-load (scheme cxr)) 10 ms
[timing] (lib-load (scheme eval)) 135 ms
[timing] (lib-load (scheme case-lambda)) 40 ms
[timing] mode-imports 6497 ms
[timing] load-source-reader 4288 ms
[timing] load-native-writer 32 ms
[timing] boot total 24060 ms
[timing] install-fork-runner 0 ms
[timing] compile-cache-lookup 0 ms
[timing] compile-read-source 2 ms
[timing] compile-expand 157 ms
[timing] (lib-load (goldfish core ir)) 1720 ms
[timing] (lib-load (goldfish match expansion)) 4919 ms
[timing] (lib-load (goldfish match)) 7323 ms
[timing] (lib-load (goldfish compiler patterns)) 8125 ms
[timing] (lib-load (goldfish compiler passes)) 4525 ms
[timing] (lib-load (goldfish compiler)) 15863 ms
[timing] optimize-load-compiler 15863 ms
[timing] (lib-load (goldfish expander tree-il)) 2244 ms
[timing] optimize-load-tree-il 2244 ms
[timing] optimize-run-passes 198 ms
[timing] compile-optimize 18307 ms
[timing] compile-cache-write 384 ms
[timing] user-file 18862 ms
