[timing] install-primitives 0 ms
[timing] load-kernel 32 ms
[timing] load-cached-runtime 195 ms
[timing] gfo-seed 14 ms
[timing] load-install-scm 15 ms
[timing] load-install-boot 108 ms
[timing] expansion-helpers 4 ms
[timing] native-scheme-surface 60 ms
[timing] standard-library 284 ms
[timing] post-standard-collection 3 ms
[timing] (lib-load (scheme write)) 5 ms
[timing] (lib-load (scheme read)) 2 ms
[timing] (lib-load (scheme file)) 4 ms
[timing] (lib-load (scheme process-context)) 3 ms
[timing] (lib-load (scheme time)) 6 ms
[timing] (lib-load (srfi srfi-2)) 10 ms
[timing] (lib-load (srfi srfi-8)) 4 ms
[timing] (lib-load (liii base)) 25 ms
[timing] (lib-load (srfi srfi-175)) 26 ms
[timing] (lib-load (liii ascii)) 46 ms
[timing] (lib-load (srfi srfi-151)) 25 ms
[timing] (lib-load (liii error)) 13 ms
[timing] (lib-load (liii bitwise)) 62 ms
[timing] (lib-load (liii unicode)) 221 ms
[timing] (lib-load (scheme char)) 250 ms
[timing] (lib-load (scheme complex)) 4 ms
[timing] (lib-load (scheme cxr)) 3 ms
[timing] (lib-load (scheme eval)) 4 ms
[timing] mode-imports 388 ms
[timing] load-source-reader 81 ms
[timing] load-native-writer 2 ms
[timing] boot total 1191 ms
[timing] install-fork-runner 0 ms
[timing] compile-cache-lookup 0 ms
[timing] compile-read-source 8 ms
[timing] compile-expand 168 ms
[timing] (lib-load (goldfish core ir)) 59 ms
[timing] (lib-load (goldfish match expansion)) 61 ms
[timing] (lib-load (goldfish match)) 114 ms
[timing] (lib-load (goldfish compiler patterns)) 145 ms
[timing] (lib-load (goldfish compiler passes)) 86 ms
[timing] (lib-load (goldfish compiler)) 892 ms
[timing] optimize-load-compiler 892 ms
[timing] (lib-load (goldfish expander tree-il)) 29 ms
[timing] optimize-load-tree-il 29 ms
[timing] optimize-run-passes 225 ms
[timing] compile-optimize 1148 ms
[timing] compile-cache-write 428 ms
[timing] user-file 1764 ms
