[timing] install-primitives 0 ms
[timing] load-kernel 34 ms
[timing] load-cached-runtime 203 ms
[timing] gfo-seed 13 ms
[timing] load-install-scm 15 ms
[timing] load-install-boot 100 ms
[timing] expansion-helpers 3 ms
[timing] native-scheme-surface 50 ms
[timing] standard-library 274 ms
[timing] post-standard-collection 3 ms
[timing] (lib-load (scheme write)) 2 ms
[timing] (lib-load (scheme read)) 2 ms
[timing] (lib-load (scheme file)) 3 ms
[timing] (lib-load (scheme process-context)) 3 ms
[timing] (lib-load (scheme time)) 5 ms
[timing] (lib-load (srfi srfi-2)) 9 ms
[timing] (lib-load (srfi srfi-8)) 4 ms
[timing] (lib-load (liii base)) 23 ms
[timing] (lib-load (srfi srfi-175)) 18 ms
[timing] (lib-load (liii ascii)) 38 ms
[timing] (lib-load (srfi srfi-151)) 23 ms
[timing] (lib-load (liii error)) 9 ms
[timing] (lib-load (liii bitwise)) 54 ms
[timing] (lib-load (liii unicode)) 204 ms
[timing] (lib-load (scheme char)) 236 ms
[timing] (lib-load (scheme complex)) 4 ms
[timing] (lib-load (scheme cxr)) 4 ms
[timing] (lib-load (scheme eval)) 5 ms
[timing] mode-imports 368 ms
[timing] load-source-reader 66 ms
[timing] load-native-writer 2 ms
[timing] boot total 1135 ms
[timing] install-fork-runner 0 ms
[timing] compile-cache-lookup 229 ms
[timing] compile-cache-hit 0 ms
[timing] user-file 490 ms
